../Core/Src/main.c:88:5:main	8	static
../Core/Src/main.c:141:6:SystemClock_Config	88	static
../Core/Src/main.c:187:13:MX_ADC1_Init	56	static
../Core/Src/main.c:282:13:MX_ADC2_Init	40	static
../Core/Src/main.c:377:13:MX_SPI1_Init	8	static
../Core/Src/main.c:417:13:MX_TIM1_Init	120	static
../Core/Src/main.c:507:13:MX_USART3_UART_Init	8	static
../Core/Src/main.c:553:13:MX_DMA_Init	16	static
../Core/Src/main.c:581:13:MX_GPIO_Init	48	static
../Core/Src/main.c:662:6:Error_Handler	4	static,ignoring_inline_asm
