../Core/Src/main.c:110:5:main	8	static
../Core/Src/main.c:163:6:SystemClock_Config	88	static
../Core/Src/main.c:209:13:MX_ADC1_Init	56	static
../Core/Src/main.c:304:13:MX_ADC2_Init	104	static
../Core/Src/main.c:417:13:MX_SPI1_Init	8	static
../Core/Src/main.c:457:13:MX_TIM1_Init	120	static
../Core/Src/main.c:547:13:MX_USART3_UART_Init	8	static
../Core/Src/main.c:593:13:MX_DMA_Init	16	static
../Core/Src/main.c:621:13:MX_GPIO_Init	48	static
../Core/Src/main.c:695:6:HAL_ADCEx_InjectedConvCpltCallback	16	static
../Core/Src/main.c:715:6:Error_Handler	4	static,ignoring_inline_asm
