Archive member included to satisfy reference by file (symbol)

C:/ST/STM32CubeIDE_1.19.0/STM32CubeIDE/plugins/com.st.stm32cube.ide.mcu.externaltools.gnu-tools-for-stm32.13.3.rel1.win32_1.0.0.202411081344/tools/bin/../lib/gcc/arm-none-eabi/13.3.1/../../../../arm-none-eabi/lib/thumb/v7e-m+fp/hard\libc_nano.a(libc_a-exit.o)
                              C:/ST/STM32CubeIDE_1.19.0/STM32CubeIDE/plugins/com.st.stm32cube.ide.mcu.externaltools.gnu-tools-for-stm32.13.3.rel1.win32_1.0.0.202411081344/tools/bin/../lib/gcc/arm-none-eabi/13.3.1/../../../../arm-none-eabi/lib/thumb/v7e-m+fp/hard/crt0.o (exit)
C:/ST/STM32CubeIDE_1.19.0/STM32CubeIDE/plugins/com.st.stm32cube.ide.mcu.externaltools.gnu-tools-for-stm32.13.3.rel1.win32_1.0.0.202411081344/tools/bin/../lib/gcc/arm-none-eabi/13.3.1/../../../../arm-none-eabi/lib/thumb/v7e-m+fp/hard\libc_nano.a(libc_a-findfp.o)
                              C:/ST/STM32CubeIDE_1.19.0/STM32CubeIDE/plugins/com.st.stm32cube.ide.mcu.externaltools.gnu-tools-for-stm32.13.3.rel1.win32_1.0.0.202411081344/tools/bin/../lib/gcc/arm-none-eabi/13.3.1/../../../../arm-none-eabi/lib/thumb/v7e-m+fp/hard\libc_nano.a(libc_a-exit.o) (__stdio_exit_handler)
C:/ST/STM32CubeIDE_1.19.0/STM32CubeIDE/plugins/com.st.stm32cube.ide.mcu.externaltools.gnu-tools-for-stm32.13.3.rel1.win32_1.0.0.202411081344/tools/bin/../lib/gcc/arm-none-eabi/13.3.1/../../../../arm-none-eabi/lib/thumb/v7e-m+fp/hard\libc_nano.a(libc_a-fwalk.o)
                              C:/ST/STM32CubeIDE_1.19.0/STM32CubeIDE/plugins/com.st.stm32cube.ide.mcu.externaltools.gnu-tools-for-stm32.13.3.rel1.win32_1.0.0.202411081344/tools/bin/../lib/gcc/arm-none-eabi/13.3.1/../../../../arm-none-eabi/lib/thumb/v7e-m+fp/hard\libc_nano.a(libc_a-findfp.o) (_fwalk_sglue)
C:/ST/STM32CubeIDE_1.19.0/STM32CubeIDE/plugins/com.st.stm32cube.ide.mcu.externaltools.gnu-tools-for-stm32.13.3.rel1.win32_1.0.0.202411081344/tools/bin/../lib/gcc/arm-none-eabi/13.3.1/../../../../arm-none-eabi/lib/thumb/v7e-m+fp/hard\libc_nano.a(libc_a-stdio.o)
                              C:/ST/STM32CubeIDE_1.19.0/STM32CubeIDE/plugins/com.st.stm32cube.ide.mcu.externaltools.gnu-tools-for-stm32.13.3.rel1.win32_1.0.0.202411081344/tools/bin/../lib/gcc/arm-none-eabi/13.3.1/../../../../arm-none-eabi/lib/thumb/v7e-m+fp/hard\libc_nano.a(libc_a-findfp.o) (__sread)
C:/ST/STM32CubeIDE_1.19.0/STM32CubeIDE/plugins/com.st.stm32cube.ide.mcu.externaltools.gnu-tools-for-stm32.13.3.rel1.win32_1.0.0.202411081344/tools/bin/../lib/gcc/arm-none-eabi/13.3.1/../../../../arm-none-eabi/lib/thumb/v7e-m+fp/hard\libc_nano.a(libc_a-memset.o)
                              C:/ST/STM32CubeIDE_1.19.0/STM32CubeIDE/plugins/com.st.stm32cube.ide.mcu.externaltools.gnu-tools-for-stm32.13.3.rel1.win32_1.0.0.202411081344/tools/bin/../lib/gcc/arm-none-eabi/13.3.1/../../../../arm-none-eabi/lib/thumb/v7e-m+fp/hard/crt0.o (memset)
C:/ST/STM32CubeIDE_1.19.0/STM32CubeIDE/plugins/com.st.stm32cube.ide.mcu.externaltools.gnu-tools-for-stm32.13.3.rel1.win32_1.0.0.202411081344/tools/bin/../lib/gcc/arm-none-eabi/13.3.1/../../../../arm-none-eabi/lib/thumb/v7e-m+fp/hard\libc_nano.a(libc_a-closer.o)
                              C:/ST/STM32CubeIDE_1.19.0/STM32CubeIDE/plugins/com.st.stm32cube.ide.mcu.externaltools.gnu-tools-for-stm32.13.3.rel1.win32_1.0.0.202411081344/tools/bin/../lib/gcc/arm-none-eabi/13.3.1/../../../../arm-none-eabi/lib/thumb/v7e-m+fp/hard\libc_nano.a(libc_a-stdio.o) (_close_r)
C:/ST/STM32CubeIDE_1.19.0/STM32CubeIDE/plugins/com.st.stm32cube.ide.mcu.externaltools.gnu-tools-for-stm32.13.3.rel1.win32_1.0.0.202411081344/tools/bin/../lib/gcc/arm-none-eabi/13.3.1/../../../../arm-none-eabi/lib/thumb/v7e-m+fp/hard\libc_nano.a(libc_a-reent.o)
                              C:/ST/STM32CubeIDE_1.19.0/STM32CubeIDE/plugins/com.st.stm32cube.ide.mcu.externaltools.gnu-tools-for-stm32.13.3.rel1.win32_1.0.0.202411081344/tools/bin/../lib/gcc/arm-none-eabi/13.3.1/../../../../arm-none-eabi/lib/thumb/v7e-m+fp/hard\libc_nano.a(libc_a-closer.o) (errno)
C:/ST/STM32CubeIDE_1.19.0/STM32CubeIDE/plugins/com.st.stm32cube.ide.mcu.externaltools.gnu-tools-for-stm32.13.3.rel1.win32_1.0.0.202411081344/tools/bin/../lib/gcc/arm-none-eabi/13.3.1/../../../../arm-none-eabi/lib/thumb/v7e-m+fp/hard\libc_nano.a(libc_a-impure.o)
                              C:/ST/STM32CubeIDE_1.19.0/STM32CubeIDE/plugins/com.st.stm32cube.ide.mcu.externaltools.gnu-tools-for-stm32.13.3.rel1.win32_1.0.0.202411081344/tools/bin/../lib/gcc/arm-none-eabi/13.3.1/../../../../arm-none-eabi/lib/thumb/v7e-m+fp/hard\libc_nano.a(libc_a-reent.o) (_impure_ptr)
C:/ST/STM32CubeIDE_1.19.0/STM32CubeIDE/plugins/com.st.stm32cube.ide.mcu.externaltools.gnu-tools-for-stm32.13.3.rel1.win32_1.0.0.202411081344/tools/bin/../lib/gcc/arm-none-eabi/13.3.1/../../../../arm-none-eabi/lib/thumb/v7e-m+fp/hard\libc_nano.a(libc_a-lseekr.o)
[...]
Memory Configuration

Name             Origin             Length             Attributes
RAM              0x20000000         0x00008000         xrw
FLASH            0x08000000         0x00020000         xr
*default*        0x00000000         0xffffffff

Linker script and memory map

LOAD C:/ST/STM32CubeIDE_1.19.0/STM32CubeIDE/plugins/com.st.stm32cube.ide.mcu.externaltools.gnu-tools-for-stm32.13.3.rel1.win32_1.0.0.202411081344/tools/bin/../lib/gcc/arm-none-eabi/13.3.1/thumb/v7e-m+fp/hard/crti.o
LOAD C:/ST/STM32CubeIDE_1.19.0/STM32CubeIDE/plugins/com.st.stm32cube.ide.mcu.externaltools.gnu-tools-for-stm32.13.3.rel1.win32_1.0.0.202411081344/tools/bin/../lib/gcc/arm-none-eabi/13.3.1/thumb/v7e-m+fp/hard/crtbegin.o
LOAD C:/ST/STM32CubeIDE_1.19.0/STM32CubeIDE/plugins/com.st.stm32cube.ide.mcu.externaltools.gnu-tools-for-stm32.13.3.rel1.win32_1.0.0.202411081344/tools/bin/../lib/gcc/arm-none-eabi/13.3.1/../../../../arm-none-eabi/lib/thumb/v7e-m+fp/hard/crt0.o
LOAD ./Core/Src/app.o
LOAD ./Core/Src/main.o
LOAD ./Core/Src/stm32g4xx_hal_msp.o
LOAD ./Core/Src/stm32g4xx_it.o
LOAD ./Core/Src/syscalls.o
LOAD ./Core/Src/sysmem.o
LOAD ./Core/Src/system_stm32g4xx.o
LOAD ./Core/Src/timebase.o
LOAD ./Core/Startup/startup_stm32g431cbtx.o
LOAD ./Drivers/STM32G4xx_HAL_Driver/Src/stm32g4xx_hal.o
LOAD ./Drivers/STM32G4xx_HAL_Driver/Src/stm32g4xx_hal_adc.o
LOAD ./Drivers/STM32G4xx_HAL_Driver/Src/stm32g4xx_hal_adc_ex.o
LOAD ./Drivers/STM32G4xx_HAL_Driver/Src/stm32g4xx_hal_cortex.o
LOAD ./Drivers/STM32G4xx_HAL_Driver/Src/stm32g4xx_hal_dma.o
LOAD ./Drivers/STM32G4xx_HAL_Driver/Src/stm32g4xx_hal_dma_ex.o
LOAD ./Drivers/STM32G4xx_HAL_Driver/Src/stm32g4xx_hal_exti.o
LOAD ./Drivers/STM32G4xx_HAL_Driver/Src/stm32g4xx_hal_flash.o
LOAD ./Drivers/STM32G4xx_HAL_Driver/Src/stm32g4xx_hal_flash_ex.o
LOAD ./Drivers/STM32G4xx_HAL_Driver/Src/stm32g4xx_hal_flash_ramfunc.o
LOAD ./Drivers/STM32G4xx_HAL_Driver/Src/stm32g4xx_hal_gpio.o
LOAD ./Drivers/STM32G4xx_HAL_Driver/Src/stm32g4xx_hal_pwr.o
LOAD ./Drivers/STM32G4xx_HAL_Driver/Src/stm32g4xx_hal_pwr_ex.o
LOAD ./Drivers/STM32G4xx_HAL_Driver/Src/stm32g4xx_hal_rcc.o
LOAD ./Drivers/STM32G4xx_HAL_Driver/Src/stm32g4xx_hal_rcc_ex.o
LOAD ./Drivers/STM32G4xx_HAL_Driver/Src/stm32g4xx_hal_spi.o
LOAD ./Drivers/STM32G4xx_HAL_Driver/Src/stm32g4xx_hal_spi_ex.o
LOAD ./Drivers/STM32G4xx_HAL_Driver/Src/stm32g4xx_hal_tim.o
LOAD ./Drivers/STM32G4xx_HAL_Driver/Src/stm32g4xx_hal_tim_ex.o
LOAD ./Drivers/STM32G4xx_HAL_Driver/Src/stm32g4xx_hal_uart.o
LOAD ./Drivers/STM32G4xx_HAL_Driver/Src/stm32g4xx_hal_uart_ex.o
LOAD ./Drivers/STM32G4xx_HAL_Driver/Src/stm32g4xx_ll_adc.o
START GROUP
LOAD C:/ST/STM32CubeIDE_1.19.0/STM32CubeIDE/plugins/com.st.stm32cube.ide.mcu.externaltools.gnu-tools-for-stm32.13.3.rel1.win32_1.0.0.202411081344/tools/bin/../lib/gcc/arm-none-eabi/13.3.1/../../../../arm-none-eabi/lib/thumb/v7e-m+fp/hard\libc_nano.a
LOAD C:/ST/STM32CubeIDE_1.19.0/STM32CubeIDE/plugins/com.st.stm32cube.ide.mcu.externaltools.gnu-tools-for-stm32.13.3.rel1.win32_1.0.0.202411081344/tools/bin/../lib/gcc/arm-none-eabi/13.3.1/../../../../arm-none-eabi/lib/thumb/v7e-m+fp/hard\libm.a
END GROUP
START GROUP
LOAD C:/ST/STM32CubeIDE_1.19.0/STM32CubeIDE/plugins/com.st.stm32cube.ide.mcu.externaltools.gnu-tools-for-stm32.13.3.rel1.win32_1.0.0.202411081344/tools/bin/../lib/gcc/arm-none-eabi/13.3.1/thumb/v7e-m+fp/hard\libgcc.a
LOAD C:/ST/STM32CubeIDE_1.19.0/STM32CubeIDE/plugins/com.st.stm32cube.ide.mcu.externaltools.gnu-tools-for-stm32.13.3.rel1.win32_1.0.0.202411081344/tools/bin/../lib/gcc/arm-none-eabi/13.3.1/../../../../arm-none-eabi/lib/thumb/v7e-m+fp/hard\libc_nano.a
END GROUP
START GROUP
LOAD C:/ST/STM32CubeIDE_1.19.0/STM32CubeIDE/plugins/com.st.stm32cube.ide.mcu.externaltools.gnu-tools-for-stm32.13.3.rel1.win32_1.0.0.202411081344/tools/bin/../lib/gcc/arm-none-eabi/13.3.1/thumb/v7e-m+fp/hard\libgcc.a
LOAD C:/ST/STM32CubeIDE_1.19.0/STM32CubeIDE/plugins/com.st.stm32cube.ide.mcu.externaltools.gnu-tools-for-stm32.13.3.rel1.win32_1.0.0.202411081344/tools/bin/../lib/gcc/arm-none-eabi/13.3.1/../../../../arm-none-eabi/lib/thumb/v7e-m+fp/hard\libc_nano.a
LOAD C:/ST/STM32CubeIDE_1.19.0/STM32CubeIDE/plugins/com.st.stm32cube.ide.mcu.externaltools.gnu-tools-for-stm32.13.3.rel1.win32_1.0.0.202411081344/tools/bin/../lib/gcc/arm-none-eabi/13.3.1/../../../../arm-none-eabi/lib/thumb/v7e-m+fp/hard\libnosys.a
END GROUP
START GROUP
LOAD C:/ST/STM32CubeIDE_1.19.0/STM32CubeIDE/plugins/com.st.stm32cube.ide.mcu.externaltools.gnu-tools-for-stm32.13.3.rel1.win32_1.0.0.202411081344/tools/bin/../lib/gcc/arm-none-eabi/13.3.1/thumb/v7e-m+fp/hard\libgcc.a
LOAD C:/ST/STM32CubeIDE_1.19.0/STM32CubeIDE/plugins/com.st.stm32cube.ide.mcu.externaltools.gnu-tools-for-stm32.13.3.rel1.win32_1.0.0.202411081344/tools/bin/../lib/gcc/arm-none-eabi/13.3.1/../../../../arm-none-eabi/lib/thumb/v7e-m+fp/hard\libc_nano.a
LOAD C:/ST/STM32CubeIDE_1.19.0/STM32CubeIDE/plugins/com.st.stm32cube.ide.mcu.externaltools.gnu-tools-for-stm32.13.3.rel1.win32_1.0.0.202411081344/tools/bin/../lib/gcc/arm-none-eabi/13.3.1/../../../../arm-none-eabi/lib/thumb/v7e-m+fp/hard\libnosys.a
END GROUP
LOAD C:/ST/STM32CubeIDE_1.19.0/STM32CubeIDE/plugins/com.st.stm32cube.ide.mcu.externaltools.gnu-tools-for-stm32.13.3.rel1.win32_1.0.0.202411081344/tools/bin/../lib/gcc/arm-none-eabi/13.3.1/thumb/v7e-m+fp/hard/crtend.o
LOAD C:/ST/STM32CubeIDE_1.19.0/STM32CubeIDE/plugins/com.st.stm32cube.ide.mcu.externaltools.gnu-tools-for-stm32.13.3.rel1.win32_1.0.0.202411081344/tools/bin/../lib/gcc/arm-none-eabi/13.3.1/thumb/v7e-m+fp/hard/crtn.o
                0x20008000                        _estack = (ORIGIN (RAM) + LENGTH (RAM))
                0x00000200                        _Min_Heap_Size = 0x200
                0x00000400                        _Min_Stack_Size = 0x400

.isr_vector     0x08000000      0x1d8
                0x08000000                        . = ALIGN (0x4)
 *(.isr_vector)
 .isr_vector    0x08000000      0x1d8 ./Core/Startup/startup_stm32g431cbtx.o
                0x08000000                g_pfnVectors
                0x080001d8                        . = ALIGN (0x4)

.text           0x080001d8     0x7e74
                0x080001d8                        . = ALIGN (0x4)
 *(.text)
 .text          0x080001d8       0x40 C:/ST/STM32CubeIDE_1.19.0/STM32CubeIDE/plugins/com.st.stm32cube.ide.mcu.externaltools.gnu-tools-for-stm32.13.3.rel1.win32_1.0.0.202411081344/tools/bin/../lib/gcc/arm-none-eabi/13.3.1/thumb/v7e-m+fp/hard/crtbegin.o
 .text          0x08000218       0x30 C:/ST/STM32CubeIDE_1.19.0/STM32CubeIDE/plugins/com.st.stm32cube.ide.mcu.externaltools.gnu-tools-for-stm32.13.3.rel1.win32_1.0.0.202411081344/tools/bin/../lib/gcc/arm-none-eabi/13.3.1/thumb/v7e-m+fp/hard\libgcc.a(_aeabi_uldivmod.o)
                0x08000218                __aeabi_uldivmod
 .text          0x08000248      0x2f8 C:/ST/STM32CubeIDE_1.19.0/STM32CubeIDE/plugins/com.st.stm32cube.ide.mcu.externaltools.gnu-tools-for-stm32.13.3.rel1.win32_1.0.0.202411081344/tools/bin/../lib/gcc/arm-none-eabi/13.3.1/thumb/v7e-m+fp/hard\libgcc.a(_udivmoddi4.o)
                0x08000248                __udivmoddi4
 .text          0x08000540        0x4 C:/ST/STM32CubeIDE_1.19.0/STM32CubeIDE/plugins/com.st.stm32cube.ide.mcu.externaltools.gnu-tools-for-stm32.13.3.rel1.win32_1.0.0.202411081344/tools/bin/../lib/gcc/arm-none-eabi/13.3.1/thumb/v7e-m+fp/hard\libgcc.a(_dvmd_tls.o)
                0x08000540                __aeabi_idiv0
                0x08000540                __aeabi_ldiv0
 *(.text*)
 .text.App_Setup
                0x08000544       0xb8 ./Core/Src/app.o
                0x08000544                App_Setup
 .text.App_Main_Loop
                0x080005fc       0x58 ./Core/Src/app.o
                0x080005fc                App_Main_Loop
 .text.main     0x08000654       0x32 ./Core/Src/main.o
                0x08000654                main
 .text.SystemClock_Config
                0x08000686       0x92 ./Core/Src/main.o
                0x08000686                SystemClock_Config
 .text.MX_ADC1_Init
                0x08000718      0x158 ./Core/Src/main.o
 .text.MX_ADC2_Init
                0x08000870      0x154 ./Core/Src/main.o
 .text.MX_SPI1_Init
                0x080009c4       0x7c ./Core/Src/main.o
 .text.MX_TIM1_Init
                0x08000a40      0x194 ./Core/Src/main.o
 .text.MX_USART3_UART_Init
                0x08000bd4       0x98 ./Core/Src/main.o
 .text.MX_DMA_Init
                0x08000c6c       0x84 ./Core/Src/main.o
 .text.MX_GPIO_Init
                0x08000cf0      0x17c ./Core/Src/main.o
 .text.Error_Handler
                0x08000e6c        0xc ./Core/Src/main.o
                0x08000e6c                Error_Handler
 .text.HAL_MspInit
                0x08000e78       0x48 ./Core/Src/stm32g4xx_hal_msp.o
                0x08000e78                HAL_MspInit
 .text.HAL_ADC_MspInit
                0x08000ec0      0x274 ./Core/Src/stm32g4xx_hal_msp.o
                0x08000ec0                HAL_ADC_MspInit
 .text.HAL_SPI_MspInit
                0x08001134       0x88 ./Core/Src/stm32g4xx_hal_msp.o
                0x08001134                HAL_SPI_MspInit
 .text.HAL_TIM_Base_MspInit
                0x080011bc       0x40 ./Core/Src/stm32g4xx_hal_msp.o
                0x080011bc                HAL_TIM_Base_MspInit
 .text.HAL_TIM_MspPostInit
                0x080011fc       0xd0 ./Core/Src/stm32g4xx_hal_msp.o
                0x080011fc                HAL_TIM_MspPostInit
 .text.HAL_UART_MspInit
                0x080012cc      0x17c ./Core/Src/stm32g4xx_hal_msp.o
                0x080012cc                HAL_UART_MspInit
 .text.NMI_Handler
                0x08001448        0x8 ./Core/Src/stm32g4xx_it.o
                0x08001448                NMI_Handler
 .text.HardFault_Handler
                0x08001450        0x8 ./Core/Src/stm32g4xx_it.o
                0x08001450                HardFault_Handler
 .text.MemManage_Handler
                0x08001458        0x8 ./Core/Src/stm32g4xx_it.o
                0x08001458                MemManage_Handler
 .text.BusFault_Handler
                0x08001460        0x8 ./Core/Src/stm32g4xx_it.o
                0x08001460                BusFault_Handler
 .text.UsageFault_Handler
                0x08001468        0x8 ./Core/Src/stm32g4xx_it.o
                0x08001468                UsageFault_Handler
 .text.SVC_Handler
                0x08001470        0xe ./Core/Src/stm32g4xx_it.o
                0x08001470                SVC_Handler
 .text.DebugMon_Handler
                0x0800147e        0xe ./Core/Src/stm32g4xx_it.o
                0x0800147e                DebugMon_Handler
 .text.PendSV_Handler
                0x0800148c        0xe ./Core/Src/stm32g4xx_it.o
                0x0800148c                PendSV_Handler
 .text.SysTick_Handler
                0x0800149a        0xc ./Core/Src/stm32g4xx_it.o
                0x0800149a                SysTick_Handler
 *fill*         0x080014a6        0x2 
 .text.DMA1_Channel1_IRQHandler
                0x080014a8       0x14 ./Core/Src/stm32g4xx_it.o
                0x080014a8                DMA1_Channel1_IRQHandler
 .text.DMA1_Channel2_IRQHandler
                0x080014bc       0x14 ./Core/Src/stm32g4xx_it.o
                0x080014bc                DMA1_Channel2_IRQHandler
 .text.DMA1_Channel3_IRQHandler
                0x080014d0       0x14 ./Core/Src/stm32g4xx_it.o
                0x080014d0                DMA1_Channel3_IRQHandler
 .text.DMA1_Channel4_IRQHandler
                0x080014e4       0x14 ./Core/Src/stm32g4xx_it.o
                0x080014e4                DMA1_Channel4_IRQHandler
 .text.USART3_IRQHandler
                0x080014f8       0x14 ./Core/Src/stm32g4xx_it.o
                0x080014f8                USART3_IRQHandler
 .text.SystemInit
                0x0800150c       0x24 ./Core/Src/system_stm32g4xx.o
                0x0800150c                SystemInit
 .text.Timebase_Struct_Init
                0x08001530      0x1b0 ./Core/Src/timebase.o
                0x08001530                Timebase_Struct_Init
 .text.Timebase_Timer_Enable
                0x080016e0       0xa8 ./Core/Src/timebase.o
                0x080016e0                Timebase_Timer_Enable
 .text.Timebase_Atomic_Operation_Start
                0x08001788       0x12 ./Core/Src/timebase.o
                0x08001788                Timebase_Atomic_Operation_Start
 .text.Timebase_Atomic_Operation_End
                0x0800179a       0x12 ./Core/Src/timebase.o
                0x0800179a                Timebase_Atomic_Operation_End
 .text.TIM1_TRG_COM_TIM17_IRQHandler
                0x080017ac       0x14 ./Core/Src/timebase.o
                0x080017ac                TIM1_TRG_COM_TIM17_IRQHandler
 .text.HAL_TIM_PeriodElapsedCallback
                0x080017c0       0x24 ./Core/Src/timebase.o
                0x080017c0                HAL_TIM_PeriodElapsedCallback
 .text.Timebase_Timer_Get_SubSeconds
                0x080017e4       0x1c ./Core/Src/timebase.o
                0x080017e4                Timebase_Timer_Get_SubSeconds
 .text.Timebase_Timer_Get_Seconds
                0x08001800       0x18 ./Core/Src/timebase.o
                0x08001800                Timebase_Timer_Get_Seconds
 .text.Timebase_Timer_Sync_With_Shadow_Variables
                0x08001818       0x48 ./Core/Src/timebase.o
                0x08001818                Timebase_Timer_Sync_With_Shadow_Variables
 .text.Timebase_DownCounter_SS_Get_Status
                0x08001860       0x34 ./Core/Src/timebase.o
                0x08001860                Timebase_DownCounter_SS_Get_Status
 .text.Timebase_DownCounter_SS_Set_Status
                0x08001894       0x44 ./Core/Src/timebase.o
                0x08001894                Timebase_DownCounter_SS_Set_Status
 .text.Timebase_DownCounter_SS_Get_Value
                0x080018d8       0x30 ./Core/Src/timebase.o
                0x080018d8                Timebase_DownCounter_SS_Get_Value
 .text.Timebase_DownCounter_SS_Set_Value
                0x08001908       0x34 ./Core/Src/timebase.o
                0x08001908                Timebase_DownCounter_SS_Set_Value
 .text.Timebase_DownCounter_SS_Get_EndValueSec
                0x0800193c       0x30 ./Core/Src/timebase.o
                0x0800193c                Timebase_DownCounter_SS_Get_EndValueSec
 .text.Timebase_DownCounter_SS_Get_EndValueSubSec
                0x0800196c       0x30 ./Core/Src/timebase.o
                0x0800196c                Timebase_DownCounter_SS_Get_EndValueSubSec
 .text.Timebase_DownCounter_SS_Set_EndValueSec
                0x0800199c       0x34 ./Core/Src/timebase.o
                0x0800199c                Timebase_DownCounter_SS_Set_EndValueSec
 .text.Timebase_DownCounter_SS_Set_EndValueSubSec
                0x080019d0       0x34 ./Core/Src/timebase.o
                0x080019d0                Timebase_DownCounter_SS_Set_EndValueSubSec
 .text.Timebase_DownCounter_SS_Clear_Period_Flag
                0x08001a04       0x38 ./Core/Src/timebase.o
                0x08001a04                Timebase_DownCounter_SS_Clear_Period_Flag
 .text.Timebase_DownCounter_SS_Get_ReloadValue
                0x08001a3c       0x30 ./Core/Src/timebase.o
                0x08001a3c                Timebase_DownCounter_SS_Get_ReloadValue
 .text.Timebase_DownCounter_SS_Set_ReloadValue
                0x08001a6c       0x34 ./Core/Src/timebase.o
                0x08001a6c                Timebase_DownCounter_SS_Set_ReloadValue
 .text.Timebase_DownCounter_SS_Reset
                0x08001aa0       0x4c ./Core/Src/timebase.o
                0x08001aa0                Timebase_DownCounter_SS_Reset
 .text.Timebase_DownCounter_SS_Clear_All_Flags
                0x08001aec       0x1a ./Core/Src/timebase.o
                0x08001aec                Timebase_DownCounter_SS_Clear_All_Flags
 .text.Timebase_DownCounter_SS_Start
                0x08001b06       0x2a ./Core/Src/timebase.o
                0x08001b06                Timebase_DownCounter_SS_Start
 .text.Timebase_DownCounter_SS_Set_Securely
                0x08001b30       0xcc ./Core/Src/timebase.o
                0x08001b30                Timebase_DownCounter_SS_Set_Securely
 .text.Timebase_DownCounter_SS_Update
                0x08001bfc      0x11c ./Core/Src/timebase.o
                0x08001bfc                Timebase_DownCounter_SS_Update
 .text.Timebase_DownCounter_SS_Continuous_Expired_Event
                0x08001d18       0x42 ./Core/Src/timebase.o
                0x08001d18                Timebase_DownCounter_SS_Continuous_Expired_Event
 .text.Timebase_DownCounter_SS_Update_All
                0x08001d5a       0x2a ./Core/Src/timebase.o
                0x08001d5a                Timebase_DownCounter_SS_Update_All
 .text.Timebase_DownCounter_SS_Reset_All
                0x08001d84       0x2a ./Core/Src/timebase.o
                0x08001d84                Timebase_DownCounter_SS_Reset_All
 *fill*         0x08001dae        0x2 
 .text.Timebase_DownCounter_Get_Status
                0x08001db0       0x38 ./Core/Src/timebase.o
                0x08001db0                Timebase_DownCounter_Get_Status
 .text.Timebase_DownCounter_Set_Status
                0x08001de8       0x44 ./Core/Src/timebase.o
                0x08001de8                Timebase_DownCounter_Set_Status
 .text.Timebase_DownCounter_Get_Value
                0x08001e2c       0x30 ./Core/Src/timebase.o
                0x08001e2c                Timebase_DownCounter_Get_Value
 .text.Timebase_DownCounter_Set_Value
                0x08001e5c       0x34 ./Core/Src/timebase.o
                0x08001e5c                Timebase_DownCounter_Set_Value
 .text.Timebase_DownCounter_Get_EndValue
                0x08001e90       0x30 ./Core/Src/timebase.o
                0x08001e90                Timebase_DownCounter_Get_EndValue
 .text.Timebase_DownCounter_Set_EndValue
                0x08001ec0       0x34 ./Core/Src/timebase.o
                0x08001ec0                Timebase_DownCounter_Set_EndValue
 .text.Timebase_DownCounter_Clear_Period_Flag
                0x08001ef4       0x38 ./Core/Src/timebase.o
                0x08001ef4                Timebase_DownCounter_Clear_Period_Flag
 .text.Timebase_DownCounter_Get_ReloadValue
                0x08001f2c       0x30 ./Core/Src/timebase.o
                0x08001f2c                Timebase_DownCounter_Get_ReloadValue
 .text.Timebase_DownCounter_Set_ReloadValue
                0x08001f5c       0x34 ./Core/Src/timebase.o
                0x08001f5c                Timebase_DownCounter_Set_ReloadValue
 .text.Timebase_DownCounter_Reset
                0x08001f90       0x42 ./Core/Src/timebase.o
                0x08001f90                Timebase_DownCounter_Reset
 .text.Timebase_DownCounter_Update
                0x08001fd2       0x9c ./Core/Src/timebase.o
                0x08001fd2                Timebase_DownCounter_Update
 .text.Timebase_DownCounter_Update_All
                0x0800206e       0x2a ./Core/Src/timebase.o
                0x0800206e                Timebase_DownCounter_Update_All
 .text.Timebase_DownCounter_Reset_All
                0x08002098       0x2a ./Core/Src/timebase.o
                0x08002098                Timebase_DownCounter_Reset_All
 .text.Timebase_Reset
                0x080020c2       0x10 ./Core/Src/timebase.o
                0x080020c2                Timebase_Reset
 .text.Timebase_Init
                0x080020d2       0x22 ./Core/Src/timebase.o
                0x080020d2                Timebase_Init
 .text.Timebase_Main_Loop_Executables
                0x080020f4       0x7c ./Core/Src/timebase.o
                0x080020f4                Timebase_Main_Loop_Executables
 .text.Timebase_ISR_Executables
                0x08002170       0x80 ./Core/Src/timebase.o
                0x08002170                Timebase_ISR_Executables
 .text.Reset_Handler
                0x080021f0       0x50 ./Core/Startup/startup_stm32g431cbtx.o
                0x080021f0                Reset_Handler
 .text.Default_Handler
                0x08002240        0x2 ./Core/Startup/startup_stm32g431cbtx.o
                0x08002240                RTC_Alarm_IRQHandler
                0x08002240                EXTI2_IRQHandler
                0x08002240                TIM8_TRG_COM_IRQHandler
                0x08002240                TIM8_CC_IRQHandler
                0x08002240                TIM1_CC_IRQHandler
                0x08002240                USB_HP_IRQHandler
                0x08002240                CORDIC_IRQHandler
                0x08002240                EXTI3_IRQHandler
                0x08002240                I2C3_ER_IRQHandler
                0x08002240                EXTI0_IRQHandler
                0x08002240                I2C2_EV_IRQHandler
                0x08002240                FPU_IRQHandler
                0x08002240                FDCAN1_IT1_IRQHandler
                0x08002240                TIM1_UP_TIM16_IRQHandler
                0x08002240                ADC1_2_IRQHandler
                0x08002240                SPI1_IRQHandler
                0x08002240                TIM6_DAC_IRQHandler
                0x08002240                TIM8_UP_IRQHandler
                0x08002240                DMA2_Channel2_IRQHandler
                0x08002240                TIM4_IRQHandler
                0x08002240                DMA2_Channel1_IRQHandler
                0x08002240                I2C1_EV_IRQHandler
                0x08002240                DMA1_Channel6_IRQHandler
                0x08002240                UART4_IRQHandler
                0x08002240                DMA2_Channel4_IRQHandler
                0x08002240                TIM3_IRQHandler
                0x08002240                RCC_IRQHandler
                0x08002240                Default_Handler
                0x08002240                RTC_TAMP_LSECSS_IRQHandler
                0x08002240                FMAC_IRQHandler
                0x08002240                EXTI15_10_IRQHandler
                0x08002240                TIM7_IRQHandler
                0x08002240                UCPD1_IRQHandler
                0x08002240                I2C3_EV_IRQHandler
                0x08002240                EXTI9_5_IRQHandler
                0x08002240                RTC_WKUP_IRQHandler
                0x08002240                PVD_PVM_IRQHandler
                0x08002240                SPI2_IRQHandler
                0x08002240                DMA2_Channel5_IRQHandler
                0x08002240                CRS_IRQHandler
                0x08002240                DMA1_Channel5_IRQHandler
                0x08002240                USB_LP_IRQHandler
                0x08002240                EXTI4_IRQHandler
                0x08002240                RNG_IRQHandler
                0x08002240                WWDG_IRQHandler
                0x08002240                LPUART1_IRQHandler
                0x08002240                DMA2_Channel6_IRQHandler
                0x08002240                FDCAN1_IT0_IRQHandler
                0x08002240                TIM2_IRQHandler
                0x08002240                COMP1_2_3_IRQHandler
                0x08002240                EXTI1_IRQHandler
                0x08002240                USART2_IRQHandler
                0x08002240                I2C2_ER_IRQHandler
                0x08002240                TIM8_BRK_IRQHandler
                0x08002240                FLASH_IRQHandler
                0x08002240                USART1_IRQHandler
                0x08002240                SPI3_IRQHandler
                0x08002240                I2C1_ER_IRQHandler
                0x08002240                LPTIM1_IRQHandler
                0x08002240                DMAMUX_OVR_IRQHandler
                0x08002240                USBWakeUp_IRQHandler
                0x08002240                SAI1_IRQHandler
                0x08002240                DMA2_Channel3_IRQHandler
                0x08002240                COMP4_IRQHandler
                0x08002240                TIM1_BRK_TIM15_IRQHandler
 .text.HAL_Init
                0x08002242       0x30 ./Drivers/STM32G4xx_HAL_Driver/Src/stm32g4xx_hal.o
                0x08002242                HAL_Init
 *fill*         0x08002272        0x2 
 .text.HAL_InitTick
                0x08002274       0x74 ./Drivers/STM32G4xx_HAL_Driver/Src/stm32g4xx_hal.o
                0x08002274                HAL_InitTick
 .text.HAL_IncTick
                0x080022e8       0x24 ./Drivers/STM32G4xx_HAL_Driver/Src/stm32g4xx_hal.o
                0x080022e8                HAL_IncTick
 .text.HAL_GetTick
                0x0800230c       0x18 ./Drivers/STM32G4xx_HAL_Driver/Src/stm32g4xx_hal.o
                0x0800230c                HAL_GetTick
 .text.LL_ADC_SetCommonClock
                0x08002324       0x26 ./Drivers/STM32G4xx_HAL_Driver/Src/stm32g4xx_hal_adc.o
 .text.LL_ADC_SetCommonPathInternalCh
                0x0800234a       0x26 ./Drivers/STM32G4xx_HAL_Driver/Src/stm32g4xx_hal_adc.o
 .text.LL_ADC_GetCommonPathInternalCh
                0x08002370       0x1c ./Drivers/STM32G4xx_HAL_Driver/Src/stm32g4xx_hal_adc.o
 .text.LL_ADC_SetOffset
                0x0800238c       0x48 ./Drivers/STM32G4xx_HAL_Driver/Src/stm32g4xx_hal_adc.o
 .text.LL_ADC_GetOffsetChannel
                0x080023d4       0x2c ./Drivers/STM32G4xx_HAL_Driver/Src/stm32g4xx_hal_adc.o
 .text.LL_ADC_SetOffsetState
                0x08002400       0x36 ./Drivers/STM32G4xx_HAL_Driver/Src/stm32g4xx_hal_adc.o
 .text.LL_ADC_SetOffsetSign
                0x08002436       0x36 ./Drivers/STM32G4xx_HAL_Driver/Src/stm32g4xx_hal_adc.o
 .text.LL_ADC_SetOffsetSaturation
                0x0800246c       0x36 ./Drivers/STM32G4xx_HAL_Driver/Src/stm32g4xx_hal_adc.o
 .text.LL_ADC_SetSamplingTimeCommonConfig
                0x080024a2       0x26 ./Drivers/STM32G4xx_HAL_Driver/Src/stm32g4xx_hal_adc.o
 .text.LL_ADC_REG_SetSequencerRanks
                0x080024c8       0x58 ./Drivers/STM32G4xx_HAL_Driver/Src/stm32g4xx_hal_adc.o
 .text.LL_ADC_SetChannelSamplingTime
                0x08002520       0x56 ./Drivers/STM32G4xx_HAL_Driver/Src/stm32g4xx_hal_adc.o
 *fill*         0x08002576        0x2 
 .text.LL_ADC_SetChannelSingleDiff
                0x08002578       0x48 ./Drivers/STM32G4xx_HAL_Driver/Src/stm32g4xx_hal_adc.o
 .text.LL_ADC_DisableDeepPowerDown
                0x080025c0       0x24 ./Drivers/STM32G4xx_HAL_Driver/Src/stm32g4xx_hal_adc.o
 .text.LL_ADC_IsDeepPowerDownEnabled
                0x080025e4       0x28 ./Drivers/STM32G4xx_HAL_Driver/Src/stm32g4xx_hal_adc.o
 .text.LL_ADC_EnableInternalRegulator
                0x0800260c       0x28 ./Drivers/STM32G4xx_HAL_Driver/Src/stm32g4xx_hal_adc.o
 .text.LL_ADC_IsInternalRegulatorEnabled
                0x08002634       0x28 ./Drivers/STM32G4xx_HAL_Driver/Src/stm32g4xx_hal_adc.o
 .text.LL_ADC_IsEnabled
                0x0800265c       0x26 ./Drivers/STM32G4xx_HAL_Driver/Src/stm32g4xx_hal_adc.o
 .text.LL_ADC_REG_IsConversionOngoing
                0x08002682       0x26 ./Drivers/STM32G4xx_HAL_Driver/Src/stm32g4xx_hal_adc.o
 .text.LL_ADC_INJ_IsConversionOngoing
                0x080026a8       0x26 ./Drivers/STM32G4xx_HAL_Driver/Src/stm32g4xx_hal_adc.o
 *fill*         0x080026ce        0x2 
 .text.HAL_ADC_Init
                0x080026d0      0x308 ./Drivers/STM32G4xx_HAL_Driver/Src/stm32g4xx_hal_adc.o
                0x080026d0                HAL_ADC_Init
 .text.HAL_ADC_ConfigChannel
                0x080029d8      0x7e0 ./Drivers/STM32G4xx_HAL_Driver/Src/stm32g4xx_hal_adc.o
                0x080029d8                HAL_ADC_ConfigChannel
 .text.LL_ADC_IsEnabled
                0x080031b8       0x26 ./Drivers/STM32G4xx_HAL_Driver/Src/stm32g4xx_hal_adc_ex.o
 .text.LL_ADC_REG_IsConversionOngoing
                0x080031de       0x26 ./Drivers/STM32G4xx_HAL_Driver/Src/stm32g4xx_hal_adc_ex.o
 .text.HAL_ADCEx_MultiModeConfigChannel
                0x08003204      0x148 ./Drivers/STM32G4xx_HAL_Driver/Src/stm32g4xx_hal_adc_ex.o
                0x08003204                HAL_ADCEx_MultiModeConfigChannel
 .text.__NVIC_SetPriorityGrouping
                0x0800334c       0x48 ./Drivers/STM32G4xx_HAL_Driver/Src/stm32g4xx_hal_cortex.o
 .text.__NVIC_GetPriorityGrouping
                0x08003394       0x1c ./Drivers/STM32G4xx_HAL_Driver/Src/stm32g4xx_hal_cortex.o
 .text.__NVIC_EnableIRQ
                0x080033b0       0x3c ./Drivers/STM32G4xx_HAL_Driver/Src/stm32g4xx_hal_cortex.o
 .text.__NVIC_SetPriority
                0x080033ec       0x54 ./Drivers/STM32G4xx_HAL_Driver/Src/stm32g4xx_hal_cortex.o
 .text.NVIC_EncodePriority
                0x08003440       0x66 ./Drivers/STM32G4xx_HAL_Driver/Src/stm32g4xx_hal_cortex.o
 *fill*         0x080034a6        0x2 
 .text.SysTick_Config
                0x080034a8       0x44 ./Drivers/STM32G4xx_HAL_Driver/Src/stm32g4xx_hal_cortex.o
 .text.HAL_NVIC_SetPriorityGrouping
                0x080034ec       0x16 ./Drivers/STM32G4xx_HAL_Driver/Src/stm32g4xx_hal_cortex.o
                0x080034ec                HAL_NVIC_SetPriorityGrouping
 .text.HAL_NVIC_SetPriority
                0x08003502       0x34 ./Drivers/STM32G4xx_HAL_Driver/Src/stm32g4xx_hal_cortex.o
                0x08003502                HAL_NVIC_SetPriority
 .text.HAL_NVIC_EnableIRQ
                0x08003536       0x1c ./Drivers/STM32G4xx_HAL_Driver/Src/stm32g4xx_hal_cortex.o
                0x08003536                HAL_NVIC_EnableIRQ
 .text.HAL_SYSTICK_Config
                0x08003552       0x18 ./Drivers/STM32G4xx_HAL_Driver/Src/stm32g4xx_hal_cortex.o
                0x08003552                HAL_SYSTICK_Config
 *fill*         0x0800356a        0x2 
 .text.HAL_DMA_Init
                0x0800356c      0x150 ./Drivers/STM32G4xx_HAL_Driver/Src/stm32g4xx_hal_dma.o
                0x0800356c                HAL_DMA_Init
 .text.HAL_DMA_Start_IT
                0x080036bc       0xf6 ./Drivers/STM32G4xx_HAL_Driver/Src/stm32g4xx_hal_dma.o
                0x080036bc                HAL_DMA_Start_IT
 .text.HAL_DMA_Abort
                0x080037b2       0xbc ./Drivers/STM32G4xx_HAL_Driver/Src/stm32g4xx_hal_dma.o
                0x080037b2                HAL_DMA_Abort
 .text.HAL_DMA_Abort_IT
                0x0800386e       0xce ./Drivers/STM32G4xx_HAL_Driver/Src/stm32g4xx_hal_dma.o
                0x0800386e                HAL_DMA_Abort_IT
 .text.HAL_DMA_IRQHandler
                0x0800393c      0x15e ./Drivers/STM32G4xx_HAL_Driver/Src/stm32g4xx_hal_dma.o
                0x0800393c                HAL_DMA_IRQHandler
 .text.DMA_SetConfig
                0x08003a9a       0x7c ./Drivers/STM32G4xx_HAL_Driver/Src/stm32g4xx_hal_dma.o
 *fill*         0x08003b16        0x2 
 .text.DMA_CalcDMAMUXChannelBaseAndMask
                0x08003b18       0x90 ./Drivers/STM32G4xx_HAL_Driver/Src/stm32g4xx_hal_dma.o
 .text.DMA_CalcDMAMUXRequestGenBaseAndMask
                0x08003ba8       0x4c ./Drivers/STM32G4xx_HAL_Driver/Src/stm32g4xx_hal_dma.o
 .text.HAL_GPIO_Init
                0x08003bf4      0x318 ./Drivers/STM32G4xx_HAL_Driver/Src/stm32g4xx_hal_gpio.o
                0x08003bf4                HAL_GPIO_Init
 .text.HAL_GPIO_WritePin
                0x08003f0c       0x30 ./Drivers/STM32G4xx_HAL_Driver/Src/stm32g4xx_hal_gpio.o
                0x08003f0c                HAL_GPIO_WritePin
 .text.HAL_GPIO_TogglePin
                0x08003f3c       0x34 ./Drivers/STM32G4xx_HAL_Driver/Src/stm32g4xx_hal_gpio.o
                0x08003f3c                HAL_GPIO_TogglePin
 .text.HAL_PWREx_ControlVoltageScaling
                0x08003f70      0x148 ./Drivers/STM32G4xx_HAL_Driver/Src/stm32g4xx_hal_pwr_ex.o
                0x08003f70                HAL_PWREx_ControlVoltageScaling
 .text.HAL_PWREx_DisableUCPDDeadBattery
                0x080040b8       0x20 ./Drivers/STM32G4xx_HAL_Driver/Src/stm32g4xx_hal_pwr_ex.o
                0x080040b8                HAL_PWREx_DisableUCPDDeadBattery
 .text.HAL_RCC_OscConfig
                0x080040d8      0x624 ./Drivers/STM32G4xx_HAL_Driver/Src/stm32g4xx_hal_rcc.o
                0x080040d8                HAL_RCC_OscConfig
 .text.HAL_RCC_ClockConfig
                0x080046fc      0x278 ./Drivers/STM32G4xx_HAL_Driver/Src/stm32g4xx_hal_rcc.o
                0x080046fc                HAL_RCC_ClockConfig
 .text.HAL_RCC_GetSysClockFreq
                0x08004974       0xc4 ./Drivers/STM32G4xx_HAL_Driver/Src/stm32g4xx_hal_rcc.o
                0x08004974                HAL_RCC_GetSysClockFreq
 .text.HAL_RCC_GetHCLKFreq
                0x08004a38       0x18 ./Drivers/STM32G4xx_HAL_Driver/Src/stm32g4xx_hal_rcc.o
                0x08004a38                HAL_RCC_GetHCLKFreq
 .text.HAL_RCC_GetPCLK1Freq
                0x08004a50       0x2c ./Drivers/STM32G4xx_HAL_Driver/Src/stm32g4xx_hal_rcc.o
                0x08004a50                HAL_RCC_GetPCLK1Freq
 .text.HAL_RCC_GetPCLK2Freq
                0x08004a7c       0x2c ./Drivers/STM32G4xx_HAL_Driver/Src/stm32g4xx_hal_rcc.o
                0x08004a7c                HAL_RCC_GetPCLK2Freq
 .text.RCC_GetSysClockFreqFromPLLSource
                0x08004aa8       0x8c ./Drivers/STM32G4xx_HAL_Driver/Src/stm32g4xx_hal_rcc.o
 .text.HAL_RCCEx_PeriphCLKConfig
                0x08004b34      0x3e0 ./Drivers/STM32G4xx_HAL_Driver/Src/stm32g4xx_hal_rcc_ex.o
                0x08004b34                HAL_RCCEx_PeriphCLKConfig
 .text.HAL_SPI_Init
                0x08004f14      0x156 ./Drivers/STM32G4xx_HAL_Driver/Src/stm32g4xx_hal_spi.o
                0x08004f14                HAL_SPI_Init
 .text.HAL_TIM_Base_Init
                0x0800506a       0xae ./Drivers/STM32G4xx_HAL_Driver/Src/stm32g4xx_hal_tim.o
                0x0800506a                HAL_TIM_Base_Init
 .text.HAL_TIM_Base_Start_IT
                0x08005118       0xd4 ./Drivers/STM32G4xx_HAL_Driver/Src/stm32g4xx_hal_tim.o
                0x08005118                HAL_TIM_Base_Start_IT
 .text.HAL_TIM_PWM_Init
                0x080051ec       0xae ./Drivers/STM32G4xx_HAL_Driver/Src/stm32g4xx_hal_tim.o
                0x080051ec                HAL_TIM_PWM_Init
 .text.HAL_TIM_PWM_MspInit
                0x0800529a       0x14 ./Drivers/STM32G4xx_HAL_Driver/Src/stm32g4xx_hal_tim.o
                0x0800529a                HAL_TIM_PWM_MspInit
 *fill*         0x080052ae        0x2 
 .text.HAL_TIM_PWM_Start
                0x080052b0      0x200 ./Drivers/STM32G4xx_HAL_Driver/Src/stm32g4xx_hal_tim.o
                0x080052b0                HAL_TIM_PWM_Start
 .text.HAL_TIM_IRQHandler
                0x080054b0      0x29e ./Drivers/STM32G4xx_HAL_Driver/Src/stm32g4xx_hal_tim.o
                0x080054b0                HAL_TIM_IRQHandler
 *fill*         0x0800574e        0x2 
 .text.HAL_TIM_PWM_ConfigChannel
                0x08005750      0x228 ./Drivers/STM32G4xx_HAL_Driver/Src/stm32g4xx_hal_tim.o
                0x08005750                HAL_TIM_PWM_ConfigChannel
 .text.HAL_TIM_ConfigClockSource
                0x08005978      0x1f4 ./Drivers/STM32G4xx_HAL_Driver/Src/stm32g4xx_hal_tim.o
                0x08005978                HAL_TIM_ConfigClockSource
 .text.HAL_TIM_OC_DelayElapsedCallback
                0x08005b6c       0x14 ./Drivers/STM32G4xx_HAL_Driver/Src/stm32g4xx_hal_tim.o
                0x08005b6c                HAL_TIM_OC_DelayElapsedCallback
 .text.HAL_TIM_IC_CaptureCallback
                0x08005b80       0x14 ./Drivers/STM32G4xx_HAL_Driver/Src/stm32g4xx_hal_tim.o
                0x08005b80                HAL_TIM_IC_CaptureCallback
 .text.HAL_TIM_PWM_PulseFinishedCallback
                0x08005b94       0x14 ./Drivers/STM32G4xx_HAL_Driver/Src/stm32g4xx_hal_tim.o
                0x08005b94                HAL_TIM_PWM_PulseFinishedCallback
 .text.HAL_TIM_TriggerCallback
                0x08005ba8       0x14 ./Drivers/STM32G4xx_HAL_Driver/Src/stm32g4xx_hal_tim.o
                0x08005ba8                HAL_TIM_TriggerCallback
 .text.TIM_Base_SetConfig
                0x08005bbc      0x12c ./Drivers/STM32G4xx_HAL_Driver/Src/stm32g4xx_hal_tim.o
                0x08005bbc                TIM_Base_SetConfig
 .text.TIM_OC1_SetConfig
                0x08005ce8      0x124 ./Drivers/STM32G4xx_HAL_Driver/Src/stm32g4xx_hal_tim.o
 .text.TIM_OC2_SetConfig
                0x08005e0c      0x118 ./Drivers/STM32G4xx_HAL_Driver/Src/stm32g4xx_hal_tim.o
                0x08005e0c                TIM_OC2_SetConfig
 .text.TIM_OC3_SetConfig
                0x08005f24      0x114 ./Drivers/STM32G4xx_HAL_Driver/Src/stm32g4xx_hal_tim.o
 .text.TIM_OC4_SetConfig
                0x08006038      0x118 ./Drivers/STM32G4xx_HAL_Driver/Src/stm32g4xx_hal_tim.o
 .text.TIM_OC5_SetConfig
                0x08006150       0xc8 ./Drivers/STM32G4xx_HAL_Driver/Src/stm32g4xx_hal_tim.o
 .text.TIM_OC6_SetConfig
                0x08006218       0xcc ./Drivers/STM32G4xx_HAL_Driver/Src/stm32g4xx_hal_tim.o
 .text.TIM_TI1_ConfigInputStage
                0x080062e4       0xa8 ./Drivers/STM32G4xx_HAL_Driver/Src/stm32g4xx_hal_tim.o
 .text.TIM_TI2_ConfigInputStage
                0x0800638c       0x84 ./Drivers/STM32G4xx_HAL_Driver/Src/stm32g4xx_hal_tim.o
 .text.TIM_ITRx_SetConfig
                0x08006410       0x3a ./Drivers/STM32G4xx_HAL_Driver/Src/stm32g4xx_hal_tim.o
 .text.TIM_ETR_SetConfig
                0x0800644a       0x40 ./Drivers/STM32G4xx_HAL_Driver/Src/stm32g4xx_hal_tim.o
                0x0800644a                TIM_ETR_SetConfig
 .text.TIM_CCxChannelCmd
                0x0800648a       0x4a ./Drivers/STM32G4xx_HAL_Driver/Src/stm32g4xx_hal_tim.o
                0x0800648a                TIM_CCxChannelCmd
 .text.HAL_TIMEx_PWMN_Start
                0x080064d4      0x168 ./Drivers/STM32G4xx_HAL_Driver/Src/stm32g4xx_hal_tim_ex.o
                0x080064d4                HAL_TIMEx_PWMN_Start
 .text.HAL_TIMEx_MasterConfigSynchronization
                0x0800663c      0x104 ./Drivers/STM32G4xx_HAL_Driver/Src/stm32g4xx_hal_tim_ex.o
                0x0800663c                HAL_TIMEx_MasterConfigSynchronization
 .text.HAL_TIMEx_ConfigBreakDeadTime
                0x08006740      0x118 ./Drivers/STM32G4xx_HAL_Driver/Src/stm32g4xx_hal_tim_ex.o
                0x08006740                HAL_TIMEx_ConfigBreakDeadTime
 .text.HAL_TIMEx_CommutCallback
                0x08006858       0x14 ./Drivers/STM32G4xx_HAL_Driver/Src/stm32g4xx_hal_tim_ex.o
                0x08006858                HAL_TIMEx_CommutCallback
 .text.HAL_TIMEx_BreakCallback
                0x0800686c       0x14 ./Drivers/STM32G4xx_HAL_Driver/Src/stm32g4xx_hal_tim_ex.o
                0x0800686c                HAL_TIMEx_BreakCallback
 .text.HAL_TIMEx_Break2Callback
                0x08006880       0x14 ./Drivers/STM32G4xx_HAL_Driver/Src/stm32g4xx_hal_tim_ex.o
                0x08006880                HAL_TIMEx_Break2Callback
 .text.HAL_TIMEx_EncoderIndexCallback
                0x08006894       0x14 ./Drivers/STM32G4xx_HAL_Driver/Src/stm32g4xx_hal_tim_ex.o
                0x08006894                HAL_TIMEx_EncoderIndexCallback
 .text.HAL_TIMEx_DirectionChangeCallback
                0x080068a8       0x14 ./Drivers/STM32G4xx_HAL_Driver/Src/stm32g4xx_hal_tim_ex.o
                0x080068a8                HAL_TIMEx_DirectionChangeCallback
 .text.HAL_TIMEx_IndexErrorCallback
                0x080068bc       0x14 ./Drivers/STM32G4xx_HAL_Driver/Src/stm32g4xx_hal_tim_ex.o
                0x080068bc                HAL_TIMEx_IndexErrorCallback
 .text.HAL_TIMEx_TransitionErrorCallback
                0x080068d0       0x14 ./Drivers/STM32G4xx_HAL_Driver/Src/stm32g4xx_hal_tim_ex.o
                0x080068d0                HAL_TIMEx_TransitionErrorCallback
 .text.TIM_CCxNChannelCmd
                0x080068e4       0x4a ./Drivers/STM32G4xx_HAL_Driver/Src/stm32g4xx_hal_tim_ex.o
 .text.HAL_UART_Init
                0x0800692e       0xa0 ./Drivers/STM32G4xx_HAL_Driver/Src/stm32g4xx_hal_uart.o
                0x0800692e                HAL_UART_Init
 *fill*         0x080069ce        0x2 
 .text.HAL_UART_Transmit_DMA
                0x080069d0      0x100 ./Drivers/STM32G4xx_HAL_Driver/Src/stm32g4xx_hal_uart.o
                0x080069d0                HAL_UART_Transmit_DMA
 .text.HAL_UART_IRQHandler
                0x08006ad0      0x684 ./Drivers/STM32G4xx_HAL_Driver/Src/stm32g4xx_hal_uart.o
                0x08006ad0                HAL_UART_IRQHandler
 .text.HAL_UART_TxCpltCallback
                0x08007154       0x14 ./Drivers/STM32G4xx_HAL_Driver/Src/stm32g4xx_hal_uart.o
                0x08007154                HAL_UART_TxCpltCallback
 .text.HAL_UART_TxHalfCpltCallback
                0x08007168       0x14 ./Drivers/STM32G4xx_HAL_Driver/Src/stm32g4xx_hal_uart.o
                0x08007168                HAL_UART_TxHalfCpltCallback
 .text.HAL_UART_ErrorCallback
                0x0800717c       0x14 ./Drivers/STM32G4xx_HAL_Driver/Src/stm32g4xx_hal_uart.o
                0x0800717c                HAL_UART_ErrorCallback
 .text.HAL_UARTEx_RxEventCallback
                0x08007190       0x18 ./Drivers/STM32G4xx_HAL_Driver/Src/stm32g4xx_hal_uart.o
                0x08007190                HAL_UARTEx_RxEventCallback
 .text.UART_SetConfig
                0x080071a8      0x598 ./Drivers/STM32G4xx_HAL_Driver/Src/stm32g4xx_hal_uart.o
                0x080071a8                UART_SetConfig
 .text.UART_AdvFeatureConfig
                0x08007740      0x144 ./Drivers/STM32G4xx_HAL_Driver/Src/stm32g4xx_hal_uart.o
                0x08007740                UART_AdvFeatureConfig
 .text.UART_CheckIdleState
                0x08007884      0x154 ./Drivers/STM32G4xx_HAL_Driver/Src/stm32g4xx_hal_uart.o
                0x08007884                UART_CheckIdleState
 .text.UART_WaitOnFlagUntilTimeout
                0x080079d8       0xda ./Drivers/STM32G4xx_HAL_Driver/Src/stm32g4xx_hal_uart.o
                0x080079d8                UART_WaitOnFlagUntilTimeout
 .text.UART_EndTxTransfer
                0x08007ab2       0x82 ./Drivers/STM32G4xx_HAL_Driver/Src/stm32g4xx_hal_uart.o
 .text.UART_EndRxTransfer
                0x08007b34       0xcc ./Drivers/STM32G4xx_HAL_Driver/Src/stm32g4xx_hal_uart.o
 .text.UART_DMATransmitCplt
                0x08007c00       0x9a ./Drivers/STM32G4xx_HAL_Driver/Src/stm32g4xx_hal_uart.o
 .text.UART_DMATxHalfCplt
                0x08007c9a       0x1c ./Drivers/STM32G4xx_HAL_Driver/Src/stm32g4xx_hal_uart.o
 .text.UART_DMAError
                0x08007cb6       0x70 ./Drivers/STM32G4xx_HAL_Driver/Src/stm32g4xx_hal_uart.o
 .text.UART_DMAAbortOnError
                0x08007d26       0x1c ./Drivers/STM32G4xx_HAL_Driver/Src/stm32g4xx_hal_uart.o
 .text.UART_EndTransmit_IT
                0x08007d42       0x56 ./Drivers/STM32G4xx_HAL_Driver/Src/stm32g4xx_hal_uart.o
 .text.HAL_UARTEx_WakeupCallback
                0x08007d98       0x14 ./Drivers/STM32G4xx_HAL_Driver/Src/stm32g4xx_hal_uart_ex.o
                0x08007d98                HAL_UARTEx_WakeupCallback
 .text.HAL_UARTEx_RxFifoFullCallback
                0x08007dac       0x14 ./Drivers/STM32G4xx_HAL_Driver/Src/stm32g4xx_hal_uart_ex.o
                0x08007dac                HAL_UARTEx_RxFifoFullCallback
 .text.HAL_UARTEx_TxFifoEmptyCallback
                0x08007dc0       0x14 ./Drivers/STM32G4xx_HAL_Driver/Src/stm32g4xx_hal_uart_ex.o
                0x08007dc0                HAL_UARTEx_TxFifoEmptyCallback
 .text.HAL_UARTEx_DisableFifoMode
                0x08007dd4       0x72 ./Drivers/STM32G4xx_HAL_Driver/Src/stm32g4xx_hal_uart_ex.o
                0x08007dd4                HAL_UARTEx_DisableFifoMode
 .text.HAL_UARTEx_SetTxFifoThreshold
                0x08007e46       0x7c ./Drivers/STM32G4xx_HAL_Driver/Src/stm32g4xx_hal_uart_ex.o
                0x08007e46                HAL_UARTEx_SetTxFifoThreshold
 .text.HAL_UARTEx_SetRxFifoThreshold
                0x08007ec2       0x7c ./Drivers/STM32G4xx_HAL_Driver/Src/stm32g4xx_hal_uart_ex.o
                0x08007ec2                HAL_UARTEx_SetRxFifoThreshold
 *fill*         0x08007f3e        0x2 
 .text.UARTEx_SetNbDataToProcess
                0x08007f40       0x9c ./Drivers/STM32G4xx_HAL_Driver/Src/stm32g4xx_hal_uart_ex.o
 .text.memset   0x08007fdc       0x10 C:/ST/STM32CubeIDE_1.19.0/STM32CubeIDE/plugins/com.st.stm32cube.ide.mcu.externaltools.gnu-tools-for-stm32.13.3.rel1.win32_1.0.0.202411081344/tools/bin/../lib/gcc/arm-none-eabi/13.3.1/../../../../arm-none-eabi/lib/thumb/v7e-m+fp/hard\libc_nano.a(libc_a-memset.o)
                0x08007fdc                memset
 .text.__libc_init_array
                0x08007fec       0x48 C:/ST/STM32CubeIDE_1.19.0/STM32CubeIDE/plugins/com.st.stm32cube.ide.mcu.externaltools.gnu-tools-for-stm32.13.3.rel1.win32_1.0.0.202411081344/tools/bin/../lib/gcc/arm-none-eabi/13.3.1/../../../../arm-none-eabi/lib/thumb/v7e-m+fp/hard\libc_nano.a(libc_a-init.o)
                0x08007fec                __libc_init_array
 *(.glue_7)
 .glue_7        0x08008034        0x0 linker stubs
 *(.glue_7t)
 .glue_7t       0x08008034        0x0 linker stubs
 *(.eh_frame)
 .eh_frame      0x08008034        0x0 C:/ST/STM32CubeIDE_1.19.0/STM32CubeIDE/plugins/com.st.stm32cube.ide.mcu.externaltools.gnu-tools-for-stm32.13.3.rel1.win32_1.0.0.202411081344/tools/bin/../lib/gcc/arm-none-eabi/13.3.1/thumb/v7e-m+fp/hard/crtbegin.o
 *(.init)
 .init          0x08008034        0x4 C:/ST/STM32CubeIDE_1.19.0/STM32CubeIDE/plugins/com.st.stm32cube.ide.mcu.externaltools.gnu-tools-for-stm32.13.3.rel1.win32_1.0.0.202411081344/tools/bin/../lib/gcc/arm-none-eabi/13.3.1/thumb/v7e-m+fp/hard/crti.o
                0x08008034                _init
 .init          0x08008038        0x8 C:/ST/STM32CubeIDE_1.19.0/STM32CubeIDE/plugins/com.st.stm32cube.ide.mcu.externaltools.gnu-tools-for-stm32.13.3.rel1.win32_1.0.0.202411081344/tools/bin/../lib/gcc/arm-none-eabi/13.3.1/thumb/v7e-m+fp/hard/crtn.o
 *(.fini)
 .fini          0x08008040        0x4 C:/ST/STM32CubeIDE_1.19.0/STM32CubeIDE/plugins/com.st.stm32cube.ide.mcu.externaltools.gnu-tools-for-stm32.13.3.rel1.win32_1.0.0.202411081344/tools/bin/../lib/gcc/arm-none-eabi/13.3.1/thumb/v7e-m+fp/hard/crti.o
                0x08008040                _fini
 .fini          0x08008044        0x8 C:/ST/STM32CubeIDE_1.19.0/STM32CubeIDE/plugins/com.st.stm32cube.ide.mcu.externaltools.gnu-tools-for-stm32.13.3.rel1.win32_1.0.0.202411081344/tools/bin/../lib/gcc/arm-none-eabi/13.3.1/thumb/v7e-m+fp/hard/crtn.o
                0x0800804c                        . = ALIGN (0x4)
                0x0800804c                        _etext = .

.vfp11_veneer   0x0800804c        0x0
 .vfp11_veneer  0x0800804c        0x0 linker stubs

.v4_bx          0x0800804c        0x0
 .v4_bx         0x0800804c        0x0 linker stubs

.iplt           0x0800804c        0x0
 .iplt          0x0800804c        0x0 C:/ST/STM32CubeIDE_1.19.0/STM32CubeIDE/plugins/com.st.stm32cube.ide.mcu.externaltools.gnu-tools-for-stm32.13.3.rel1.win32_1.0.0.202411081344/tools/bin/../lib/gcc/arm-none-eabi/13.3.1/thumb/v7e-m+fp/hard/crtbegin.o

.rodata         0x0800804c       0x54
                0x0800804c                        . = ALIGN (0x4)
 *(.rodata)
 .rodata        0x0800804c       0x12 ./Core/Src/app.o
 *(.rodata*)
 *fill*         0x0800805e        0x2 
 .rodata.AHBPrescTable
                0x08008060       0x10 ./Core/Src/system_stm32g4xx.o
                0x08008060                AHBPrescTable
 .rodata.APBPrescTable
                0x08008070        0x8 ./Core/Src/system_stm32g4xx.o
                0x08008070                APBPrescTable
 .rodata.UARTPrescTable
                0x08008078       0x18 ./Drivers/STM32G4xx_HAL_Driver/Src/stm32g4xx_hal_uart.o
                0x08008078                UARTPrescTable
 .rodata.numerator.1
                0x08008090        0x8 ./Drivers/STM32G4xx_HAL_Driver/Src/stm32g4xx_hal_uart_ex.o
 .rodata.denominator.0
                0x08008098        0x8 ./Drivers/STM32G4xx_HAL_Driver/Src/stm32g4xx_hal_uart_ex.o
                0x080080a0                        . = ALIGN (0x4)

.ARM.extab      0x080080a0        0x0
                0x080080a0                        . = ALIGN (0x4)
 *(.ARM.extab* .gnu.linkonce.armextab.*)
                0x080080a0                        . = ALIGN (0x4)

.ARM            0x080080a0        0x8
                0x080080a0                        . = ALIGN (0x4)
                0x080080a0                        __exidx_start = .
 *(.ARM.exidx*)
 .ARM.exidx     0x080080a0        0x8 C:/ST/STM32CubeIDE_1.19.0/STM32CubeIDE/plugins/com.st.stm32cube.ide.mcu.externaltools.gnu-tools-for-stm32.13.3.rel1.win32_1.0.0.202411081344/tools/bin/../lib/gcc/arm-none-eabi/13.3.1/thumb/v7e-m+fp/hard\libgcc.a(_udivmoddi4.o)
                0x080080a8                        __exidx_end = .
                0x080080a8                        . = ALIGN (0x4)

.preinit_array  0x080080a8        0x0
                0x080080a8                        . = ALIGN (0x4)
                0x080080a8                        PROVIDE (__preinit_array_start = .)
 *(.preinit_array*)
                0x080080a8                        PROVIDE (__preinit_array_end = .)
                0x080080a8                        . = ALIGN (0x4)

.init_array     0x080080a8        0x4
                0x080080a8                        . = ALIGN (0x4)
                0x080080a8                        PROVIDE (__init_array_start = .)
 *(SORT_BY_NAME(.init_array.*))
 *(.init_array*)
 .init_array    0x080080a8        0x4 C:/ST/STM32CubeIDE_1.19.0/STM32CubeIDE/plugins/com.st.stm32cube.ide.mcu.externaltools.gnu-tools-for-stm32.13.3.rel1.win32_1.0.0.202411081344/tools/bin/../lib/gcc/arm-none-eabi/13.3.1/thumb/v7e-m+fp/hard/crtbegin.o
                0x080080ac                        PROVIDE (__init_array_end = .)
                0x080080ac                        . = ALIGN (0x4)

.fini_array     0x080080ac        0x4
                0x080080ac                        . = ALIGN (0x4)
                [!provide]                        PROVIDE (__fini_array_start = .)
 *(SORT_BY_NAME(.fini_array.*))
 *(.fini_array*)
 .fini_array    0x080080ac        0x4 C:/ST/STM32CubeIDE_1.19.0/STM32CubeIDE/plugins/com.st.stm32cube.ide.mcu.externaltools.gnu-tools-for-stm32.13.3.rel1.win32_1.0.0.202411081344/tools/bin/../lib/gcc/arm-none-eabi/13.3.1/thumb/v7e-m+fp/hard/crtbegin.o
                [!provide]                        PROVIDE (__fini_array_end = .)
                0x080080b0                        . = ALIGN (0x4)
                0x080080b0                        _sidata = LOADADDR (.data)

.rel.dyn        0x080080b0        0x0
 .rel.iplt      0x080080b0        0x0 C:/ST/STM32CubeIDE_1.19.0/STM32CubeIDE/plugins/com.st.stm32cube.ide.mcu.externaltools.gnu-tools-for-stm32.13.3.rel1.win32_1.0.0.202411081344/tools/bin/../lib/gcc/arm-none-eabi/13.3.1/thumb/v7e-m+fp/hard/crtbegin.o

.data           0x20000000        0xc load address 0x080080b0
                0x20000000                        . = ALIGN (0x4)
                0x20000000                        _sdata = .
 *(.data)
 *(.data*)
 .data.SystemCoreClock
                0x20000000        0x4 ./Core/Src/system_stm32g4xx.o
                0x20000000                SystemCoreClock
 .data.uwTickPrio
                0x20000004        0x4 ./Drivers/STM32G4xx_HAL_Driver/Src/stm32g4xx_hal.o
                0x20000004                uwTickPrio
 .data.uwTickFreq
                0x20000008        0x4 ./Drivers/STM32G4xx_HAL_Driver/Src/stm32g4xx_hal.o
                0x20000008                uwTickFreq
 *(.RamFunc)
 *(.RamFunc*)
                0x2000000c                        . = ALIGN (0x4)
                0x2000000c                        _edata = .

.igot.plt       0x2000000c        0x0 load address 0x080080bc
 .igot.plt      0x2000000c        0x0 C:/ST/STM32CubeIDE_1.19.0/STM32CubeIDE/plugins/com.st.stm32cube.ide.mcu.externaltools.gnu-tools-for-stm32.13.3.rel1.win32_1.0.0.202411081344/tools/bin/../lib/gcc/arm-none-eabi/13.3.1/thumb/v7e-m+fp/hard/crtbegin.o
                0x2000000c                        . = ALIGN (0x4)

.bss            0x2000000c      0x728 load address 0x080080bc
                0x2000000c                        _sbss = .
                0x2000000c                        __bss_start__ = _sbss
 *(.bss)
 .bss           0x2000000c       0x1c C:/ST/STM32CubeIDE_1.19.0/STM32CubeIDE/plugins/com.st.stm32cube.ide.mcu.externaltools.gnu-tools-for-stm32.13.3.rel1.win32_1.0.0.202411081344/tools/bin/../lib/gcc/arm-none-eabi/13.3.1/thumb/v7e-m+fp/hard/crtbegin.o
 *(.bss*)
 .bss.hadc1     0x20000028       0x6c ./Core/Src/main.o
                0x20000028                hadc1
 .bss.hadc2     0x20000094       0x6c ./Core/Src/main.o
                0x20000094                hadc2
 .bss.hdma_adc1
                0x20000100       0x60 ./Core/Src/main.o
                0x20000100                hdma_adc1
 .bss.hdma_adc2
                0x20000160       0x60 ./Core/Src/main.o
                0x20000160                hdma_adc2
 .bss.hspi1     0x200001c0       0x64 ./Core/Src/main.o
                0x200001c0                hspi1
 .bss.htim1     0x20000224       0x4c ./Core/Src/main.o
                0x20000224                htim1
 .bss.huart3    0x20000270       0x94 ./Core/Src/main.o
                0x20000270                huart3
 .bss.hdma_usart3_tx
                0x20000304       0x60 ./Core/Src/main.o
                0x20000304                hdma_usart3_tx
 .bss.hdma_usart3_rx
                0x20000364       0x60 ./Core/Src/main.o
                0x20000364                hdma_usart3_rx
 .bss.htim17    0x200003c4       0x4c ./Core/Src/main.o
                0x200003c4                htim17
 .bss.HAL_RCC_ADC12_CLK_ENABLED
                0x20000410        0x4 ./Core/Src/stm32g4xx_hal_msp.o
 .bss.Timebase_type
                0x20000414      0x318 ./Core/Src/timebase.o
                0x20000414                Timebase_type
 .bss.Timebase  0x2000072c        0x4 ./Core/Src/timebase.o
                0x2000072c                Timebase
 .bss.uwTick    0x20000730        0x4 ./Drivers/STM32G4xx_HAL_Driver/Src/stm32g4xx_hal.o
                0x20000730                uwTick
 *(COMMON)
                0x20000734                        . = ALIGN (0x4)
                0x20000734                        _ebss = .
                0x20000734                        __bss_end__ = _ebss

._user_heap_stack
                0x20000734      0x604 load address 0x080080bc
                0x20000738                        . = ALIGN (0x8)
 *fill*         0x20000734        0x4 
                [!provide]                        PROVIDE (end = .)
                0x20000738                        PROVIDE (_end = .)
                0x20000938                        . = (. + _Min_Heap_Size)
 *fill*         0x20000738      0x200 
                0x20000d38                        . = (. + _Min_Stack_Size)
 *fill*         0x20000938      0x400 
                0x20000d38                        . = ALIGN (0x8)

/DISCARD/
 libc.a(*)
 libm.a(*)
 libgcc.a(*)

.ARM.attributes
                0x00000000       0x30
 *(.ARM.attributes)
 .ARM.attributes
                0x00000000       0x22 C:/ST/STM32CubeIDE_1.19.0/STM32CubeIDE/plugins/com.st.stm32cube.ide.mcu.externaltools.gnu-tools-for-stm32.13.3.rel1.win32_1.0.0.202411081344/tools/bin/../lib/gcc/arm-none-eabi/13.3.1/thumb/v7e-m+fp/hard/crti.o
 .ARM.attributes
                0x00000022       0x34 C:/ST/STM32CubeIDE_1.19.0/STM32CubeIDE/plugins/com.st.stm32cube.ide.mcu.externaltools.gnu-tools-for-stm32.13.3.rel1.win32_1.0.0.202411081344/tools/bin/../lib/gcc/arm-none-eabi/13.3.1/thumb/v7e-m+fp/hard/crtbegin.o
 .ARM.attributes
                0x00000056       0x34 ./Core/Src/app.o
 .ARM.attributes
                0x0000008a       0x34 ./Core/Src/main.o
 .ARM.attributes
                0x000000be       0x34 ./Core/Src/stm32g4xx_hal_msp.o
 .ARM.attributes
                0x000000f2       0x34 ./Core/Src/stm32g4xx_it.o
 .ARM.attributes
                0x00000126       0x34 ./Core/Src/system_stm32g4xx.o
 .ARM.attributes
                0x0000015a       0x34 ./Core/Src/timebase.o
 .ARM.attributes
                0x0000018e       0x21 ./Core/Startup/startup_stm32g431cbtx.o
 .ARM.attributes
                0x000001af       0x34 ./Drivers/STM32G4xx_HAL_Driver/Src/stm32g4xx_hal.o
 .ARM.attributes
                0x000001e3       0x34 ./Drivers/STM32G4xx_HAL_Driver/Src/stm32g4xx_hal_adc.o
 .ARM.attributes
                0x00000217       0x34 ./Drivers/STM32G4xx_HAL_Driver/Src/stm32g4xx_hal_adc_ex.o
 .ARM.attributes
                0x0000024b       0x34 ./Drivers/STM32G4xx_HAL_Driver/Src/stm32g4xx_hal_cortex.o
 .ARM.attributes
                0x0000027f       0x34 ./Drivers/STM32G4xx_HAL_Driver/Src/stm32g4xx_hal_dma.o
 .ARM.attributes
                0x000002b3       0x34 ./Drivers/STM32G4xx_HAL_Driver/Src/stm32g4xx_hal_gpio.o
 .ARM.attributes
                0x000002e7       0x34 ./Drivers/STM32G4xx_HAL_Driver/Src/stm32g4xx_hal_pwr_ex.o
 .ARM.attributes
                0x0000031b       0x34 ./Drivers/STM32G4xx_HAL_Driver/Src/stm32g4xx_hal_rcc.o
 .ARM.attributes
                0x0000034f       0x34 ./Drivers/STM32G4xx_HAL_Driver/Src/stm32g4xx_hal_rcc_ex.o
 .ARM.attributes
                0x00000383       0x34 ./Drivers/STM32G4xx_HAL_Driver/Src/stm32g4xx_hal_spi.o
 .ARM.attributes
                0x000003b7       0x34 ./Drivers/STM32G4xx_HAL_Driver/Src/stm32g4xx_hal_tim.o
 .ARM.attributes
                0x000003eb       0x34 ./Drivers/STM32G4xx_HAL_Driver/Src/stm32g4xx_hal_tim_ex.o
 .ARM.attributes
                0x0000041f       0x34 ./Drivers/STM32G4xx_HAL_Driver/Src/stm32g4xx_hal_uart.o
 .ARM.attributes
                0x00000453       0x34 ./Drivers/STM32G4xx_HAL_Driver/Src/stm32g4xx_hal_uart_ex.o
 .ARM.attributes
                0x00000487       0x34 C:/ST/STM32CubeIDE_1.19.0/STM32CubeIDE/plugins/com.st.stm32cube.ide.mcu.externaltools.gnu-tools-for-stm32.13.3.rel1.win32_1.0.0.202411081344/tools/bin/../lib/gcc/arm-none-eabi/13.3.1/../../../../arm-none-eabi/lib/thumb/v7e-m+fp/hard\libc_nano.a(libc_a-memset.o)
 .ARM.attributes
                0x000004bb       0x34 C:/ST/STM32CubeIDE_1.19.0/STM32CubeIDE/plugins/com.st.stm32cube.ide.mcu.externaltools.gnu-tools-for-stm32.13.3.rel1.win32_1.0.0.202411081344/tools/bin/../lib/gcc/arm-none-eabi/13.3.1/../../../../arm-none-eabi/lib/thumb/v7e-m+fp/hard\libc_nano.a(libc_a-init.o)
 .ARM.attributes
                0x000004ef       0x22 C:/ST/STM32CubeIDE_1.19.0/STM32CubeIDE/plugins/com.st.stm32cube.ide.mcu.externaltools.gnu-tools-for-stm32.13.3.rel1.win32_1.0.0.202411081344/tools/bin/../lib/gcc/arm-none-eabi/13.3.1/thumb/v7e-m+fp/hard\libgcc.a(_aeabi_uldivmod.o)
 .ARM.attributes
                0x00000511       0x34 C:/ST/STM32CubeIDE_1.19.0/STM32CubeIDE/plugins/com.st.stm32cube.ide.mcu.externaltools.gnu-tools-for-stm32.13.3.rel1.win32_1.0.0.202411081344/tools/bin/../lib/gcc/arm-none-eabi/13.3.1/thumb/v7e-m+fp/hard\libgcc.a(_udivmoddi4.o)
 .ARM.attributes
                0x00000545       0x22 C:/ST/STM32CubeIDE_1.19.0/STM32CubeIDE/plugins/com.st.stm32cube.ide.mcu.externaltools.gnu-tools-for-stm32.13.3.rel1.win32_1.0.0.202411081344/tools/bin/../lib/gcc/arm-none-eabi/13.3.1/thumb/v7e-m+fp/hard\libgcc.a(_dvmd_tls.o)
 .ARM.attributes
                0x00000567       0x22 C:/ST/STM32CubeIDE_1.19.0/STM32CubeIDE/plugins/com.st.stm32cube.ide.mcu.externaltools.gnu-tools-for-stm32.13.3.rel1.win32_1.0.0.202411081344/tools/bin/../lib/gcc/arm-none-eabi/13.3.1/thumb/v7e-m+fp/hard/crtn.o
OUTPUT(ESC_Project_Firmware.elf elf32-littlearm)
LOAD linker stubs
LOAD C:/ST/STM32CubeIDE_1.19.0/STM32CubeIDE/plugins/com.st.stm32cube.ide.mcu.externaltools.gnu-tools-for-stm32.13.3.rel1.win32_1.0.0.202411081344/tools/bin/../lib/gcc/arm-none-eabi/13.3.1/../../../../arm-none-eabi/lib/thumb/v7e-m+fp/hard\libc.a
LOAD C:/ST/STM32CubeIDE_1.19.0/STM32CubeIDE/plugins/com.st.stm32cube.ide.mcu.externaltools.gnu-tools-for-stm32.13.3.rel1.win32_1.0.0.202411081344/tools/bin/../lib/gcc/arm-none-eabi/13.3.1/../../../../arm-none-eabi/lib/thumb/v7e-m+fp/hard\libm.a
LOAD C:/ST/STM32CubeIDE_1.19.0/STM32CubeIDE/plugins/com.st.stm32cube.ide.mcu.externaltools.gnu-tools-for-stm32.13.3.rel1.win32_1.0.0.202411081344/tools/bin/../lib/gcc/arm-none-eabi/13.3.1/thumb/v7e-m+fp/hard\libgcc.a

.debug_info     0x00000000    0x1bb10
 .debug_info    0x00000000      0xdb5 ./Core/Src/app.o
 .debug_info    0x00000db5     0x217c ./Core/Src/main.o
 .debug_info    0x00002f31     0x1d2d ./Core/Src/stm32g4xx_hal_msp.o
 .debug_info    0x00004c5e      0x8cc ./Core/Src/stm32g4xx_it.o
 .debug_info    0x0000552a      0x58e ./Core/Src/system_stm32g4xx.o
 .debug_info    0x00005ab8     0x20c0 ./Core/Src/timebase.o
 .debug_info    0x00007b78       0x30 ./Core/Startup/startup_stm32g431cbtx.o
 .debug_info    0x00007ba8      0xadb ./Drivers/STM32G4xx_HAL_Driver/Src/stm32g4xx_hal.o
 .debug_info    0x00008683     0x2063 ./Drivers/STM32G4xx_HAL_Driver/Src/stm32g4xx_hal_adc.o
 .debug_info    0x0000a6e6     0x1d80 ./Drivers/STM32G4xx_HAL_Driver/Src/stm32g4xx_hal_adc_ex.o
 .debug_info    0x0000c466      0xd3f ./Drivers/STM32G4xx_HAL_Driver/Src/stm32g4xx_hal_cortex.o
 .debug_info    0x0000d1a5      0x85f ./Drivers/STM32G4xx_HAL_Driver/Src/stm32g4xx_hal_dma.o
 .debug_info    0x0000da04      0x772 ./Drivers/STM32G4xx_HAL_Driver/Src/stm32g4xx_hal_gpio.o
 .debug_info    0x0000e176      0x944 ./Drivers/STM32G4xx_HAL_Driver/Src/stm32g4xx_hal_pwr_ex.o
 .debug_info    0x0000eaba      0xb9b ./Drivers/STM32G4xx_HAL_Driver/Src/stm32g4xx_hal_rcc.o
 .debug_info    0x0000f655      0xc2d ./Drivers/STM32G4xx_HAL_Driver/Src/stm32g4xx_hal_rcc_ex.o
 .debug_info    0x00010282     0x1677 ./Drivers/STM32G4xx_HAL_Driver/Src/stm32g4xx_hal_spi.o
 .debug_info    0x000118f9     0x2c52 ./Drivers/STM32G4xx_HAL_Driver/Src/stm32g4xx_hal_tim.o
 .debug_info    0x0001454b     0x1d95 ./Drivers/STM32G4xx_HAL_Driver/Src/stm32g4xx_hal_tim_ex.o
 .debug_info    0x000162e0     0x4854 ./Drivers/STM32G4xx_HAL_Driver/Src/stm32g4xx_hal_uart.o
 .debug_info    0x0001ab34      0xfdc ./Drivers/STM32G4xx_HAL_Driver/Src/stm32g4xx_hal_uart_ex.o

.debug_abbrev   0x00000000     0x321d
 .debug_abbrev  0x00000000      0x221 ./Core/Src/app.o
 .debug_abbrev  0x00000221      0x311 ./Core/Src/main.o
 .debug_abbrev  0x00000532      0x2a5 ./Core/Src/stm32g4xx_hal_msp.o
 .debug_abbrev  0x000007d7      0x18b ./Core/Src/stm32g4xx_it.o
 .debug_abbrev  0x00000962      0x11a ./Core/Src/system_stm32g4xx.o
 .debug_abbrev  0x00000a7c      0x386 ./Core/Src/timebase.o
 .debug_abbrev  0x00000e02       0x24 ./Core/Startup/startup_stm32g431cbtx.o
 .debug_abbrev  0x00000e26      0x271 ./Drivers/STM32G4xx_HAL_Driver/Src/stm32g4xx_hal.o
 .debug_abbrev  0x00001097      0x2d3 ./Drivers/STM32G4xx_HAL_Driver/Src/stm32g4xx_hal_adc.o
 .debug_abbrev  0x0000136a      0x2ee ./Drivers/STM32G4xx_HAL_Driver/Src/stm32g4xx_hal_adc_ex.o
 .debug_abbrev  0x00001658      0x31c ./Drivers/STM32G4xx_HAL_Driver/Src/stm32g4xx_hal_cortex.o
 .debug_abbrev  0x00001974      0x1e2 ./Drivers/STM32G4xx_HAL_Driver/Src/stm32g4xx_hal_dma.o
 .debug_abbrev  0x00001b56      0x1d2 ./Drivers/STM32G4xx_HAL_Driver/Src/stm32g4xx_hal_gpio.o
 .debug_abbrev  0x00001d28      0x22c ./Drivers/STM32G4xx_HAL_Driver/Src/stm32g4xx_hal_pwr_ex.o
 .debug_abbrev  0x00001f54      0x2c9 ./Drivers/STM32G4xx_HAL_Driver/Src/stm32g4xx_hal_rcc.o
 .debug_abbrev  0x0000221d      0x261 ./Drivers/STM32G4xx_HAL_Driver/Src/stm32g4xx_hal_rcc_ex.o
 .debug_abbrev  0x0000247e      0x25d ./Drivers/STM32G4xx_HAL_Driver/Src/stm32g4xx_hal_spi.o
 .debug_abbrev  0x000026db      0x2a7 ./Drivers/STM32G4xx_HAL_Driver/Src/stm32g4xx_hal_tim.o
 .debug_abbrev  0x00002982      0x2c5 ./Drivers/STM32G4xx_HAL_Driver/Src/stm32g4xx_hal_tim_ex.o
 .debug_abbrev  0x00002c47      0x304 ./Drivers/STM32G4xx_HAL_Driver/Src/stm32g4xx_hal_uart.o
 .debug_abbrev  0x00002f4b      0x2d2 ./Drivers/STM32G4xx_HAL_Driver/Src/stm32g4xx_hal_uart_ex.o

.debug_aranges  0x00000000     0x19b8
 .debug_aranges
                0x00000000       0x28 ./Core/Src/app.o
 .debug_aranges
                0x00000028       0x68 ./Core/Src/main.o
 .debug_aranges
                0x00000090       0x68 ./Core/Src/stm32g4xx_hal_msp.o
 .debug_aranges
                0x000000f8       0x88 ./Core/Src/stm32g4xx_it.o
 .debug_aranges
                0x00000180       0x28 ./Core/Src/system_stm32g4xx.o
 .debug_aranges
                0x000001a8      0x318 ./Core/Src/timebase.o
 .debug_aranges
                0x000004c0       0x28 ./Core/Startup/startup_stm32g431cbtx.o
 .debug_aranges
                0x000004e8      0x148 ./Drivers/STM32G4xx_HAL_Driver/Src/stm32g4xx_hal.o
 .debug_aranges
                0x00000630      0x248 ./Drivers/STM32G4xx_HAL_Driver/Src/stm32g4xx_hal_adc.o
 .debug_aranges
                0x00000878      0x1c0 ./Drivers/STM32G4xx_HAL_Driver/Src/stm32g4xx_hal_adc_ex.o
 .debug_aranges
                0x00000a38      0x128 ./Drivers/STM32G4xx_HAL_Driver/Src/stm32g4xx_hal_cortex.o
 .debug_aranges
                0x00000b60       0x90 ./Drivers/STM32G4xx_HAL_Driver/Src/stm32g4xx_hal_dma.o
 .debug_aranges
                0x00000bf0       0x58 ./Drivers/STM32G4xx_HAL_Driver/Src/stm32g4xx_hal_gpio.o
 .debug_aranges
                0x00000c48      0x140 ./Drivers/STM32G4xx_HAL_Driver/Src/stm32g4xx_hal_pwr_ex.o
 .debug_aranges
                0x00000d88       0x98 ./Drivers/STM32G4xx_HAL_Driver/Src/stm32g4xx_hal_rcc.o
 .debug_aranges
                0x00000e20       0xb0 ./Drivers/STM32G4xx_HAL_Driver/Src/stm32g4xx_hal_rcc_ex.o
 .debug_aranges
                0x00000ed0      0x1d8 ./Drivers/STM32G4xx_HAL_Driver/Src/stm32g4xx_hal_spi.o
 .debug_aranges
                0x000010a8      0x3e0 ./Drivers/STM32G4xx_HAL_Driver/Src/stm32g4xx_hal_tim.o
 .debug_aranges
                0x00001488      0x240 ./Drivers/STM32G4xx_HAL_Driver/Src/stm32g4xx_hal_tim_ex.o
 .debug_aranges
                0x000016c8      0x248 ./Drivers/STM32G4xx_HAL_Driver/Src/stm32g4xx_hal_uart.o
 .debug_aranges
                0x00001910       0xa8 ./Drivers/STM32G4xx_HAL_Driver/Src/stm32g4xx_hal_uart_ex.o

.debug_rnglists
                0x00000000     0x140a
 .debug_rnglists
                0x00000000       0x1a ./Core/Src/app.o
 .debug_rnglists
                0x0000001a       0x50 ./Core/Src/main.o
 .debug_rnglists
                0x0000006a       0x4e ./Core/Src/stm32g4xx_hal_msp.o
 .debug_rnglists
                0x000000b8       0x61 ./Core/Src/stm32g4xx_it.o
 .debug_rnglists
                0x00000119       0x1a ./Core/Src/system_stm32g4xx.o
 .debug_rnglists
                0x00000133      0x255 ./Core/Src/timebase.o
 .debug_rnglists
                0x00000388       0x19 ./Core/Startup/startup_stm32g431cbtx.o
 .debug_rnglists
                0x000003a1       0xf1 ./Drivers/STM32G4xx_HAL_Driver/Src/stm32g4xx_hal.o
 .debug_rnglists
                0x00000492      0x1c0 ./Drivers/STM32G4xx_HAL_Driver/Src/stm32g4xx_hal_adc.o
 .debug_rnglists
                0x00000652      0x15a ./Drivers/STM32G4xx_HAL_Driver/Src/stm32g4xx_hal_adc_ex.o
 .debug_rnglists
                0x000007ac       0xda ./Drivers/STM32G4xx_HAL_Driver/Src/stm32g4xx_hal_cortex.o
 .debug_rnglists
                0x00000886       0x72 ./Drivers/STM32G4xx_HAL_Driver/Src/stm32g4xx_hal_dma.o
 .debug_rnglists
                0x000008f8       0x3f ./Drivers/STM32G4xx_HAL_Driver/Src/stm32g4xx_hal_gpio.o
 .debug_rnglists
                0x00000937       0xf1 ./Drivers/STM32G4xx_HAL_Driver/Src/stm32g4xx_hal_pwr_ex.o
 .debug_rnglists
                0x00000a28       0x74 ./Drivers/STM32G4xx_HAL_Driver/Src/stm32g4xx_hal_rcc.o
 .debug_rnglists
                0x00000a9c       0x87 ./Drivers/STM32G4xx_HAL_Driver/Src/stm32g4xx_hal_rcc_ex.o
 .debug_rnglists
                0x00000b23      0x178 ./Drivers/STM32G4xx_HAL_Driver/Src/stm32g4xx_hal_spi.o
 .debug_rnglists
                0x00000c9b      0x32d ./Drivers/STM32G4xx_HAL_Driver/Src/stm32g4xx_hal_tim.o
 .debug_rnglists
                0x00000fc8      0x1cc ./Drivers/STM32G4xx_HAL_Driver/Src/stm32g4xx_hal_tim_ex.o
 .debug_rnglists
                0x00001194      0x1f7 ./Drivers/STM32G4xx_HAL_Driver/Src/stm32g4xx_hal_uart.o
 .debug_rnglists
                0x0000138b       0x7f ./Drivers/STM32G4xx_HAL_Driver/Src/stm32g4xx_hal_uart_ex.o

.debug_macro    0x00000000    0x2056a
 .debug_macro   0x00000000      0x23a ./Core/Src/app.o
 .debug_macro   0x0000023a      0xad8 ./Core/Src/app.o
 .debug_macro   0x00000d12      0x167 ./Core/Src/app.o
 .debug_macro   0x00000e79       0x2e ./Core/Src/app.o
 .debug_macro   0x00000ea7       0x28 ./Core/Src/app.o
 .debug_macro   0x00000ecf       0x22 ./Core/Src/app.o
 .debug_macro   0x00000ef1       0x8e ./Core/Src/app.o
 .debug_macro   0x00000f7f       0x51 ./Core/Src/app.o
 .debug_macro   0x00000fd0      0x103 ./Core/Src/app.o
 .debug_macro   0x000010d3       0x6a ./Core/Src/app.o
 .debug_macro   0x0000113d      0x1df ./Core/Src/app.o
 .debug_macro   0x0000131c       0x1c ./Core/Src/app.o
 .debug_macro   0x00001338       0x22 ./Core/Src/app.o
 .debug_macro   0x0000135a       0xfb ./Core/Src/app.o
 .debug_macro   0x00001455     0x1011 ./Core/Src/app.o
 .debug_macro   0x00002466      0x11f ./Core/Src/app.o
 .debug_macro   0x00002585    0x1138f ./Core/Src/app.o
 .debug_macro   0x00013914       0x6d ./Core/Src/app.o
 .debug_macro   0x00013981     0x3558 ./Core/Src/app.o
 .debug_macro   0x00016ed9      0x190 ./Core/Src/app.o
 .debug_macro   0x00017069       0x5c ./Core/Src/app.o
 .debug_macro   0x000170c5     0x141d ./Core/Src/app.o
 .debug_macro   0x000184e2      0x535 ./Core/Src/app.o
 .debug_macro   0x00018a17      0x1b6 ./Core/Src/app.o
 .debug_macro   0x00018bcd      0x288 ./Core/Src/app.o
 .debug_macro   0x00018e55      0x41d ./Core/Src/app.o
 .debug_macro   0x00019272      0x18b ./Core/Src/app.o
 .debug_macro   0x000193fd       0x43 ./Core/Src/app.o
 .debug_macro   0x00019440      0x23d ./Core/Src/app.o
 .debug_macro   0x0001967d     0x1111 ./Core/Src/app.o
 .debug_macro   0x0001a78e      0x72e ./Core/Src/app.o
 .debug_macro   0x0001aebc      0x391 ./Core/Src/app.o
 .debug_macro   0x0001b24d      0x211 ./Core/Src/app.o
 .debug_macro   0x0001b45e      0x401 ./Core/Src/app.o
 .debug_macro   0x0001b85f      0x107 ./Core/Src/app.o
 .debug_macro   0x0001b966      0x122 ./Core/Src/app.o
 .debug_macro   0x0001ba88      0x3d1 ./Core/Src/app.o
 .debug_macro   0x0001be59      0x2fe ./Core/Src/app.o
 .debug_macro   0x0001c157      0xbda ./Core/Src/app.o
 .debug_macro   0x0001cd31      0x47e ./Core/Src/app.o
 .debug_macro   0x0001d1af      0x693 ./Core/Src/app.o
 .debug_macro   0x0001d842       0xa6 ./Core/Src/app.o
 .debug_macro   0x0001d8e8      0x306 ./Core/Src/app.o
 .debug_macro   0x0001dbee      0x130 ./Core/Src/app.o
 .debug_macro   0x0001dd1e       0x10 ./Core/Src/app.o
 .debug_macro   0x0001dd2e      0x219 ./Core/Src/main.o
 .debug_macro   0x0001df47      0x215 ./Core/Src/stm32g4xx_hal_msp.o
 .debug_macro   0x0001e15c      0x21f ./Core/Src/stm32g4xx_it.o
 .debug_macro   0x0001e37b      0x206 ./Core/Src/system_stm32g4xx.o
 .debug_macro   0x0001e581      0x234 ./Core/Src/timebase.o
 .debug_macro   0x0001e7b5      0x254 ./Drivers/STM32G4xx_HAL_Driver/Src/stm32g4xx_hal.o
 .debug_macro   0x0001ea09      0x223 ./Drivers/STM32G4xx_HAL_Driver/Src/stm32g4xx_hal_adc.o
 .debug_macro   0x0001ec2c      0x212 ./Drivers/STM32G4xx_HAL_Driver/Src/stm32g4xx_hal_adc_ex.o
 .debug_macro   0x0001ee3e      0x206 ./Drivers/STM32G4xx_HAL_Driver/Src/stm32g4xx_hal_cortex.o
 .debug_macro   0x0001f044      0x206 ./Drivers/STM32G4xx_HAL_Driver/Src/stm32g4xx_hal_dma.o
 .debug_macro   0x0001f24a      0x20d ./Drivers/STM32G4xx_HAL_Driver/Src/stm32g4xx_hal_gpio.o
 .debug_macro   0x0001f457      0x230 ./Drivers/STM32G4xx_HAL_Driver/Src/stm32g4xx_hal_pwr_ex.o
 .debug_macro   0x0001f687      0x248 ./Drivers/STM32G4xx_HAL_Driver/Src/stm32g4xx_hal_rcc.o
 .debug_macro   0x0001f8cf      0x230 ./Drivers/STM32G4xx_HAL_Driver/Src/stm32g4xx_hal_rcc_ex.o
 .debug_macro   0x0001faff      0x20e ./Drivers/STM32G4xx_HAL_Driver/Src/stm32g4xx_hal_spi.o
 .debug_macro   0x0001fd0d      0x20e ./Drivers/STM32G4xx_HAL_Driver/Src/stm32g4xx_hal_tim.o
 .debug_macro   0x0001ff1b      0x20c ./Drivers/STM32G4xx_HAL_Driver/Src/stm32g4xx_hal_tim_ex.o
 .debug_macro   0x00020127      0x231 ./Drivers/STM32G4xx_HAL_Driver/Src/stm32g4xx_hal_uart.o
 .debug_macro   0x00020358      0x212 ./Drivers/STM32G4xx_HAL_Driver/Src/stm32g4xx_hal_uart_ex.o

.debug_line     0x00000000    0x1aba8
 .debug_line    0x00000000      0x813 ./Core/Src/app.o
 .debug_line    0x00000813      0xc14 ./Core/Src/main.o
 .debug_line    0x00001427      0xaa1 ./Core/Src/stm32g4xx_hal_msp.o
 .debug_line    0x00001ec8      0x900 ./Core/Src/stm32g4xx_it.o
 .debug_line    0x000027c8      0x846 ./Core/Src/system_stm32g4xx.o
 .debug_line    0x0000300e     0x178d ./Core/Src/timebase.o
 .debug_line    0x0000479b       0x7b ./Core/Startup/startup_stm32g431cbtx.o
 .debug_line    0x00004816      0xc12 ./Drivers/STM32G4xx_HAL_Driver/Src/stm32g4xx_hal.o
 .debug_line    0x00005428     0x201c ./Drivers/STM32G4xx_HAL_Driver/Src/stm32g4xx_hal_adc.o
 .debug_line    0x00007444     0x1a4e ./Drivers/STM32G4xx_HAL_Driver/Src/stm32g4xx_hal_adc_ex.o
 .debug_line    0x00008e92      0xd77 ./Drivers/STM32G4xx_HAL_Driver/Src/stm32g4xx_hal_cortex.o
 .debug_line    0x00009c09      0xf27 ./Drivers/STM32G4xx_HAL_Driver/Src/stm32g4xx_hal_dma.o
 .debug_line    0x0000ab30      0xbfe ./Drivers/STM32G4xx_HAL_Driver/Src/stm32g4xx_hal_gpio.o
 .debug_line    0x0000b72e      0xd71 ./Drivers/STM32G4xx_HAL_Driver/Src/stm32g4xx_hal_pwr_ex.o
 .debug_line    0x0000c49f     0x1095 ./Drivers/STM32G4xx_HAL_Driver/Src/stm32g4xx_hal_rcc.o
 .debug_line    0x0000d534     0x11c2 ./Drivers/STM32G4xx_HAL_Driver/Src/stm32g4xx_hal_rcc_ex.o
 .debug_line    0x0000e6f6     0x20c0 ./Drivers/STM32G4xx_HAL_Driver/Src/stm32g4xx_hal_spi.o
 .debug_line    0x000107b6     0x4007 ./Drivers/STM32G4xx_HAL_Driver/Src/stm32g4xx_hal_tim.o
 .debug_line    0x000147bd     0x2059 ./Drivers/STM32G4xx_HAL_Driver/Src/stm32g4xx_hal_tim_ex.o
 .debug_line    0x00016816     0x364b ./Drivers/STM32G4xx_HAL_Driver/Src/stm32g4xx_hal_uart.o
 .debug_line    0x00019e61      0xd47 ./Drivers/STM32G4xx_HAL_Driver/Src/stm32g4xx_hal_uart_ex.o

.debug_str      0x00000000    0xdb4ec
 .debug_str     0x00000000    0xdb4ec ./Core/Src/app.o
                              0xd4352 (size before relaxing)
 .debug_str     0x000db4ec    0xd5237 ./Core/Src/main.o
 .debug_str     0x000db4ec    0xd4eb3 ./Core/Src/stm32g4xx_hal_msp.o
 .debug_str     0x000db4ec    0xd3f48 ./Core/Src/stm32g4xx_it.o
 .debug_str     0x000db4ec    0xd357d ./Core/Src/system_stm32g4xx.o
 .debug_str     0x000db4ec    0xd5680 ./Core/Src/timebase.o
 .debug_str     0x000db4ec       0x92 ./Core/Startup/startup_stm32g431cbtx.o
 .debug_str     0x000db4ec    0xd40bc ./Drivers/STM32G4xx_HAL_Driver/Src/stm32g4xx_hal.o
 .debug_str     0x000db4ec    0xd45aa ./Drivers/STM32G4xx_HAL_Driver/Src/stm32g4xx_hal_adc.o
 .debug_str     0x000db4ec    0xd4550 ./Drivers/STM32G4xx_HAL_Driver/Src/stm32g4xx_hal_adc_ex.o
 .debug_str     0x000db4ec    0xd3d78 ./Drivers/STM32G4xx_HAL_Driver/Src/stm32g4xx_hal_cortex.o
 .debug_str     0x000db4ec    0xd3957 ./Drivers/STM32G4xx_HAL_Driver/Src/stm32g4xx_hal_dma.o
 .debug_str     0x000db4ec    0xd3708 ./Drivers/STM32G4xx_HAL_Driver/Src/stm32g4xx_hal_gpio.o
 .debug_str     0x000db4ec    0xd3a6b ./Drivers/STM32G4xx_HAL_Driver/Src/stm32g4xx_hal_pwr_ex.o
 .debug_str     0x000db4ec    0xd3c76 ./Drivers/STM32G4xx_HAL_Driver/Src/stm32g4xx_hal_rcc.o
 .debug_str     0x000db4ec    0xd3c77 ./Drivers/STM32G4xx_HAL_Driver/Src/stm32g4xx_hal_rcc_ex.o
 .debug_str     0x000db4ec    0xd3eaf ./Drivers/STM32G4xx_HAL_Driver/Src/stm32g4xx_hal_spi.o
 .debug_str     0x000db4ec    0xd4a7b ./Drivers/STM32G4xx_HAL_Driver/Src/stm32g4xx_hal_tim.o
 .debug_str     0x000db4ec    0xd46ef ./Drivers/STM32G4xx_HAL_Driver/Src/stm32g4xx_hal_tim_ex.o
 .debug_str     0x000db4ec    0xd4538 ./Drivers/STM32G4xx_HAL_Driver/Src/stm32g4xx_hal_uart.o
 .debug_str     0x000db4ec    0xd3d36 ./Drivers/STM32G4xx_HAL_Driver/Src/stm32g4xx_hal_uart_ex.o

.comment        0x00000000       0x43
 .comment       0x00000000       0x43 ./Core/Src/app.o
                                 0x44 (size before relaxing)
 .comment       0x00000043       0x44 ./Core/Src/main.o
 .comment       0x00000043       0x44 ./Core/Src/stm32g4xx_hal_msp.o
 .comment       0x00000043       0x44 ./Core/Src/stm32g4xx_it.o
 .comment       0x00000043       0x44 ./Core/Src/system_stm32g4xx.o
 .comment       0x00000043       0x44 ./Core/Src/timebase.o
 .comment       0x00000043       0x44 ./Drivers/STM32G4xx_HAL_Driver/Src/stm32g4xx_hal.o
 .comment       0x00000043       0x44 ./Drivers/STM32G4xx_HAL_Driver/Src/stm32g4xx_hal_adc.o
 .comment       0x00000043       0x44 ./Drivers/STM32G4xx_HAL_Driver/Src/stm32g4xx_hal_adc_ex.o
 .comment       0x00000043       0x44 ./Drivers/STM32G4xx_HAL_Driver/Src/stm32g4xx_hal_cortex.o
 .comment       0x00000043       0x44 ./Drivers/STM32G4xx_HAL_Driver/Src/stm32g4xx_hal_dma.o
 .comment       0x00000043       0x44 ./Drivers/STM32G4xx_HAL_Driver/Src/stm32g4xx_hal_gpio.o
 .comment       0x00000043       0x44 ./Drivers/STM32G4xx_HAL_Driver/Src/stm32g4xx_hal_pwr_ex.o
 .comment       0x00000043       0x44 ./Drivers/STM32G4xx_HAL_Driver/Src/stm32g4xx_hal_rcc.o
 .comment       0x00000043       0x44 ./Drivers/STM32G4xx_HAL_Driver/Src/stm32g4xx_hal_rcc_ex.o
 .comment       0x00000043       0x44 ./Drivers/STM32G4xx_HAL_Driver/Src/stm32g4xx_hal_spi.o
 .comment       0x00000043       0x44 ./Drivers/STM32G4xx_HAL_Driver/Src/stm32g4xx_hal_tim.o
 .comment       0x00000043       0x44 ./Drivers/STM32G4xx_HAL_Driver/Src/stm32g4xx_hal_tim_ex.o
 .comment       0x00000043       0x44 ./Drivers/STM32G4xx_HAL_Driver/Src/stm32g4xx_hal_uart.o
 .comment       0x00000043       0x44 ./Drivers/STM32G4xx_HAL_Driver/Src/stm32g4xx_hal_uart_ex.o

.debug_frame    0x00000000     0x700c
 .debug_frame   0x00000000       0x54 ./Core/Src/app.o
 .debug_frame   0x00000054      0x154 ./Core/Src/main.o
 .debug_frame   0x000001a8      0x184 ./Core/Src/stm32g4xx_hal_msp.o
 .debug_frame   0x0000032c      0x190 ./Core/Src/stm32g4xx_it.o
 .debug_frame   0x000004bc       0x58 ./Core/Src/system_stm32g4xx.o
 .debug_frame   0x00000514      0xdc8 ./Core/Src/timebase.o
 .debug_frame   0x000012dc      0x500 ./Drivers/STM32G4xx_HAL_Driver/Src/stm32g4xx_hal.o
 .debug_frame   0x000017dc      0xacc ./Drivers/STM32G4xx_HAL_Driver/Src/stm32g4xx_hal_adc.o
 .debug_frame   0x000022a8      0x81c ./Drivers/STM32G4xx_HAL_Driver/Src/stm32g4xx_hal_adc_ex.o
 .debug_frame   0x00002ac4      0x4e8 ./Drivers/STM32G4xx_HAL_Driver/Src/stm32g4xx_hal_cortex.o
 .debug_frame   0x00002fac      0x24c ./Drivers/STM32G4xx_HAL_Driver/Src/stm32g4xx_hal_dma.o
 .debug_frame   0x000031f8      0x14c ./Drivers/STM32G4xx_HAL_Driver/Src/stm32g4xx_hal_gpio.o
 .debug_frame   0x00003344      0x4fc ./Drivers/STM32G4xx_HAL_Driver/Src/stm32g4xx_hal_pwr_ex.o
 .debug_frame   0x00003840      0x23c ./Drivers/STM32G4xx_HAL_Driver/Src/stm32g4xx_hal_rcc.o
 .debug_frame   0x00003a7c      0x2ac ./Drivers/STM32G4xx_HAL_Driver/Src/stm32g4xx_hal_rcc_ex.o
 .debug_frame   0x00003d28      0x860 ./Drivers/STM32G4xx_HAL_Driver/Src/stm32g4xx_hal_spi.o
 .debug_frame   0x00004588     0x121c ./Drivers/STM32G4xx_HAL_Driver/Src/stm32g4xx_hal_tim.o
 .debug_frame   0x000057a4      0xa68 ./Drivers/STM32G4xx_HAL_Driver/Src/stm32g4xx_hal_tim_ex.o
 .debug_frame   0x0000620c      0xa94 ./Drivers/STM32G4xx_HAL_Driver/Src/stm32g4xx_hal_uart.o
 .debug_frame   0x00006ca0      0x2c0 ./Drivers/STM32G4xx_HAL_Driver/Src/stm32g4xx_hal_uart_ex.o
 .debug_frame   0x00006f60       0x20 C:/ST/STM32CubeIDE_1.19.0/STM32CubeIDE/plugins/com.st.stm32cube.ide.mcu.externaltools.gnu-tools-for-stm32.13.3.rel1.win32_1.0.0.202411081344/tools/bin/../lib/gcc/arm-none-eabi/13.3.1/../../../../arm-none-eabi/lib/thumb/v7e-m+fp/hard\libc_nano.a(libc_a-memset.o)
 .debug_frame   0x00006f80       0x2c C:/ST/STM32CubeIDE_1.19.0/STM32CubeIDE/plugins/com.st.stm32cube.ide.mcu.externaltools.gnu-tools-for-stm32.13.3.rel1.win32_1.0.0.202411081344/tools/bin/../lib/gcc/arm-none-eabi/13.3.1/../../../../arm-none-eabi/lib/thumb/v7e-m+fp/hard\libc_nano.a(libc_a-init.o)
 .debug_frame   0x00006fac       0x2c C:/ST/STM32CubeIDE_1.19.0/STM32CubeIDE/plugins/com.st.stm32cube.ide.mcu.externaltools.gnu-tools-for-stm32.13.3.rel1.win32_1.0.0.202411081344/tools/bin/../lib/gcc/arm-none-eabi/13.3.1/thumb/v7e-m+fp/hard\libgcc.a(_aeabi_uldivmod.o)
 .debug_frame   0x00006fd8       0x34 C:/ST/STM32CubeIDE_1.19.0/STM32CubeIDE/plugins/com.st.stm32cube.ide.mcu.externaltools.gnu-tools-for-stm32.13.3.rel1.win32_1.0.0.202411081344/tools/bin/../lib/gcc/arm-none-eabi/13.3.1/thumb/v7e-m+fp/hard\libgcc.a(_udivmoddi4.o)

.debug_line_str
                0x00000000       0x76
 .debug_line_str
                0x00000000       0x76 ./Core/Startup/startup_stm32g431cbtx.o
