14:07:04 **** Build of configuration Debug for project ESC_Project_Firmware ****
make -j20 all 
arm-none-eabi-gcc "../Drivers/STM32G4xx_HAL_Driver/Src/stm32g4xx_hal.c" -mcpu=cortex-m4 -std=gnu11 -g3 -DDEBUG -DUSE_HAL_DRIVER -DSTM32G431xx -c -I../Core/Inc -I../Drivers/STM32G4xx_HAL_Driver/Inc -I../Drivers/STM32G4xx_HAL_Driver/Inc/Legacy -I../Drivers/CMSIS/Device/ST/STM32G4xx/Include -I../Drivers/CMSIS/Include -O0 -ffunction-sections -fdata-sections -Wall -fstack-usage -fcyclomatic-complexity -MMD -MP -MF"Drivers/STM32G4xx_HAL_Driver/Src/stm32g4xx_hal.d" -MT"Drivers/STM32G4xx_HAL_Driver/Src/stm32g4xx_hal.o" --specs=nano.specs -mfpu=fpv4-sp-d16 -mfloat-abi=hard -mthumb -o "Drivers/STM32G4xx_HAL_Driver/Src/stm32g4xx_hal.o"
arm-none-eabi-gcc "../Drivers/STM32G4xx_HAL_Driver/Src/stm32g4xx_hal_adc.c" -mcpu=cortex-m4 -std=gnu11 -g3 -DDEBUG -DUSE_HAL_DRIVER -DSTM32G431xx -c -I../Core/Inc -I../Drivers/STM32G4xx_HAL_Driver/Inc -I../Drivers/STM32G4xx_HAL_Driver/Inc/Legacy -I../Drivers/CMSIS/Device/ST/STM32G4xx/Include -I../Drivers/CMSIS/Include -O0 -ffunction-sections -fdata-sections -Wall -fstack-usage -fcyclomatic-complexity -MMD -MP -MF"Drivers/STM32G4xx_HAL_Driver/Src/stm32g4xx_hal_adc.d" -MT"Drivers/STM32G4xx_HAL_Driver/Src/stm32g4xx_hal_adc.o" --specs=nano.specs -mfpu=fpv4-sp-d16 -mfloat-abi=hard -mthumb -o "Drivers/STM32G4xx_HAL_Driver/Src/stm32g4xx_hal_adc.o"
arm-none-eabi-gcc "../Drivers/STM32G4xx_HAL_Driver/Src/stm32g4xx_hal_adc_ex.c" -mcpu=cortex-m4 -std=gnu11 -g3 -DDEBUG -DUSE_HAL_DRIVER -DSTM32G431xx -c -I../Core/Inc -I../Drivers/STM32G4xx_HAL_Driver/Inc -I../Drivers/STM32G4xx_HAL_Driver/Inc/Legacy -I../Drivers/CMSIS/Device/ST/STM32G4xx/Include -I../Drivers/CMSIS/Include -O0 -ffunction-sections -fdata-sections -Wall -fstack-usage -fcyclomatic-complexity -MMD -MP -MF"Drivers/STM32G4xx_HAL_Driver/Src/stm32g4xx_hal_adc_ex.d" -MT"Drivers/STM32G4xx_HAL_Driver/Src/stm32g4xx_hal_adc_ex.o" --specs=nano.specs -mfpu=fpv4-sp-d16 -mfloat-abi=hard -mthumb -o "Drivers/STM32G4xx_HAL_Driver/Src/stm32g4xx_hal_adc_ex.o"
arm-none-eabi-gcc "../Drivers/STM32G4xx_HAL_Driver/Src/stm32g4xx_hal_cortex.c" -mcpu=cortex-m4 -std=gnu11 -g3 -DDEBUG -DUSE_HAL_DRIVER -DSTM32G431xx -c -I../Core/Inc -I../Drivers/STM32G4xx_HAL_Driver/Inc -I../Drivers/STM32G4xx_HAL_Driver/Inc/Legacy -I../Drivers/CMSIS/Device/ST/STM32G4xx/Include -I../Drivers/CMSIS/Include -O0 -ffunction-sections -fdata-sections -Wall -fstack-usage -fcyclomatic-complexity -MMD -MP -MF"Drivers/STM32G4xx_HAL_Driver/Src/stm32g4xx_hal_cortex.d" -MT"Drivers/STM32G4xx_HAL_Driver/Src/stm32g4xx_hal_cortex.o" --specs=nano.specs -mfpu=fpv4-sp-d16 -mfloat-abi=hard -mthumb -o "Drivers/STM32G4xx_HAL_Driver/Src/stm32g4xx_hal_cortex.o"
arm-none-eabi-gcc "../Drivers/STM32G4xx_HAL_Driver/Src/stm32g4xx_hal_dma.c" -mcpu=cortex-m4 -std=gnu11 -g3 -DDEBUG -DUSE_HAL_DRIVER -DSTM32G431xx -c -I../Core/Inc -I../Drivers/STM32G4xx_HAL_Driver/Inc -I../Drivers/STM32G4xx_HAL_Driver/Inc/Legacy -I../Drivers/CMSIS/Device/ST/STM32G4xx/Include -I../Drivers/CMSIS/Include -O0 -ffunction-sections -fdata-sections -Wall -fstack-usage -fcyclomatic-complexity -MMD -MP -MF"Drivers/STM32G4xx_HAL_Driver/Src/stm32g4xx_hal_dma.d" -MT"Drivers/STM32G4xx_HAL_Driver/Src/stm32g4xx_hal_dma.o" --specs=nano.specs -mfpu=fpv4-sp-d16 -mfloat-abi=hard -mthumb -o "Drivers/STM32G4xx_HAL_Driver/Src/stm32g4xx_hal_dma.o"
arm-none-eabi-gcc "../Drivers/STM32G4xx_HAL_Driver/Src/stm32g4xx_hal_dma_ex.c" -mcpu=cortex-m4 -std=gnu11 -g3 -DDEBUG -DUSE_HAL_DRIVER -DSTM32G431xx -c -I../Core/Inc -I../Drivers/STM32G4xx_HAL_Driver/Inc -I../Drivers/STM32G4xx_HAL_Driver/Inc/Legacy -I../Drivers/CMSIS/Device/ST/STM32G4xx/Include -I../Drivers/CMSIS/Include -O0 -ffunction-sections -fdata-sections -Wall -fstack-usage -fcyclomatic-complexity -MMD -MP -MF"Drivers/STM32G4xx_HAL_Driver/Src/stm32g4xx_hal_dma_ex.d" -MT"Drivers/STM32G4xx_HAL_Driver/Src/stm32g4xx_hal_dma_ex.o" --specs=nano.specs -mfpu=fpv4-sp-d16 -mfloat-abi=hard -mthumb -o "Drivers/STM32G4xx_HAL_Driver/Src/stm32g4xx_hal_dma_ex.o"
arm-none-eabi-gcc "../Drivers/STM32G4xx_HAL_Driver/Src/stm32g4xx_hal_exti.c" -mcpu=cortex-m4 -std=gnu11 -g3 -DDEBUG -DUSE_HAL_DRIVER -DSTM32G431xx -c -I../Core/Inc -I../Drivers/STM32G4xx_HAL_Driver/Inc -I../Drivers/STM32G4xx_HAL_Driver/Inc/Legacy -I../Drivers/CMSIS/Device/ST/STM32G4xx/Include -I../Drivers/CMSIS/Include -O0 -ffunction-sections -fdata-sections -Wall -fstack-usage -fcyclomatic-complexity -MMD -MP -MF"Drivers/STM32G4xx_HAL_Driver/Src/stm32g4xx_hal_exti.d" -MT"Drivers/STM32G4xx_HAL_Driver/Src/stm32g4xx_hal_exti.o" --specs=nano.specs -mfpu=fpv4-sp-d16 -mfloat-abi=hard -mthumb -o "Drivers/STM32G4xx_HAL_Driver/Src/stm32g4xx_hal_exti.o"
arm-none-eabi-gcc "../Drivers/STM32G4xx_HAL_Driver/Src/stm32g4xx_hal_flash.c" -mcpu=cortex-m4 -std=gnu11 -g3 -DDEBUG -DUSE_HAL_DRIVER -DSTM32G431xx -c -I../Core/Inc -I../Drivers/STM32G4xx_HAL_Driver/Inc -I../Drivers/STM32G4xx_HAL_Driver/Inc/Legacy -I../Drivers/CMSIS/Device/ST/STM32G4xx/Include -I../Drivers/CMSIS/Include -O0 -ffunction-sections -fdata-sections -Wall -fstack-usage -fcyclomatic-complexity -MMD -MP -MF"Drivers/STM32G4xx_HAL_Driver/Src/stm32g4xx_hal_flash.d" -MT"Drivers/STM32G4xx_HAL_Driver/Src/stm32g4xx_hal_flash.o" --specs=nano.specs -mfpu=fpv4-sp-d16 -mfloat-abi=hard -mthumb -o "Drivers/STM32G4xx_HAL_Driver/Src/stm32g4xx_hal_flash.o"
arm-none-eabi-gcc "../Drivers/STM32G4xx_HAL_Driver/Src/stm32g4xx_hal_flash_ex.c" -mcpu=cortex-m4 -std=gnu11 -g3 -DDEBUG -DUSE_HAL_DRIVER -DSTM32G431xx -c -I../Core/Inc -I../Drivers/STM32G4xx_HAL_Driver/Inc -I../Drivers/STM32G4xx_HAL_Driver/Inc/Legacy -I../Drivers/CMSIS/Device/ST/STM32G4xx/Include -I../Drivers/CMSIS/Include -O0 -ffunction-sections -fdata-sections -Wall -fstack-usage -fcyclomatic-complexity -MMD -MP -MF"Drivers/STM32G4xx_HAL_Driver/Src/stm32g4xx_hal_flash_ex.d" -MT"Drivers/STM32G4xx_HAL_Driver/Src/stm32g4xx_hal_flash_ex.o" --specs=nano.specs -mfpu=fpv4-sp-d16 -mfloat-abi=hard -mthumb -o "Drivers/STM32G4xx_HAL_Driver/Src/stm32g4xx_hal_flash_ex.o"
arm-none-eabi-gcc "../Drivers/STM32G4xx_HAL_Driver/Src/stm32g4xx_hal_flash_ramfunc.c" -mcpu=cortex-m4 -std=gnu11 -g3 -DDEBUG -DUSE_HAL_DRIVER -DSTM32G431xx -c -I../Core/Inc -I../Drivers/STM32G4xx_HAL_Driver/Inc -I../Drivers/STM32G4xx_HAL_Driver/Inc/Legacy -I../Drivers/CMSIS/Device/ST/STM32G4xx/Include -I../Drivers/CMSIS/Include -O0 -ffunction-sections -fdata-sections -Wall -fstack-usage -fcyclomatic-complexity -MMD -MP -MF"Drivers/STM32G4xx_HAL_Driver/Src/stm32g4xx_hal_flash_ramfunc.d" -MT"Drivers/STM32G4xx_HAL_Driver/Src/stm32g4xx_hal_flash_ramfunc.o" --specs=nano.specs -mfpu=fpv4-sp-d16 -mfloat-abi=hard -mthumb -o "Drivers/STM32G4xx_HAL_Driver/Src/stm32g4xx_hal_flash_ramfunc.o"
arm-none-eabi-gcc "../Drivers/STM32G4xx_HAL_Driver/Src/stm32g4xx_hal_gpio.c" -mcpu=cortex-m4 -std=gnu11 -g3 -DDEBUG -DUSE_HAL_DRIVER -DSTM32G431xx -c -I../Core/Inc -I../Drivers/STM32G4xx_HAL_Driver/Inc -I../Drivers/STM32G4xx_HAL_Driver/Inc/Legacy -I../Drivers/CMSIS/Device/ST/STM32G4xx/Include -I../Drivers/CMSIS/Include -O0 -ffunction-sections -fdata-sections -Wall -fstack-usage -fcyclomatic-complexity -MMD -MP -MF"Drivers/STM32G4xx_HAL_Driver/Src/stm32g4xx_hal_gpio.d" -MT"Drivers/STM32G4xx_HAL_Driver/Src/stm32g4xx_hal_gpio.o" --specs=nano.specs -mfpu=fpv4-sp-d16 -mfloat-abi=hard -mthumb -o "Drivers/STM32G4xx_HAL_Driver/Src/stm32g4xx_hal_gpio.o"
arm-none-eabi-gcc "../Drivers/STM32G4xx_HAL_Driver/Src/stm32g4xx_hal_pwr.c" -mcpu=cortex-m4 -std=gnu11 -g3 -DDEBUG -DUSE_HAL_DRIVER -DSTM32G431xx -c -I../Core/Inc -I../Drivers/STM32G4xx_HAL_Driver/Inc -I../Drivers/STM32G4xx_HAL_Driver/Inc/Legacy -I../Drivers/CMSIS/Device/ST/STM32G4xx/Include -I../Drivers/CMSIS/Include -O0 -ffunction-sections -fdata-sections -Wall -fstack-usage -fcyclomatic-complexity -MMD -MP -MF"Drivers/STM32G4xx_HAL_Driver/Src/stm32g4xx_hal_pwr.d" -MT"Drivers/STM32G4xx_HAL_Driver/Src/stm32g4xx_hal_pwr.o" --specs=nano.specs -mfpu=fpv4-sp-d16 -mfloat-abi=hard -mthumb -o "Drivers/STM32G4xx_HAL_Driver/Src/stm32g4xx_hal_pwr.o"
arm-none-eabi-gcc "../Drivers/STM32G4xx_HAL_Driver/Src/stm32g4xx_hal_pwr_ex.c" -mcpu=cortex-m4 -std=gnu11 -g3 -DDEBUG -DUSE_HAL_DRIVER -DSTM32G431xx -c -I../Core/Inc -I../Drivers/STM32G4xx_HAL_Driver/Inc -I../Drivers/STM32G4xx_HAL_Driver/Inc/Legacy -I../Drivers/CMSIS/Device/ST/STM32G4xx/Include -I../Drivers/CMSIS/Include -O0 -ffunction-sections -fdata-sections -Wall -fstack-usage -fcyclomatic-complexity -MMD -MP -MF"Drivers/STM32G4xx_HAL_Driver/Src/stm32g4xx_hal_pwr_ex.d" -MT"Drivers/STM32G4xx_HAL_Driver/Src/stm32g4xx_hal_pwr_ex.o" --specs=nano.specs -mfpu=fpv4-sp-d16 -mfloat-abi=hard -mthumb -o "Drivers/STM32G4xx_HAL_Driver/Src/stm32g4xx_hal_pwr_ex.o"
arm-none-eabi-gcc "../Drivers/STM32G4xx_HAL_Driver/Src/stm32g4xx_hal_rcc.c" -mcpu=cortex-m4 -std=gnu11 -g3 -DDEBUG -DUSE_HAL_DRIVER -DSTM32G431xx -c -I../Core/Inc -I../Drivers/STM32G4xx_HAL_Driver/Inc -I../Drivers/STM32G4xx_HAL_Driver/Inc/Legacy -I../Drivers/CMSIS/Device/ST/STM32G4xx/Include -I../Drivers/CMSIS/Include -O0 -ffunction-sections -fdata-sections -Wall -fstack-usage -fcyclomatic-complexity -MMD -MP -MF"Drivers/STM32G4xx_HAL_Driver/Src/stm32g4xx_hal_rcc.d" -MT"Drivers/STM32G4xx_HAL_Driver/Src/stm32g4xx_hal_rcc.o" --specs=nano.specs -mfpu=fpv4-sp-d16 -mfloat-abi=hard -mthumb -o "Drivers/STM32G4xx_HAL_Driver/Src/stm32g4xx_hal_rcc.o"
arm-none-eabi-gcc "../Drivers/STM32G4xx_HAL_Driver/Src/stm32g4xx_hal_rcc_ex.c" -mcpu=cortex-m4 -std=gnu11 -g3 -DDEBUG -DUSE_HAL_DRIVER -DSTM32G431xx -c -I../Core/Inc -I../Drivers/STM32G4xx_HAL_Driver/Inc -I../Drivers/STM32G4xx_HAL_Driver/Inc/Legacy -I../Drivers/CMSIS/Device/ST/STM32G4xx/Include -I../Drivers/CMSIS/Include -O0 -ffunction-sections -fdata-sections -Wall -fstack-usage -fcyclomatic-complexity -MMD -MP -MF"Drivers/STM32G4xx_HAL_Driver/Src/stm32g4xx_hal_rcc_ex.d" -MT"Drivers/STM32G4xx_HAL_Driver/Src/stm32g4xx_hal_rcc_ex.o" --specs=nano.specs -mfpu=fpv4-sp-d16 -mfloat-abi=hard -mthumb -o "Drivers/STM32G4xx_HAL_Driver/Src/stm32g4xx_hal_rcc_ex.o"
arm-none-eabi-gcc "../Drivers/STM32G4xx_HAL_Driver/Src/stm32g4xx_hal_spi.c" -mcpu=cortex-m4 -std=gnu11 -g3 -DDEBUG -DUSE_HAL_DRIVER -DSTM32G431xx -c -I../Core/Inc -I../Drivers/STM32G4xx_HAL_Driver/Inc -I../Drivers/STM32G4xx_HAL_Driver/Inc/Legacy -I../Drivers/CMSIS/Device/ST/STM32G4xx/Include -I../Drivers/CMSIS/Include -O0 -ffunction-sections -fdata-sections -Wall -fstack-usage -fcyclomatic-complexity -MMD -MP -MF"Drivers/STM32G4xx_HAL_Driver/Src/stm32g4xx_hal_spi.d" -MT"Drivers/STM32G4xx_HAL_Driver/Src/stm32g4xx_hal_spi.o" --specs=nano.specs -mfpu=fpv4-sp-d16 -mfloat-abi=hard -mthumb -o "Drivers/STM32G4xx_HAL_Driver/Src/stm32g4xx_hal_spi.o"
arm-none-eabi-gcc "../Drivers/STM32G4xx_HAL_Driver/Src/stm32g4xx_hal_spi_ex.c" -mcpu=cortex-m4 -std=gnu11 -g3 -DDEBUG -DUSE_HAL_DRIVER -DSTM32G431xx -c -I../Core/Inc -I../Drivers/STM32G4xx_HAL_Driver/Inc -I../Drivers/STM32G4xx_HAL_Driver/Inc/Legacy -I../Drivers/CMSIS/Device/ST/STM32G4xx/Include -I../Drivers/CMSIS/Include -O0 -ffunction-sections -fdata-sections -Wall -fstack-usage -fcyclomatic-complexity -MMD -MP -MF"Drivers/STM32G4xx_HAL_Driver/Src/stm32g4xx_hal_spi_ex.d" -MT"Drivers/STM32G4xx_HAL_Driver/Src/stm32g4xx_hal_spi_ex.o" --specs=nano.specs -mfpu=fpv4-sp-d16 -mfloat-abi=hard -mthumb -o "Drivers/STM32G4xx_HAL_Driver/Src/stm32g4xx_hal_spi_ex.o"
arm-none-eabi-gcc "../Drivers/STM32G4xx_HAL_Driver/Src/stm32g4xx_hal_tim.c" -mcpu=cortex-m4 -std=gnu11 -g3 -DDEBUG -DUSE_HAL_DRIVER -DSTM32G431xx -c -I../Core/Inc -I../Drivers/STM32G4xx_HAL_Driver/Inc -I../Drivers/STM32G4xx_HAL_Driver/Inc/Legacy -I../Drivers/CMSIS/Device/ST/STM32G4xx/Include -I../Drivers/CMSIS/Include -O0 -ffunction-sections -fdata-sections -Wall -fstack-usage -fcyclomatic-complexity -MMD -MP -MF"Drivers/STM32G4xx_HAL_Driver/Src/stm32g4xx_hal_tim.d" -MT"Drivers/STM32G4xx_HAL_Driver/Src/stm32g4xx_hal_tim.o" --specs=nano.specs -mfpu=fpv4-sp-d16 -mfloat-abi=hard -mthumb -o "Drivers/STM32G4xx_HAL_Driver/Src/stm32g4xx_hal_tim.o"
arm-none-eabi-gcc "../Drivers/STM32G4xx_HAL_Driver/Src/stm32g4xx_hal_tim_ex.c" -mcpu=cortex-m4 -std=gnu11 -g3 -DDEBUG -DUSE_HAL_DRIVER -DSTM32G431xx -c -I../Core/Inc -I../Drivers/STM32G4xx_HAL_Driver/Inc -I../Drivers/STM32G4xx_HAL_Driver/Inc/Legacy -I../Drivers/CMSIS/Device/ST/STM32G4xx/Include -I../Drivers/CMSIS/Include -O0 -ffunction-sections -fdata-sections -Wall -fstack-usage -fcyclomatic-complexity -MMD -MP -MF"Drivers/STM32G4xx_HAL_Driver/Src/stm32g4xx_hal_tim_ex.d" -MT"Drivers/STM32G4xx_HAL_Driver/Src/stm32g4xx_hal_tim_ex.o" --specs=nano.specs -mfpu=fpv4-sp-d16 -mfloat-abi=hard -mthumb -o "Drivers/STM32G4xx_HAL_Driver/Src/stm32g4xx_hal_tim_ex.o"
arm-none-eabi-gcc "../Drivers/STM32G4xx_HAL_Driver/Src/stm32g4xx_hal_uart.c" -mcpu=cortex-m4 -std=gnu11 -g3 -DDEBUG -DUSE_HAL_DRIVER -DSTM32G431xx -c -I../Core/Inc -I../Drivers/STM32G4xx_HAL_Driver/Inc -I../Drivers/STM32G4xx_HAL_Driver/Inc/Legacy -I../Drivers/CMSIS/Device/ST/STM32G4xx/Include -I../Drivers/CMSIS/Include -O0 -ffunction-sections -fdata-sections -Wall -fstack-usage -fcyclomatic-complexity -MMD -MP -MF"Drivers/STM32G4xx_HAL_Driver/Src/stm32g4xx_hal_uart.d" -MT"Drivers/STM32G4xx_HAL_Driver/Src/stm32g4xx_hal_uart.o" --specs=nano.specs -mfpu=fpv4-sp-d16 -mfloat-abi=hard -mthumb -o "Drivers/STM32G4xx_HAL_Driver/Src/stm32g4xx_hal_uart.o"
arm-none-eabi-gcc "../Drivers/STM32G4xx_HAL_Driver/Src/stm32g4xx_hal_uart_ex.c" -mcpu=cortex-m4 -std=gnu11 -g3 -DDEBUG -DUSE_HAL_DRIVER -DSTM32G431xx -c -I../Core/Inc -I../Drivers/STM32G4xx_HAL_Driver/Inc -I../Drivers/STM32G4xx_HAL_Driver/Inc/Legacy -I../Drivers/CMSIS/Device/ST/STM32G4xx/Include -I../Drivers/CMSIS/Include -O0 -ffunction-sections -fdata-sections -Wall -fstack-usage -fcyclomatic-complexity -MMD -MP -MF"Drivers/STM32G4xx_HAL_Driver/Src/stm32g4xx_hal_uart_ex.d" -MT"Drivers/STM32G4xx_HAL_Driver/Src/stm32g4xx_hal_uart_ex.o" --specs=nano.specs -mfpu=fpv4-sp-d16 -mfloat-abi=hard -mthumb -o "Drivers/STM32G4xx_HAL_Driver/Src/stm32g4xx_hal_uart_ex.o"
arm-none-eabi-gcc "../Drivers/STM32G4xx_HAL_Driver/Src/stm32g4xx_ll_adc.c" -mcpu=cortex-m4 -std=gnu11 -g3 -DDEBUG -DUSE_HAL_DRIVER -DSTM32G431xx -c -I../Core/Inc -I../Drivers/STM32G4xx_HAL_Driver/Inc -I../Drivers/STM32G4xx_HAL_Driver/Inc/Legacy -I../Drivers/CMSIS/Device/ST/STM32G4xx/Include -I../Drivers/CMSIS/Include -O0 -ffunction-sections -fdata-sections -Wall -fstack-usage -fcyclomatic-complexity -MMD -MP -MF"Drivers/STM32G4xx_HAL_Driver/Src/stm32g4xx_ll_adc.d" -MT"Drivers/STM32G4xx_HAL_Driver/Src/stm32g4xx_ll_adc.o" --specs=nano.specs -mfpu=fpv4-sp-d16 -mfloat-abi=hard -mthumb -o "Drivers/STM32G4xx_HAL_Driver/Src/stm32g4xx_ll_adc.o"
arm-none-eabi-gcc -mcpu=cortex-m4 -g3 -DDEBUG -c -x assembler-with-cpp -MMD -MP -MF"Core/Startup/startup_stm32g431cbtx.d" -MT"Core/Startup/startup_stm32g431cbtx.o" --specs=nano.specs -mfpu=fpv4-sp-d16 -mfloat-abi=hard -mthumb -o "Core/Startup/startup_stm32g431cbtx.o" "../Core/Startup/startup_stm32g431cbtx.s"
arm-none-eabi-gcc "../Core/Src/app.c" -mcpu=cortex-m4 -std=gnu11 -g3 -DDEBUG -DUSE_HAL_DRIVER -DSTM32G431xx -c -I../Core/Inc -I../Drivers/STM32G4xx_HAL_Driver/Inc -I../Drivers/STM32G4xx_HAL_Driver/Inc/Legacy -I../Drivers/CMSIS/Device/ST/STM32G4xx/Include -I../Drivers/CMSIS/Include -O0 -ffunction-sections -fdata-sections -Wall -fstack-usage -fcyclomatic-complexity -MMD -MP -MF"Core/Src/app.d" -MT"Core/Src/app.o" --specs=nano.specs -mfpu=fpv4-sp-d16 -mfloat-abi=hard -mthumb -o "Core/Src/app.o"
arm-none-eabi-gcc "../Core/Src/main.c" -mcpu=cortex-m4 -std=gnu11 -g3 -DDEBUG -DUSE_HAL_DRIVER -DSTM32G431xx -c -I../Core/Inc -I../Drivers/STM32G4xx_HAL_Driver/Inc -I../Drivers/STM32G4xx_HAL_Driver/Inc/Legacy -I../Drivers/CMSIS/Device/ST/STM32G4xx/Include -I../Drivers/CMSIS/Include -O0 -ffunction-sections -fdata-sections -Wall -fstack-usage -fcyclomatic-complexity -MMD -MP -MF"Core/Src/main.d" -MT"Core/Src/main.o" --specs=nano.specs -mfpu=fpv4-sp-d16 -mfloat-abi=hard -mthumb -o "Core/Src/main.o"
arm-none-eabi-gcc "../Core/Src/stm32g4xx_hal_msp.c" -mcpu=cortex-m4 -std=gnu11 -g3 -DDEBUG -DUSE_HAL_DRIVER -DSTM32G431xx -c -I../Core/Inc -I../Drivers/STM32G4xx_HAL_Driver/Inc -I../Drivers/STM32G4xx_HAL_Driver/Inc/Legacy -I../Drivers/CMSIS/Device/ST/STM32G4xx/Include -I../Drivers/CMSIS/Include -O0 -ffunction-sections -fdata-sections -Wall -fstack-usage -fcyclomatic-complexity -MMD -MP -MF"Core/Src/stm32g4xx_hal_msp.d" -MT"Core/Src/stm32g4xx_hal_msp.o" --specs=nano.specs -mfpu=fpv4-sp-d16 -mfloat-abi=hard -mthumb -o "Core/Src/stm32g4xx_hal_msp.o"
arm-none-eabi-gcc "../Core/Src/stm32g4xx_it.c" -mcpu=cortex-m4 -std=gnu11 -g3 -DDEBUG -DUSE_HAL_DRIVER -DSTM32G431xx -c -I../Core/Inc -I../Drivers/STM32G4xx_HAL_Driver/Inc -I../Drivers/STM32G4xx_HAL_Driver/Inc/Legacy -I../Drivers/CMSIS/Device/ST/STM32G4xx/Include -I../Drivers/CMSIS/Include -O0 -ffunction-sections -fdata-sections -Wall -fstack-usage -fcyclomatic-complexity -MMD -MP -MF"Core/Src/stm32g4xx_it.d" -MT"Core/Src/stm32g4xx_it.o" --specs=nano.specs -mfpu=fpv4-sp-d16 -mfloat-abi=hard -mthumb -o "Core/Src/stm32g4xx_it.o"
arm-none-eabi-gcc "../Core/Src/syscalls.c" -mcpu=cortex-m4 -std=gnu11 -g3 -DDEBUG -DUSE_HAL_DRIVER -DSTM32G431xx -c -I../Core/Inc -I../Drivers/STM32G4xx_HAL_Driver/Inc -I../Drivers/STM32G4xx_HAL_Driver/Inc/Legacy -I../Drivers/CMSIS/Device/ST/STM32G4xx/Include -I../Drivers/CMSIS/Include -O0 -ffunction-sections -fdata-sections -Wall -fstack-usage -fcyclomatic-complexity -MMD -MP -MF"Core/Src/syscalls.d" -MT"Core/Src/syscalls.o" --specs=nano.specs -mfpu=fpv4-sp-d16 -mfloat-abi=hard -mthumb -o "Core/Src/syscalls.o"
arm-none-eabi-gcc "../Core/Src/sysmem.c" -mcpu=cortex-m4 -std=gnu11 -g3 -DDEBUG -DUSE_HAL_DRIVER -DSTM32G431xx -c -I../Core/Inc -I../Drivers/STM32G4xx_HAL_Driver/Inc -I../Drivers/STM32G4xx_HAL_Driver/Inc/Legacy -I../Drivers/CMSIS/Device/ST/STM32G4xx/Include -I../Drivers/CMSIS/Include -O0 -ffunction-sections -fdata-sections -Wall -fstack-usage -fcyclomatic-complexity -MMD -MP -MF"Core/Src/sysmem.d" -MT"Core/Src/sysmem.o" --specs=nano.specs -mfpu=fpv4-sp-d16 -mfloat-abi=hard -mthumb -o "Core/Src/sysmem.o"
arm-none-eabi-gcc "../Core/Src/system_stm32g4xx.c" -mcpu=cortex-m4 -std=gnu11 -g3 -DDEBUG -DUSE_HAL_DRIVER -DSTM32G431xx -c -I../Core/Inc -I../Drivers/STM32G4xx_HAL_Driver/Inc -I../Drivers/STM32G4xx_HAL_Driver/Inc/Legacy -I../Drivers/CMSIS/Device/ST/STM32G4xx/Include -I../Drivers/CMSIS/Include -O0 -ffunction-sections -fdata-sections -Wall -fstack-usage -fcyclomatic-complexity -MMD -MP -MF"Core/Src/system_stm32g4xx.d" -MT"Core/Src/system_stm32g4xx.o" --specs=nano.specs -mfpu=fpv4-sp-d16 -mfloat-abi=hard -mthumb -o "Core/Src/system_stm32g4xx.o"
arm-none-eabi-gcc -o "ESC_Project_Firmware.elf" @"objects.list"   -mcpu=cortex-m4 -T"E:\Personal Projects\ESC_V1.0\ESC_Project_Firmware\ESC_Project_Firmware\STM32G431CBTX_FLASH.ld" --specs=nosys.specs -Wl,-Map="ESC_Project_Firmware.map" -Wl,--gc-sections -static --specs=nano.specs -mfpu=fpv4-sp-d16 -mfloat-abi=hard -mthumb -Wl,--start-group -lc -lm -Wl,--end-group
Finished building target: ESC_Project_Firmware.elf
 
arm-none-eabi-size  ESC_Project_Firmware.elf 
arm-none-eabi-objdump -h -S ESC_Project_Firmware.elf  > "ESC_Project_Firmware.list"
   text	   data	    bss	    dec	    hex	filename
  26136	     12	   2500	  28648	   6fe8	ESC_Project_Firmware.elf
Finished building: default.size.stdout
 
Finished building: ESC_Project_Firmware.list
 
14:08:24 **** Incremental Build of configuration Debug for project ESC_Project_Firmware ****
make -j20 all 
arm-none-eabi-size  ESC_Project_Firmware.elf 
   text	   data	    bss	    dec	    hex	filename
  26136	     12	   2500	  28648	   6fe8	ESC_Project_Firmware.elf
Finished building: default.size.stdout
 
14:08:33 **** Incremental Build of configuration Debug for project ESC_Project_Firmware ****
make -j20 all 
arm-none-eabi-size  ESC_Project_Firmware.elf 
   text	   data	    bss	    dec	    hex	filename
  26136	     12	   2500	  28648	   6fe8	ESC_Project_Firmware.elf
Finished building: default.size.stdout
 
14:10:30 **** Incremental Build of configuration Debug for project ESC_Project_Firmware ****
make -j20 all 
arm-none-eabi-gcc "../Core/Src/main.c" -mcpu=cortex-m4 -std=gnu11 -g3 -DDEBUG -DUSE_HAL_DRIVER -DSTM32G431xx -c -I../Core/Inc -I../Drivers/STM32G4xx_HAL_Driver/Inc -I../Drivers/STM32G4xx_HAL_Driver/Inc/Legacy -I../Drivers/CMSIS/Device/ST/STM32G4xx/Include -I../Drivers/CMSIS/Include -O0 -ffunction-sections -fdata-sections -Wall -fstack-usage -fcyclomatic-complexity -MMD -MP -MF"Core/Src/main.d" -MT"Core/Src/main.o" --specs=nano.specs -mfpu=fpv4-sp-d16 -mfloat-abi=hard -mthumb -o "Core/Src/main.o"
arm-none-eabi-gcc -o "ESC_Project_Firmware.elf" @"objects.list"   -mcpu=cortex-m4 -T"E:\Personal Projects\ESC_V1.0\ESC_Project_Firmware\ESC_Project_Firmware\STM32G431CBTX_FLASH.ld" --specs=nosys.specs -Wl,-Map="ESC_Project_Firmware.map" -Wl,--gc-sections -static --specs=nano.specs -mfpu=fpv4-sp-d16 -mfloat-abi=hard -mthumb -Wl,--start-group -lc -lm -Wl,--end-group
Finished building target: ESC_Project_Firmware.elf
 
arm-none-eabi-size  ESC_Project_Firmware.elf 
arm-none-eabi-objdump -h -S ESC_Project_Firmware.elf  > "ESC_Project_Firmware.list"
   text	   data	    bss	    dec	    hex	filename
  26168	     12	   2500	  28680	   7008	ESC_Project_Firmware.elf
Finished building: default.size.stdout
 
Finished building: ESC_Project_Firmware.list
 
14:10:48 **** Incremental Build of configuration Debug for project ESC_Project_Firmware ****
make -j20 all 
arm-none-eabi-gcc "../Core/Src/main.c" -mcpu=cortex-m4 -std=gnu11 -g3 -DDEBUG -DUSE_HAL_DRIVER -DSTM32G431xx -c -I../Core/Inc -I../Drivers/STM32G4xx_HAL_Driver/Inc -I../Drivers/STM32G4xx_HAL_Driver/Inc/Legacy -I../Drivers/CMSIS/Device/ST/STM32G4xx/Include -I../Drivers/CMSIS/Include -O0 -ffunction-sections -fdata-sections -Wall -fstack-usage -fcyclomatic-complexity -MMD -MP -MF"Core/Src/main.d" -MT"Core/Src/main.o" --specs=nano.specs -mfpu=fpv4-sp-d16 -mfloat-abi=hard -mthumb -o "Core/Src/main.o"
../Core/Src/main.c: In function 'main':
../Core/Src/main.c:116:1: error: 'ghf' undeclared (first use in this function)
  116 | ghf
      | ^~~
../Core/Src/main.c:116:1: note: each undeclared identifier is reported only once for each function it appears in
../Core/Src/main.c:116:4: error: expected ';' before 'while'
  116 | ghf
      |    ^
      |    ;
......
  119 |   while (1)
      |   ~~~~~
make: *** [Core/Src/subdir.mk:37: Core/Src/main.o] Error 1
"make -j20 all" terminated with exit code 2. Build might be incomplete.
14:11:01 **** Incremental Build of configuration Debug for project ESC_Project_Firmware ****
make -j20 all 
arm-none-eabi-gcc "../Core/Src/main.c" -mcpu=cortex-m4 -std=gnu11 -g3 -DDEBUG -DUSE_HAL_DRIVER -DSTM32G431xx -c -I../Core/Inc -I../Drivers/STM32G4xx_HAL_Driver/Inc -I../Drivers/STM32G4xx_HAL_Driver/Inc/Legacy -I../Drivers/CMSIS/Device/ST/STM32G4xx/Include -I../Drivers/CMSIS/Include -O0 -ffunction-sections -fdata-sections -Wall -fstack-usage -fcyclomatic-complexity -MMD -MP -MF"Core/Src/main.d" -MT"Core/Src/main.o" --specs=nano.specs -mfpu=fpv4-sp-d16 -mfloat-abi=hard -mthumb -o "Core/Src/main.o"
arm-none-eabi-gcc -o "ESC_Project_Firmware.elf" @"objects.list"   -mcpu=cortex-m4 -T"E:\Personal Projects\ESC_V1.0\ESC_Project_Firmware\ESC_Project_Firmware\STM32G431CBTX_FLASH.ld" --specs=nosys.specs -Wl,-Map="ESC_Project_Firmware.map" -Wl,--gc-sections -static --specs=nano.specs -mfpu=fpv4-sp-d16 -mfloat-abi=hard -mthumb -Wl,--start-group -lc -lm -Wl,--end-group
Finished building target: ESC_Project_Firmware.elf
 
arm-none-eabi-size  ESC_Project_Firmware.elf 
arm-none-eabi-objdump -h -S ESC_Project_Firmware.elf  > "ESC_Project_Firmware.list"
   text	   data	    bss	    dec	    hex	filename
  26168	     12	   2500	  28680	   7008	ESC_Project_Firmware.elf
Finished building: default.size.stdout
 
Finished building: ESC_Project_Firmware.list
 
14:14:51 **** Incremental Build of configuration Debug for project ESC_Project_Firmware ****
make -j20 all 
arm-none-eabi-gcc "../Core/Src/app.c" -mcpu=cortex-m4 -std=gnu11 -g3 -DDEBUG -DUSE_HAL_DRIVER -DSTM32G431xx -c -I../Core/Inc -I../Drivers/STM32G4xx_HAL_Driver/Inc -I../Drivers/STM32G4xx_HAL_Driver/Inc/Legacy -I../Drivers/CMSIS/Device/ST/STM32G4xx/Include -I../Drivers/CMSIS/Include -O0 -ffunction-sections -fdata-sections -Wall -fstack-usage -fcyclomatic-complexity -MMD -MP -MF"Core/Src/app.d" -MT"Core/Src/app.o" --specs=nano.specs -mfpu=fpv4-sp-d16 -mfloat-abi=hard -mthumb -o "Core/Src/app.o"
arm-none-eabi-gcc -o "ESC_Project_Firmware.elf" @"objects.list"   -mcpu=cortex-m4 -T"E:\Personal Projects\ESC_V1.0\ESC_Project_Firmware\ESC_Project_Firmware\STM32G431CBTX_FLASH.ld" --specs=nosys.specs -Wl,-Map="ESC_Project_Firmware.map" -Wl,--gc-sections -static --specs=nano.specs -mfpu=fpv4-sp-d16 -mfloat-abi=hard -mthumb -Wl,--start-group -lc -lm -Wl,--end-group
Finished building target: ESC_Project_Firmware.elf
 
arm-none-eabi-size  ESC_Project_Firmware.elf 
arm-none-eabi-objdump -h -S ESC_Project_Firmware.elf  > "ESC_Project_Firmware.list"
   text	   data	    bss	    dec	    hex	filename
  26276	     12	   2500	  28788	   7074	ESC_Project_Firmware.elf
Finished building: default.size.stdout
 
Finished building: ESC_Project_Firmware.list
 
14:18:45 **** Incremental Build of configuration Debug for project ESC_Project_Firmware ****
make -j20 all 
arm-none-eabi-gcc "../Core/Src/app.c" -mcpu=cortex-m4 -std=gnu11 -g3 -DDEBUG -DUSE_HAL_DRIVER -DSTM32G431xx -c -I../Core/Inc -I../Drivers/STM32G4xx_HAL_Driver/Inc -I../Drivers/STM32G4xx_HAL_Driver/Inc/Legacy -I../Drivers/CMSIS/Device/ST/STM32G4xx/Include -I../Drivers/CMSIS/Include -O0 -ffunction-sections -fdata-sections -Wall -fstack-usage -fcyclomatic-complexity -MMD -MP -MF"Core/Src/app.d" -MT"Core/Src/app.o" --specs=nano.specs -mfpu=fpv4-sp-d16 -mfloat-abi=hard -mthumb -o "Core/Src/app.o"
arm-none-eabi-gcc -o "ESC_Project_Firmware.elf" @"objects.list"   -mcpu=cortex-m4 -T"E:\Personal Projects\ESC_V1.0\ESC_Project_Firmware\ESC_Project_Firmware\STM32G431CBTX_FLASH.ld" --specs=nosys.specs -Wl,-Map="ESC_Project_Firmware.map" -Wl,--gc-sections -static --specs=nano.specs -mfpu=fpv4-sp-d16 -mfloat-abi=hard -mthumb -Wl,--start-group -lc -lm -Wl,--end-group
Finished building target: ESC_Project_Firmware.elf
 
arm-none-eabi-size  ESC_Project_Firmware.elf 
arm-none-eabi-objdump -h -S ESC_Project_Firmware.elf  > "ESC_Project_Firmware.list"
   text	   data	    bss	    dec	    hex	filename
  26276	     12	   2500	  28788	   7074	ESC_Project_Firmware.elf
Finished building: default.size.stdout
 
Finished building: ESC_Project_Firmware.list
 
14:19:25 **** Incremental Build of configuration Debug for project ESC_Project_Firmware ****
make -j20 all 
arm-none-eabi-size  ESC_Project_Firmware.elf 
   text	   data	    bss	    dec	    hex	filename
  26276	     12	   2500	  28788	   7074	ESC_Project_Firmware.elf
Finished building: default.size.stdout
 
14:20:51 **** Incremental Build of configuration Debug for project ESC_Project_Firmware ****
make -j20 all 
arm-none-eabi-gcc "../Core/Src/app.c" -mcpu=cortex-m4 -std=gnu11 -g3 -DDEBUG -DUSE_HAL_DRIVER -DSTM32G431xx -c -I../Core/Inc -I../Drivers/STM32G4xx_HAL_Driver/Inc -I../Drivers/STM32G4xx_HAL_Driver/Inc/Legacy -I../Drivers/CMSIS/Device/ST/STM32G4xx/Include -I../Drivers/CMSIS/Include -O0 -ffunction-sections -fdata-sections -Wall -fstack-usage -fcyclomatic-complexity -MMD -MP -MF"Core/Src/app.d" -MT"Core/Src/app.o" --specs=nano.specs -mfpu=fpv4-sp-d16 -mfloat-abi=hard -mthumb -o "Core/Src/app.o"
arm-none-eabi-gcc -o "ESC_Project_Firmware.elf" @"objects.list"   -mcpu=cortex-m4 -T"E:\Personal Projects\ESC_V1.0\ESC_Project_Firmware\ESC_Project_Firmware\STM32G431CBTX_FLASH.ld" --specs=nosys.specs -Wl,-Map="ESC_Project_Firmware.map" -Wl,--gc-sections -static --specs=nano.specs -mfpu=fpv4-sp-d16 -mfloat-abi=hard -mthumb -Wl,--start-group -lc -lm -Wl,--end-group
Finished building target: ESC_Project_Firmware.elf
 
arm-none-eabi-size  ESC_Project_Firmware.elf 
arm-none-eabi-objdump -h -S ESC_Project_Firmware.elf  > "ESC_Project_Firmware.list"
   text	   data	    bss	    dec	    hex	filename
  26276	     12	   2500	  28788	   7074	ESC_Project_Firmware.elf
Finished building: default.size.stdout
 
Finished building: ESC_Project_Firmware.list
 
14:21:00 **** Incremental Build of configuration Debug for project ESC_Project_Firmware ****
make -j20 all 
arm-none-eabi-size  ESC_Project_Firmware.elf 
   text	   data	    bss	    dec	    hex	filename
  26276	     12	   2500	  28788	   7074	ESC_Project_Firmware.elf
Finished building: default.size.stdout
 
14:26:23 **** Incremental Build of configuration Debug for project ESC_Project_Firmware ****
make -j20 all 
arm-none-eabi-gcc "../Core/Src/app.c" -mcpu=cortex-m4 -std=gnu11 -g3 -DDEBUG -DUSE_HAL_DRIVER -DSTM32G431xx -c -I../Core/Inc -I../Drivers/STM32G4xx_HAL_Driver/Inc -I../Drivers/STM32G4xx_HAL_Driver/Inc/Legacy -I../Drivers/CMSIS/Device/ST/STM32G4xx/Include -I../Drivers/CMSIS/Include -O0 -ffunction-sections -fdata-sections -Wall -fstack-usage -fcyclomatic-complexity -MMD -MP -MF"Core/Src/app.d" -MT"Core/Src/app.o" --specs=nano.specs -mfpu=fpv4-sp-d16 -mfloat-abi=hard -mthumb -o "Core/Src/app.o"
arm-none-eabi-gcc -o "ESC_Project_Firmware.elf" @"objects.list"   -mcpu=cortex-m4 -T"E:\Personal Projects\ESC_V1.0\ESC_Project_Firmware\ESC_Project_Firmware\STM32G431CBTX_FLASH.ld" --specs=nosys.specs -Wl,-Map="ESC_Project_Firmware.map" -Wl,--gc-sections -static --specs=nano.specs -mfpu=fpv4-sp-d16 -mfloat-abi=hard -mthumb -Wl,--start-group -lc -lm -Wl,--end-group
Finished building target: ESC_Project_Firmware.elf
 
arm-none-eabi-size  ESC_Project_Firmware.elf 
arm-none-eabi-objdump -h -S ESC_Project_Firmware.elf  > "ESC_Project_Firmware.list"
   text	   data	    bss	    dec	    hex	filename
  27420	     12	   2500	  29932	   74ec	ESC_Project_Firmware.elf
Finished building: default.size.stdout
 
Finished building: ESC_Project_Firmware.list
 
14:26:39 **** Incremental Build of configuration Debug for project ESC_Project_Firmware ****
make -j20 all 
arm-none-eabi-size  ESC_Project_Firmware.elf 
   text	   data	    bss	    dec	    hex	filename
  27420	     12	   2500	  29932	   74ec	ESC_Project_Firmware.elf
Finished building: default.size.stdout
 
14:32:18 **** Incremental Build of configuration Debug for project ESC_Project_Firmware ****
make -j20 all 
arm-none-eabi-gcc "../Core/Src/app.c" -mcpu=cortex-m4 -std=gnu11 -g3 -DDEBUG -DUSE_HAL_DRIVER -DSTM32G431xx -c -I../Core/Inc -I../Drivers/STM32G4xx_HAL_Driver/Inc -I../Drivers/STM32G4xx_HAL_Driver/Inc/Legacy -I../Drivers/CMSIS/Device/ST/STM32G4xx/Include -I../Drivers/CMSIS/Include -O0 -ffunction-sections -fdata-sections -Wall -fstack-usage -fcyclomatic-complexity -MMD -MP -MF"Core/Src/app.d" -MT"Core/Src/app.o" --specs=nano.specs -mfpu=fpv4-sp-d16 -mfloat-abi=hard -mthumb -o "Core/Src/app.o"
In file included from ../Core/Inc/stm32g4xx_hal_conf.h:344,
                 from ../Drivers/STM32G4xx_HAL_Driver/Inc/stm32g4xx_hal.h:29,
                 from ../Core/Inc/main.h:30,
                 from ../Core/Src/app.c:1:
../Core/Src/app.c: In function 'App_Setup':
../Core/Src/app.c:8:54: error: 'duty' undeclared (first use in this function)
    8 |         __HAL_TIM_SET_COMPARE(&htim1, TIM_CHANNEL_1, duty); // PWM duty
      |                                                      ^~~~
../Drivers/STM32G4xx_HAL_Driver/Inc/stm32g4xx_hal_tim.h:1672:72: note: in definition of macro '__HAL_TIM_SET_COMPARE'
 1672 |   (((__CHANNEL__) == TIM_CHANNEL_1) ? ((__HANDLE__)->Instance->CCR1 = (__COMPARE__)) :\
      |                                                                        ^~~~~~~~~~~
../Core/Src/app.c:8:54: note: each undeclared identifier is reported only once for each function it appears in
    8 |         __HAL_TIM_SET_COMPARE(&htim1, TIM_CHANNEL_1, duty); // PWM duty
      |                                                      ^~~~
../Drivers/STM32G4xx_HAL_Driver/Inc/stm32g4xx_hal_tim.h:1672:72: note: in definition of macro '__HAL_TIM_SET_COMPARE'
 1672 |   (((__CHANNEL__) == TIM_CHANNEL_1) ? ((__HANDLE__)->Instance->CCR1 = (__COMPARE__)) :\
      |                                                                        ^~~~~~~~~~~
make: *** [Core/Src/subdir.mk:37: Core/Src/app.o] Error 1
"make -j20 all" terminated with exit code 2. Build might be incomplete.
14:34:07 **** Incremental Build of configuration Debug for project ESC_Project_Firmware ****
make -j20 all 
arm-none-eabi-gcc "../Core/Src/app.c" -mcpu=cortex-m4 -std=gnu11 -g3 -DDEBUG -DUSE_HAL_DRIVER -DSTM32G431xx -c -I../Core/Inc -I../Drivers/STM32G4xx_HAL_Driver/Inc -I../Drivers/STM32G4xx_HAL_Driver/Inc/Legacy -I../Drivers/CMSIS/Device/ST/STM32G4xx/Include -I../Drivers/CMSIS/Include -O0 -ffunction-sections -fdata-sections -Wall -fstack-usage -fcyclomatic-complexity -MMD -MP -MF"Core/Src/app.d" -MT"Core/Src/app.o" --specs=nano.specs -mfpu=fpv4-sp-d16 -mfloat-abi=hard -mthumb -o "Core/Src/app.o"
arm-none-eabi-gcc -o "ESC_Project_Firmware.elf" @"objects.list"   -mcpu=cortex-m4 -T"E:\Personal Projects\ESC_V1.0\ESC_Project_Firmware\ESC_Project_Firmware\STM32G431CBTX_FLASH.ld" --specs=nosys.specs -Wl,-Map="ESC_Project_Firmware.map" -Wl,--gc-sections -static --specs=nano.specs -mfpu=fpv4-sp-d16 -mfloat-abi=hard -mthumb -Wl,--start-group -lc -lm -Wl,--end-group
Finished building target: ESC_Project_Firmware.elf
 
arm-none-eabi-size  ESC_Project_Firmware.elf 
arm-none-eabi-objdump -h -S ESC_Project_Firmware.elf  > "ESC_Project_Firmware.list"
   text	   data	    bss	    dec	    hex	filename
  29008	     12	   2508	  31528	   7b28	ESC_Project_Firmware.elf
Finished building: default.size.stdout
 
Finished building: ESC_Project_Firmware.list
 
14:34:12 **** Incremental Build of configuration Debug for project ESC_Project_Firmware ****
make -j20 all 
arm-none-eabi-size  ESC_Project_Firmware.elf 
   text	   data	    bss	    dec	    hex	filename
  29008	     12	   2508	  31528	   7b28	ESC_Project_Firmware.elf
Finished building: default.size.stdout
 
14:35:22 **** Incremental Build of configuration Debug for project ESC_Project_Firmware ****
make -j20 all 
arm-none-eabi-gcc "../Core/Src/app.c" -mcpu=cortex-m4 -std=gnu11 -g3 -DDEBUG -DUSE_HAL_DRIVER -DSTM32G431xx -c -I../Core/Inc -I../Drivers/STM32G4xx_HAL_Driver/Inc -I../Drivers/STM32G4xx_HAL_Driver/Inc/Legacy -I../Drivers/CMSIS/Device/ST/STM32G4xx/Include -I../Drivers/CMSIS/Include -O0 -ffunction-sections -fdata-sections -Wall -fstack-usage -fcyclomatic-complexity -MMD -MP -MF"Core/Src/app.d" -MT"Core/Src/app.o" --specs=nano.specs -mfpu=fpv4-sp-d16 -mfloat-abi=hard -mthumb -o "Core/Src/app.o"
arm-none-eabi-gcc -o "ESC_Project_Firmware.elf" @"objects.list"   -mcpu=cortex-m4 -T"E:\Personal Projects\ESC_V1.0\ESC_Project_Firmware\ESC_Project_Firmware\STM32G431CBTX_FLASH.ld" --specs=nosys.specs -Wl,-Map="ESC_Project_Firmware.map" -Wl,--gc-sections -static --specs=nano.specs -mfpu=fpv4-sp-d16 -mfloat-abi=hard -mthumb -Wl,--start-group -lc -lm -Wl,--end-group
Finished building target: ESC_Project_Firmware.elf
 
arm-none-eabi-size  ESC_Project_Firmware.elf 
arm-none-eabi-objdump -h -S ESC_Project_Firmware.elf  > "ESC_Project_Firmware.list"
   text	   data	    bss	    dec	    hex	filename
  29004	     12	   2500	  31516	   7b1c	ESC_Project_Firmware.elf
Finished building: default.size.stdout
 
Finished building: ESC_Project_Firmware.list
 
14:35:28 **** Incremental Build of configuration Debug for project ESC_Project_Firmware ****
make -j20 all 
arm-none-eabi-size  ESC_Project_Firmware.elf 
   text	   data	    bss	    dec	    hex	filename
  29004	     12	   2500	  31516	   7b1c	ESC_Project_Firmware.elf
Finished building: default.size.stdout
 
14:41:22 **** Incremental Build of configuration Debug for project ESC_Project_Firmware ****
make -j20 all 
arm-none-eabi-gcc "../Core/Src/app.c" -mcpu=cortex-m4 -std=gnu11 -g3 -DDEBUG -DUSE_HAL_DRIVER -DSTM32G431xx -c -I../Core/Inc -I../Drivers/STM32G4xx_HAL_Driver/Inc -I../Drivers/STM32G4xx_HAL_Driver/Inc/Legacy -I../Drivers/CMSIS/Device/ST/STM32G4xx/Include -I../Drivers/CMSIS/Include -O0 -ffunction-sections -fdata-sections -Wall -fstack-usage -fcyclomatic-complexity -MMD -MP -MF"Core/Src/app.d" -MT"Core/Src/app.o" --specs=nano.specs -mfpu=fpv4-sp-d16 -mfloat-abi=hard -mthumb -o "Core/Src/app.o"
arm-none-eabi-gcc -o "ESC_Project_Firmware.elf" @"objects.list"   -mcpu=cortex-m4 -T"E:\Personal Projects\ESC_V1.0\ESC_Project_Firmware\ESC_Project_Firmware\STM32G431CBTX_FLASH.ld" --specs=nosys.specs -Wl,-Map="ESC_Project_Firmware.map" -Wl,--gc-sections -static --specs=nano.specs -mfpu=fpv4-sp-d16 -mfloat-abi=hard -mthumb -Wl,--start-group -lc -lm -Wl,--end-group
Finished building target: ESC_Project_Firmware.elf
 
arm-none-eabi-size  ESC_Project_Firmware.elf 
arm-none-eabi-objdump -h -S ESC_Project_Firmware.elf  > "ESC_Project_Firmware.list"
   text	   data	    bss	    dec	    hex	filename
  28656	     12	   2500	  31168	   79c0	ESC_Project_Firmware.elf
Finished building: default.size.stdout
 
Finished building: ESC_Project_Firmware.list
 
14:41:27 **** Incremental Build of configuration Debug for project ESC_Project_Firmware ****
make -j20 all 
arm-none-eabi-size  ESC_Project_Firmware.elf 
   text	   data	    bss	    dec	    hex	filename
  28656	     12	   2500	  31168	   79c0	ESC_Project_Firmware.elf
Finished building: default.size.stdout
 
14:45:50 **** Incremental Build of configuration Debug for project ESC_Project_Firmware ****
make -j20 all 
arm-none-eabi-gcc "../Core/Src/app.c" -mcpu=cortex-m4 -std=gnu11 -g3 -DDEBUG -DUSE_HAL_DRIVER -DSTM32G431xx -c -I../Core/Inc -I../Drivers/STM32G4xx_HAL_Driver/Inc -I../Drivers/STM32G4xx_HAL_Driver/Inc/Legacy -I../Drivers/CMSIS/Device/ST/STM32G4xx/Include -I../Drivers/CMSIS/Include -O0 -ffunction-sections -fdata-sections -Wall -fstack-usage -fcyclomatic-complexity -MMD -MP -MF"Core/Src/app.d" -MT"Core/Src/app.o" --specs=nano.specs -mfpu=fpv4-sp-d16 -mfloat-abi=hard -mthumb -o "Core/Src/app.o"
arm-none-eabi-gcc -o "ESC_Project_Firmware.elf" @"objects.list"   -mcpu=cortex-m4 -T"E:\Personal Projects\ESC_V1.0\ESC_Project_Firmware\ESC_Project_Firmware\STM32G431CBTX_FLASH.ld" --specs=nosys.specs -Wl,-Map="ESC_Project_Firmware.map" -Wl,--gc-sections -static --specs=nano.specs -mfpu=fpv4-sp-d16 -mfloat-abi=hard -mthumb -Wl,--start-group -lc -lm -Wl,--end-group
Finished building target: ESC_Project_Firmware.elf
 
arm-none-eabi-size  ESC_Project_Firmware.elf 
arm-none-eabi-objdump -h -S ESC_Project_Firmware.elf  > "ESC_Project_Firmware.list"
   text	   data	    bss	    dec	    hex	filename
  28672	     12	   2500	  31184	   79d0	ESC_Project_Firmware.elf
Finished building: default.size.stdout
 
Finished building: ESC_Project_Firmware.list
 
14:45:55 **** Incremental Build of configuration Debug for project ESC_Project_Firmware ****
make -j20 all 
arm-none-eabi-size  ESC_Project_Firmware.elf 
   text	   data	    bss	    dec	    hex	filename
  28672	     12	   2500	  31184	   79d0	ESC_Project_Firmware.elf
Finished building: default.size.stdout
 
14:47:18 **** Incremental Build of configuration Debug for project ESC_Project_Firmware ****
make -j20 all 
arm-none-eabi-gcc "../Core/Src/app.c" -mcpu=cortex-m4 -std=gnu11 -g3 -DDEBUG -DUSE_HAL_DRIVER -DSTM32G431xx -c -I../Core/Inc -I../Drivers/STM32G4xx_HAL_Driver/Inc -I../Drivers/STM32G4xx_HAL_Driver/Inc/Legacy -I../Drivers/CMSIS/Device/ST/STM32G4xx/Include -I../Drivers/CMSIS/Include -O0 -ffunction-sections -fdata-sections -Wall -fstack-usage -fcyclomatic-complexity -MMD -MP -MF"Core/Src/app.d" -MT"Core/Src/app.o" --specs=nano.specs -mfpu=fpv4-sp-d16 -mfloat-abi=hard -mthumb -o "Core/Src/app.o"
arm-none-eabi-gcc -o "ESC_Project_Firmware.elf" @"objects.list"   -mcpu=cortex-m4 -T"E:\Personal Projects\ESC_V1.0\ESC_Project_Firmware\ESC_Project_Firmware\STM32G431CBTX_FLASH.ld" --specs=nosys.specs -Wl,-Map="ESC_Project_Firmware.map" -Wl,--gc-sections -static --specs=nano.specs -mfpu=fpv4-sp-d16 -mfloat-abi=hard -mthumb -Wl,--start-group -lc -lm -Wl,--end-group
Finished building target: ESC_Project_Firmware.elf
 
arm-none-eabi-size  ESC_Project_Firmware.elf 
arm-none-eabi-objdump -h -S ESC_Project_Firmware.elf  > "ESC_Project_Firmware.list"
   text	   data	    bss	    dec	    hex	filename
  28388	     12	   2500	  30900	   78b4	ESC_Project_Firmware.elf
Finished building: default.size.stdout
 
Finished building: ESC_Project_Firmware.list
 
14:47:30 **** Incremental Build of configuration Debug for project ESC_Project_Firmware ****
make -j20 all 
arm-none-eabi-size  ESC_Project_Firmware.elf 
   text	   data	    bss	    dec	    hex	filename
  28388	     12	   2500	  30900	   78b4	ESC_Project_Firmware.elf
Finished building: default.size.stdout
 
14:51:39 **** Incremental Build of configuration Debug for project ESC_Project_Firmware ****
make -j20 all 
arm-none-eabi-gcc "../Core/Src/app.c" -mcpu=cortex-m4 -std=gnu11 -g3 -DDEBUG -DUSE_HAL_DRIVER -DSTM32G431xx -c -I../Core/Inc -I../Drivers/STM32G4xx_HAL_Driver/Inc -I../Drivers/STM32G4xx_HAL_Driver/Inc/Legacy -I../Drivers/CMSIS/Device/ST/STM32G4xx/Include -I../Drivers/CMSIS/Include -O0 -ffunction-sections -fdata-sections -Wall -fstack-usage -fcyclomatic-complexity -MMD -MP -MF"Core/Src/app.d" -MT"Core/Src/app.o" --specs=nano.specs -mfpu=fpv4-sp-d16 -mfloat-abi=hard -mthumb -o "Core/Src/app.o"
arm-none-eabi-gcc -o "ESC_Project_Firmware.elf" @"objects.list"   -mcpu=cortex-m4 -T"E:\Personal Projects\ESC_V1.0\ESC_Project_Firmware\ESC_Project_Firmware\STM32G431CBTX_FLASH.ld" --specs=nosys.specs -Wl,-Map="ESC_Project_Firmware.map" -Wl,--gc-sections -static --specs=nano.specs -mfpu=fpv4-sp-d16 -mfloat-abi=hard -mthumb -Wl,--start-group -lc -lm -Wl,--end-group
Finished building target: ESC_Project_Firmware.elf
 
arm-none-eabi-size  ESC_Project_Firmware.elf 
arm-none-eabi-objdump -h -S ESC_Project_Firmware.elf  > "ESC_Project_Firmware.list"
   text	   data	    bss	    dec	    hex	filename
  28500	     12	   2500	  31012	   7924	ESC_Project_Firmware.elf
Finished building: default.size.stdout
 
Finished building: ESC_Project_Firmware.list
 
14:51:58 **** Incremental Build of configuration Debug for project ESC_Project_Firmware ****
make -j20 all 
arm-none-eabi-size  ESC_Project_Firmware.elf 
   text	   data	    bss	    dec	    hex	filename
  28500	     12	   2500	  31012	   7924	ESC_Project_Firmware.elf
Finished building: default.size.stdout
 
14:54:41 **** Incremental Build of configuration Debug for project ESC_Project_Firmware ****
make -j20 all 
arm-none-eabi-gcc "../Core/Src/main.c" -mcpu=cortex-m4 -std=gnu11 -g3 -DDEBUG -DUSE_HAL_DRIVER -DSTM32G431xx -c -I../Core/Inc -I../Drivers/STM32G4xx_HAL_Driver/Inc -I../Drivers/STM32G4xx_HAL_Driver/Inc/Legacy -I../Drivers/CMSIS/Device/ST/STM32G4xx/Include -I../Drivers/CMSIS/Include -O0 -ffunction-sections -fdata-sections -Wall -fstack-usage -fcyclomatic-complexity -MMD -MP -MF"Core/Src/main.d" -MT"Core/Src/main.o" --specs=nano.specs -mfpu=fpv4-sp-d16 -mfloat-abi=hard -mthumb -o "Core/Src/main.o"
arm-none-eabi-gcc -o "ESC_Project_Firmware.elf" @"objects.list"   -mcpu=cortex-m4 -T"E:\Personal Projects\ESC_V1.0\ESC_Project_Firmware\ESC_Project_Firmware\STM32G431CBTX_FLASH.ld" --specs=nosys.specs -Wl,-Map="ESC_Project_Firmware.map" -Wl,--gc-sections -static --specs=nano.specs -mfpu=fpv4-sp-d16 -mfloat-abi=hard -mthumb -Wl,--start-group -lc -lm -Wl,--end-group
Finished building target: ESC_Project_Firmware.elf
 
arm-none-eabi-size  ESC_Project_Firmware.elf 
arm-none-eabi-objdump -h -S ESC_Project_Firmware.elf  > "ESC_Project_Firmware.list"
   text	   data	    bss	    dec	    hex	filename
  28500	     12	   2500	  31012	   7924	ESC_Project_Firmware.elf
Finished building: default.size.stdout
 
Finished building: ESC_Project_Firmware.list
 
14:54:47 **** Incremental Build of configuration Debug for project ESC_Project_Firmware ****
make -j20 all 
arm-none-eabi-size  ESC_Project_Firmware.elf 
   text	   data	    bss	    dec	    hex	filename
  28500	     12	   2500	  31012	   7924	ESC_Project_Firmware.elf
Finished building: default.size.stdout
 
15:00:25 **** Incremental Build of configuration Debug for project ESC_Project_Firmware ****
make -j20 all 
arm-none-eabi-gcc "../Core/Src/app.c" -mcpu=cortex-m4 -std=gnu11 -g3 -DDEBUG -DUSE_HAL_DRIVER -DSTM32G431xx -c -I../Core/Inc -I../Drivers/STM32G4xx_HAL_Driver/Inc -I../Drivers/STM32G4xx_HAL_Driver/Inc/Legacy -I../Drivers/CMSIS/Device/ST/STM32G4xx/Include -I../Drivers/CMSIS/Include -O0 -ffunction-sections -fdata-sections -Wall -fstack-usage -fcyclomatic-complexity -MMD -MP -MF"Core/Src/app.d" -MT"Core/Src/app.o" --specs=nano.specs -mfpu=fpv4-sp-d16 -mfloat-abi=hard -mthumb -o "Core/Src/app.o"
../Core/Src/app.c: In function 'App_Setup':
../Core/Src/app.c:15:9: warning: implicit declaration of function 'HAL_TIM_PWMN_Start'; did you mean 'HAL_TIM_PWM_Start'? [-Wimplicit-function-declaration]
   15 |         HAL_TIM_PWMN_Start(&htim1,TIM_CHANNEL_2);
      |         ^~~~~~~~~~~~~~~~~~
      |         HAL_TIM_PWM_Start
arm-none-eabi-gcc -o "ESC_Project_Firmware.elf" @"objects.list"   -mcpu=cortex-m4 -T"E:\Personal Projects\ESC_V1.0\ESC_Project_Firmware\ESC_Project_Firmware\STM32G431CBTX_FLASH.ld" --specs=nosys.specs -Wl,-Map="ESC_Project_Firmware.map" -Wl,--gc-sections -static --specs=nano.specs -mfpu=fpv4-sp-d16 -mfloat-abi=hard -mthumb -Wl,--start-group -lc -lm -Wl,--end-group
C:/ST/STM32CubeIDE_1.19.0/STM32CubeIDE/plugins/com.st.stm32cube.ide.mcu.externaltools.gnu-tools-for-stm32.13.3.rel1.win32_1.0.0.202411081344/tools/bin/../lib/gcc/arm-none-eabi/13.3.1/../../../../arm-none-eabi/bin/ld.exe: ./Core/Src/app.o: in function `App_Setup':
E:/Personal Projects/ESC_V1.0/ESC_Project_Firmware/ESC_Project_Firmware/Debug/../Core/Src/app.c:15:(.text.App_Setup+0x3c): undefined reference to `HAL_TIM_PWMN_Start'
C:/ST/STM32CubeIDE_1.19.0/STM32CubeIDE/plugins/com.st.stm32cube.ide.mcu.externaltools.gnu-tools-for-stm32.13.3.rel1.win32_1.0.0.202411081344/tools/bin/../lib/gcc/arm-none-eabi/13.3.1/../../../../arm-none-eabi/bin/ld.exe: E:/Personal Projects/ESC_V1.0/ESC_Project_Firmware/ESC_Project_Firmware/Debug/../Core/Src/app.c:20:(.text.App_Setup+0x68): undefined reference to `HAL_TIM_PWMN_Start'
collect2.exe: error: ld returned 1 exit status
make: *** [makefile:64: ESC_Project_Firmware.elf] Error 1
"make -j20 all" terminated with exit code 2. Build might be incomplete.
15:01:31 **** Incremental Build of configuration Debug for project ESC_Project_Firmware ****
make -j20 all 
arm-none-eabi-gcc "../Core/Src/app.c" -mcpu=cortex-m4 -std=gnu11 -g3 -DDEBUG -DUSE_HAL_DRIVER -DSTM32G431xx -c -I../Core/Inc -I../Drivers/STM32G4xx_HAL_Driver/Inc -I../Drivers/STM32G4xx_HAL_Driver/Inc/Legacy -I../Drivers/CMSIS/Device/ST/STM32G4xx/Include -I../Drivers/CMSIS/Include -O0 -ffunction-sections -fdata-sections -Wall -fstack-usage -fcyclomatic-complexity -MMD -MP -MF"Core/Src/app.d" -MT"Core/Src/app.o" --specs=nano.specs -mfpu=fpv4-sp-d16 -mfloat-abi=hard -mthumb -o "Core/Src/app.o"
arm-none-eabi-gcc -o "ESC_Project_Firmware.elf" @"objects.list"   -mcpu=cortex-m4 -T"E:\Personal Projects\ESC_V1.0\ESC_Project_Firmware\ESC_Project_Firmware\STM32G431CBTX_FLASH.ld" --specs=nosys.specs -Wl,-Map="ESC_Project_Firmware.map" -Wl,--gc-sections -static --specs=nano.specs -mfpu=fpv4-sp-d16 -mfloat-abi=hard -mthumb -Wl,--start-group -lc -lm -Wl,--end-group
Finished building target: ESC_Project_Firmware.elf
 
arm-none-eabi-size  ESC_Project_Firmware.elf 
arm-none-eabi-objdump -h -S ESC_Project_Firmware.elf  > "ESC_Project_Firmware.list"
   text	   data	    bss	    dec	    hex	filename
  28588	     12	   2500	  31100	   797c	ESC_Project_Firmware.elf
Finished building: default.size.stdout
 
Finished building: ESC_Project_Firmware.list
 
15:01:45 **** Incremental Build of configuration Debug for project ESC_Project_Firmware ****
make -j20 all 
arm-none-eabi-size  ESC_Project_Firmware.elf 
   text	   data	    bss	    dec	    hex	filename
  28588	     12	   2500	  31100	   797c	ESC_Project_Firmware.elf
Finished building: default.size.stdout
 
15:33:52 **** Incremental Build of configuration Debug for project ESC_Project_Firmware ****
make -j20 all 
arm-none-eabi-gcc "../Core/Src/app.c" -mcpu=cortex-m4 -std=gnu11 -g3 -DDEBUG -DUSE_HAL_DRIVER -DSTM32G431xx -c -I../Core/Inc -I../Drivers/STM32G4xx_HAL_Driver/Inc -I../Drivers/STM32G4xx_HAL_Driver/Inc/Legacy -I../Drivers/CMSIS/Device/ST/STM32G4xx/Include -I../Drivers/CMSIS/Include -O0 -ffunction-sections -fdata-sections -Wall -fstack-usage -fcyclomatic-complexity -MMD -MP -MF"Core/Src/app.d" -MT"Core/Src/app.o" --specs=nano.specs -mfpu=fpv4-sp-d16 -mfloat-abi=hard -mthumb -o "Core/Src/app.o"
arm-none-eabi-gcc "../Core/Src/main.c" -mcpu=cortex-m4 -std=gnu11 -g3 -DDEBUG -DUSE_HAL_DRIVER -DSTM32G431xx -c -I../Core/Inc -I../Drivers/STM32G4xx_HAL_Driver/Inc -I../Drivers/STM32G4xx_HAL_Driver/Inc/Legacy -I../Drivers/CMSIS/Device/ST/STM32G4xx/Include -I../Drivers/CMSIS/Include -O0 -ffunction-sections -fdata-sections -Wall -fstack-usage -fcyclomatic-complexity -MMD -MP -MF"Core/Src/main.d" -MT"Core/Src/main.o" --specs=nano.specs -mfpu=fpv4-sp-d16 -mfloat-abi=hard -mthumb -o "Core/Src/main.o"
arm-none-eabi-gcc "../Core/Src/stm32g4xx_hal_msp.c" -mcpu=cortex-m4 -std=gnu11 -g3 -DDEBUG -DUSE_HAL_DRIVER -DSTM32G431xx -c -I../Core/Inc -I../Drivers/STM32G4xx_HAL_Driver/Inc -I../Drivers/STM32G4xx_HAL_Driver/Inc/Legacy -I../Drivers/CMSIS/Device/ST/STM32G4xx/Include -I../Drivers/CMSIS/Include -O0 -ffunction-sections -fdata-sections -Wall -fstack-usage -fcyclomatic-complexity -MMD -MP -MF"Core/Src/stm32g4xx_hal_msp.d" -MT"Core/Src/stm32g4xx_hal_msp.o" --specs=nano.specs -mfpu=fpv4-sp-d16 -mfloat-abi=hard -mthumb -o "Core/Src/stm32g4xx_hal_msp.o"
arm-none-eabi-gcc "../Core/Src/stm32g4xx_it.c" -mcpu=cortex-m4 -std=gnu11 -g3 -DDEBUG -DUSE_HAL_DRIVER -DSTM32G431xx -c -I../Core/Inc -I../Drivers/STM32G4xx_HAL_Driver/Inc -I../Drivers/STM32G4xx_HAL_Driver/Inc/Legacy -I../Drivers/CMSIS/Device/ST/STM32G4xx/Include -I../Drivers/CMSIS/Include -O0 -ffunction-sections -fdata-sections -Wall -fstack-usage -fcyclomatic-complexity -MMD -MP -MF"Core/Src/stm32g4xx_it.d" -MT"Core/Src/stm32g4xx_it.o" --specs=nano.specs -mfpu=fpv4-sp-d16 -mfloat-abi=hard -mthumb -o "Core/Src/stm32g4xx_it.o"
arm-none-eabi-gcc "../Core/Src/syscalls.c" -mcpu=cortex-m4 -std=gnu11 -g3 -DDEBUG -DUSE_HAL_DRIVER -DSTM32G431xx -c -I../Core/Inc -I../Drivers/STM32G4xx_HAL_Driver/Inc -I../Drivers/STM32G4xx_HAL_Driver/Inc/Legacy -I../Drivers/CMSIS/Device/ST/STM32G4xx/Include -I../Drivers/CMSIS/Include -O0 -ffunction-sections -fdata-sections -Wall -fstack-usage -fcyclomatic-complexity -MMD -MP -MF"Core/Src/syscalls.d" -MT"Core/Src/syscalls.o" --specs=nano.specs -mfpu=fpv4-sp-d16 -mfloat-abi=hard -mthumb -o "Core/Src/syscalls.o"
arm-none-eabi-gcc "../Core/Src/sysmem.c" -mcpu=cortex-m4 -std=gnu11 -g3 -DDEBUG -DUSE_HAL_DRIVER -DSTM32G431xx -c -I../Core/Inc -I../Drivers/STM32G4xx_HAL_Driver/Inc -I../Drivers/STM32G4xx_HAL_Driver/Inc/Legacy -I../Drivers/CMSIS/Device/ST/STM32G4xx/Include -I../Drivers/CMSIS/Include -O0 -ffunction-sections -fdata-sections -Wall -fstack-usage -fcyclomatic-complexity -MMD -MP -MF"Core/Src/sysmem.d" -MT"Core/Src/sysmem.o" --specs=nano.specs -mfpu=fpv4-sp-d16 -mfloat-abi=hard -mthumb -o "Core/Src/sysmem.o"
arm-none-eabi-gcc "../Core/Src/system_stm32g4xx.c" -mcpu=cortex-m4 -std=gnu11 -g3 -DDEBUG -DUSE_HAL_DRIVER -DSTM32G431xx -c -I../Core/Inc -I../Drivers/STM32G4xx_HAL_Driver/Inc -I../Drivers/STM32G4xx_HAL_Driver/Inc/Legacy -I../Drivers/CMSIS/Device/ST/STM32G4xx/Include -I../Drivers/CMSIS/Include -O0 -ffunction-sections -fdata-sections -Wall -fstack-usage -fcyclomatic-complexity -MMD -MP -MF"Core/Src/system_stm32g4xx.d" -MT"Core/Src/system_stm32g4xx.o" --specs=nano.specs -mfpu=fpv4-sp-d16 -mfloat-abi=hard -mthumb -o "Core/Src/system_stm32g4xx.o"
arm-none-eabi-gcc "../Core/Src/timebase.c" -mcpu=cortex-m4 -std=gnu11 -g3 -DDEBUG -DUSE_HAL_DRIVER -DSTM32G431xx -c -I../Core/Inc -I../Drivers/STM32G4xx_HAL_Driver/Inc -I../Drivers/STM32G4xx_HAL_Driver/Inc/Legacy -I../Drivers/CMSIS/Device/ST/STM32G4xx/Include -I../Drivers/CMSIS/Include -O0 -ffunction-sections -fdata-sections -Wall -fstack-usage -fcyclomatic-complexity -MMD -MP -MF"Core/Src/timebase.d" -MT"Core/Src/timebase.o" --specs=nano.specs -mfpu=fpv4-sp-d16 -mfloat-abi=hard -mthumb -o "Core/Src/timebase.o"
../Core/Src/app.c: In function 'App_Setup':
../Core/Src/app.c:25:5: warning: implicit declaration of function 'Timebase_DownCounter_SS_Set_Securely' [-Wimplicit-function-declaration]
   25 |     Timebase_DownCounter_SS_Set_Securely(1,500);
      |     ^~~~~~~~~~~~~~~~~~~~~~~~~~~~~~~~~~~~
../Core/Src/app.c: In function 'App_Main_Loop':
../Core/Src/app.c:30:12: warning: implicit declaration of function 'Timebase_DownCounter_SS_Continuous_Expired_Event' [-Wimplicit-function-declaration]
   30 |         if(Timebase_DownCounter_SS_Continuous_Expired_Event(1)){
      |            ^~~~~~~~~~~~~~~~~~~~~~~~~~~~~~~~~~~~~~~~~~~~~~~~
../Core/Src/app.c:42:5: warning: implicit declaration of function 'Timebase_Main_Loop_Executables' [-Wimplicit-function-declaration]
   42 |     Timebase_Main_Loop_Executables();
      |     ^~~~~~~~~~~~~~~~~~~~~~~~~~~~~~
../Core/Src/timebase.c:1:10: fatal error: stm32f401xc.h: No such file or directory
    1 | #include "stm32f401xc.h"
      |          ^~~~~~~~~~~~~~~
compilation terminated.
make: *** [Core/Src/subdir.mk:40: Core/Src/timebase.o] Error 1
make: *** Waiting for unfinished jobs....
"make -j20 all" terminated with exit code 2. Build might be incomplete.
15:34:41 **** Incremental Build of configuration Debug for project ESC_Project_Firmware ****
make -j20 all 
arm-none-eabi-gcc "../Core/Src/timebase.c" -mcpu=cortex-m4 -std=gnu11 -g3 -DDEBUG -DUSE_HAL_DRIVER -DSTM32G431xx -c -I../Core/Inc -I../Drivers/STM32G4xx_HAL_Driver/Inc -I../Drivers/STM32G4xx_HAL_Driver/Inc/Legacy -I../Drivers/CMSIS/Device/ST/STM32G4xx/Include -I../Drivers/CMSIS/Include -O0 -ffunction-sections -fdata-sections -Wall -fstack-usage -fcyclomatic-complexity -MMD -MP -MF"Core/Src/timebase.d" -MT"Core/Src/timebase.o" --specs=nano.specs -mfpu=fpv4-sp-d16 -mfloat-abi=hard -mthumb -o "Core/Src/timebase.o"
../Core/Src/timebase.c: In function 'Timebase_Timer_Enable':
../Core/Src/timebase.c:302:5: warning: implicit declaration of function '__HAL_RCC_TIM11_CLK_ENABLE' [-Wimplicit-function-declaration]
  302 |     __HAL_RCC_TIM11_CLK_ENABLE();
      |     ^~~~~~~~~~~~~~~~~~~~~~~~~~
../Core/Src/timebase.c:304:23: error: 'TIM11' undeclared (first use in this function); did you mean 'TIM1'?
  304 |     htim11.Instance = TIM11;
      |                       ^~~~~
      |                       TIM1
../Core/Src/timebase.c:304:23: note: each undeclared identifier is reported only once for each function it appears in
../Core/Src/timebase.c:319:26: error: 'TIM1_TRG_COM_TIM11_IRQn' undeclared (first use in this function); did you mean 'TIM1_TRG_COM_TIM17_IRQn'?
  319 |     HAL_NVIC_SetPriority(TIM1_TRG_COM_TIM11_IRQn, 0, 0);
      |                          ^~~~~~~~~~~~~~~~~~~~~~~
      |                          TIM1_TRG_COM_TIM17_IRQn
../Core/Src/timebase.c:322:13: error: 'Timebase' is a pointer; did you mean to use '->'?
  322 |     Timebase.UpdateRate = UpdateRateHz;
      |             ^
      |             ->
../Core/Src/timebase.c: In function 'Timebase_Timer_Disable':
../Core/Src/timebase.c:327:25: error: 'TIM1_TRG_COM_TIM11_IRQn' undeclared (first use in this function); did you mean 'TIM1_TRG_COM_TIM17_IRQn'?
  327 |     HAL_NVIC_DisableIRQ(TIM1_TRG_COM_TIM11_IRQn);
      |                         ^~~~~~~~~~~~~~~~~~~~~~~
      |                         TIM1_TRG_COM_TIM17_IRQn
../Core/Src/timebase.c:328:5: warning: implicit declaration of function '__HAL_RCC_TIM11_CLK_DISABLE' [-Wimplicit-function-declaration]
  328 |     __HAL_RCC_TIM11_CLK_DISABLE();
      |     ^~~~~~~~~~~~~~~~~~~~~~~~~~~
../Core/Src/timebase.c: In function 'HAL_TIM_PeriodElapsedCallback':
../Core/Src/timebase.c:363:26: error: 'TIM11' undeclared (first use in this function); did you mean 'TIM1'?
  363 |     if(htim->Instance == TIM11){
      |                          ^~~~~
      |                          TIM1
make: *** [Core/Src/subdir.mk:40: Core/Src/timebase.o] Error 1
"make -j20 all" terminated with exit code 2. Build might be incomplete.
15:40:52 **** Incremental Build of configuration Debug for project ESC_Project_Firmware ****
make -j20 all 
arm-none-eabi-gcc "../Core/Src/app.c" -mcpu=cortex-m4 -std=gnu11 -g3 -DDEBUG -DUSE_HAL_DRIVER -DSTM32G431xx -c -I../Core/Inc -I../Drivers/STM32G4xx_HAL_Driver/Inc -I../Drivers/STM32G4xx_HAL_Driver/Inc/Legacy -I../Drivers/CMSIS/Device/ST/STM32G4xx/Include -I../Drivers/CMSIS/Include -O0 -ffunction-sections -fdata-sections -Wall -fstack-usage -fcyclomatic-complexity -MMD -MP -MF"Core/Src/app.d" -MT"Core/Src/app.o" --specs=nano.specs -mfpu=fpv4-sp-d16 -mfloat-abi=hard -mthumb -o "Core/Src/app.o"
arm-none-eabi-gcc "../Core/Src/main.c" -mcpu=cortex-m4 -std=gnu11 -g3 -DDEBUG -DUSE_HAL_DRIVER -DSTM32G431xx -c -I../Core/Inc -I../Drivers/STM32G4xx_HAL_Driver/Inc -I../Drivers/STM32G4xx_HAL_Driver/Inc/Legacy -I../Drivers/CMSIS/Device/ST/STM32G4xx/Include -I../Drivers/CMSIS/Include -O0 -ffunction-sections -fdata-sections -Wall -fstack-usage -fcyclomatic-complexity -MMD -MP -MF"Core/Src/main.d" -MT"Core/Src/main.o" --specs=nano.specs -mfpu=fpv4-sp-d16 -mfloat-abi=hard -mthumb -o "Core/Src/main.o"
arm-none-eabi-gcc "../Core/Src/stm32g4xx_hal_msp.c" -mcpu=cortex-m4 -std=gnu11 -g3 -DDEBUG -DUSE_HAL_DRIVER -DSTM32G431xx -c -I../Core/Inc -I../Drivers/STM32G4xx_HAL_Driver/Inc -I../Drivers/STM32G4xx_HAL_Driver/Inc/Legacy -I../Drivers/CMSIS/Device/ST/STM32G4xx/Include -I../Drivers/CMSIS/Include -O0 -ffunction-sections -fdata-sections -Wall -fstack-usage -fcyclomatic-complexity -MMD -MP -MF"Core/Src/stm32g4xx_hal_msp.d" -MT"Core/Src/stm32g4xx_hal_msp.o" --specs=nano.specs -mfpu=fpv4-sp-d16 -mfloat-abi=hard -mthumb -o "Core/Src/stm32g4xx_hal_msp.o"
arm-none-eabi-gcc "../Core/Src/stm32g4xx_it.c" -mcpu=cortex-m4 -std=gnu11 -g3 -DDEBUG -DUSE_HAL_DRIVER -DSTM32G431xx -c -I../Core/Inc -I../Drivers/STM32G4xx_HAL_Driver/Inc -I../Drivers/STM32G4xx_HAL_Driver/Inc/Legacy -I../Drivers/CMSIS/Device/ST/STM32G4xx/Include -I../Drivers/CMSIS/Include -O0 -ffunction-sections -fdata-sections -Wall -fstack-usage -fcyclomatic-complexity -MMD -MP -MF"Core/Src/stm32g4xx_it.d" -MT"Core/Src/stm32g4xx_it.o" --specs=nano.specs -mfpu=fpv4-sp-d16 -mfloat-abi=hard -mthumb -o "Core/Src/stm32g4xx_it.o"
arm-none-eabi-gcc "../Core/Src/timebase.c" -mcpu=cortex-m4 -std=gnu11 -g3 -DDEBUG -DUSE_HAL_DRIVER -DSTM32G431xx -c -I../Core/Inc -I../Drivers/STM32G4xx_HAL_Driver/Inc -I../Drivers/STM32G4xx_HAL_Driver/Inc/Legacy -I../Drivers/CMSIS/Device/ST/STM32G4xx/Include -I../Drivers/CMSIS/Include -O0 -ffunction-sections -fdata-sections -Wall -fstack-usage -fcyclomatic-complexity -MMD -MP -MF"Core/Src/timebase.d" -MT"Core/Src/timebase.o" --specs=nano.specs -mfpu=fpv4-sp-d16 -mfloat-abi=hard -mthumb -o "Core/Src/timebase.o"
../Core/Src/app.c: In function 'App_Setup':
../Core/Src/app.c:25:5: warning: implicit declaration of function 'Timebase_DownCounter_SS_Set_Securely' [-Wimplicit-function-declaration]
   25 |     Timebase_DownCounter_SS_Set_Securely(1,500);
      |     ^~~~~~~~~~~~~~~~~~~~~~~~~~~~~~~~~~~~
../Core/Src/app.c: In function 'App_Main_Loop':
../Core/Src/app.c:30:12: warning: implicit declaration of function 'Timebase_DownCounter_SS_Continuous_Expired_Event' [-Wimplicit-function-declaration]
   30 |         if(Timebase_DownCounter_SS_Continuous_Expired_Event(1)){
      |            ^~~~~~~~~~~~~~~~~~~~~~~~~~~~~~~~~~~~~~~~~~~~~~~~
../Core/Src/app.c:42:5: warning: implicit declaration of function 'Timebase_Main_Loop_Executables' [-Wimplicit-function-declaration]
   42 |     Timebase_Main_Loop_Executables();
      |     ^~~~~~~~~~~~~~~~~~~~~~~~~~~~~~
../Core/Src/timebase.c: In function 'Timebase_Timer_Enable':
../Core/Src/timebase.c:299:5: warning: implicit declaration of function '__HAL_RCC_TIM11_CLK_ENABLE' [-Wimplicit-function-declaration]
  299 |     __HAL_RCC_TIM11_CLK_ENABLE();
      |     ^~~~~~~~~~~~~~~~~~~~~~~~~~
../Core/Src/timebase.c:301:23: error: 'TIM11' undeclared (first use in this function); did you mean 'TIM1'?
  301 |     htim11.Instance = TIM11;
      |                       ^~~~~
      |                       TIM1
../Core/Src/timebase.c:301:23: note: each undeclared identifier is reported only once for each function it appears in
../Core/Src/timebase.c:316:26: error: 'TIM1_TRG_COM_TIM11_IRQn' undeclared (first use in this function); did you mean 'TIM1_TRG_COM_TIM17_IRQn'?
  316 |     HAL_NVIC_SetPriority(TIM1_TRG_COM_TIM11_IRQn, 0, 0);
      |                          ^~~~~~~~~~~~~~~~~~~~~~~
      |                          TIM1_TRG_COM_TIM17_IRQn
../Core/Src/timebase.c:319:13: error: 'Timebase' is a pointer; did you mean to use '->'?
  319 |     Timebase.UpdateRate = UpdateRateHz;
      |             ^
      |             ->
../Core/Src/timebase.c: In function 'Timebase_Timer_Disable':
../Core/Src/timebase.c:324:25: error: 'TIM1_TRG_COM_TIM11_IRQn' undeclared (first use in this function); did you mean 'TIM1_TRG_COM_TIM17_IRQn'?
  324 |     HAL_NVIC_DisableIRQ(TIM1_TRG_COM_TIM11_IRQn);
      |                         ^~~~~~~~~~~~~~~~~~~~~~~
      |                         TIM1_TRG_COM_TIM17_IRQn
../Core/Src/timebase.c:325:5: warning: implicit declaration of function '__HAL_RCC_TIM11_CLK_DISABLE' [-Wimplicit-function-declaration]
  325 |     __HAL_RCC_TIM11_CLK_DISABLE();
      |     ^~~~~~~~~~~~~~~~~~~~~~~~~~~
../Core/Src/timebase.c: In function 'HAL_TIM_PeriodElapsedCallback':
../Core/Src/timebase.c:360:26: error: 'TIM11' undeclared (first use in this function); did you mean 'TIM1'?
  360 |     if(htim->Instance == TIM11){
      |                          ^~~~~
      |                          TIM1
make: *** [Core/Src/subdir.mk:40: Core/Src/timebase.o] Error 1
make: *** Waiting for unfinished jobs....
"make -j20 all" terminated with exit code 2. Build might be incomplete.
15:41:12 **** Incremental Build of configuration Debug for project ESC_Project_Firmware ****
make -j20 all 
arm-none-eabi-gcc "../Core/Src/timebase.c" -mcpu=cortex-m4 -std=gnu11 -g3 -DDEBUG -DUSE_HAL_DRIVER -DSTM32G431xx -c -I../Core/Inc -I../Drivers/STM32G4xx_HAL_Driver/Inc -I../Drivers/STM32G4xx_HAL_Driver/Inc/Legacy -I../Drivers/CMSIS/Device/ST/STM32G4xx/Include -I../Drivers/CMSIS/Include -O0 -ffunction-sections -fdata-sections -Wall -fstack-usage -fcyclomatic-complexity -MMD -MP -MF"Core/Src/timebase.d" -MT"Core/Src/timebase.o" --specs=nano.specs -mfpu=fpv4-sp-d16 -mfloat-abi=hard -mthumb -o "Core/Src/timebase.o"
../Core/Src/timebase.c: In function 'Timebase_Timer_Enable':
../Core/Src/timebase.c:299:5: warning: implicit declaration of function '__HAL_RCC_TIM11_CLK_ENABLE' [-Wimplicit-function-declaration]
  299 |     __HAL_RCC_TIM11_CLK_ENABLE();
      |     ^~~~~~~~~~~~~~~~~~~~~~~~~~
../Core/Src/timebase.c:301:23: error: 'TIM11' undeclared (first use in this function); did you mean 'TIM1'?
  301 |     htim11.Instance = TIM11;
      |                       ^~~~~
      |                       TIM1
../Core/Src/timebase.c:301:23: note: each undeclared identifier is reported only once for each function it appears in
../Core/Src/timebase.c:316:26: error: 'TIM1_TRG_COM_TIM11_IRQn' undeclared (first use in this function); did you mean 'TIM1_TRG_COM_TIM17_IRQn'?
  316 |     HAL_NVIC_SetPriority(TIM1_TRG_COM_TIM11_IRQn, 0, 0);
      |                          ^~~~~~~~~~~~~~~~~~~~~~~
      |                          TIM1_TRG_COM_TIM17_IRQn
../Core/Src/timebase.c:319:13: error: 'Timebase' is a pointer; did you mean to use '->'?
  319 |     Timebase.UpdateRate = UpdateRateHz;
      |             ^
      |             ->
../Core/Src/timebase.c: In function 'Timebase_Timer_Disable':
../Core/Src/timebase.c:324:25: error: 'TIM1_TRG_COM_TIM11_IRQn' undeclared (first use in this function); did you mean 'TIM1_TRG_COM_TIM17_IRQn'?
  324 |     HAL_NVIC_DisableIRQ(TIM1_TRG_COM_TIM11_IRQn);
      |                         ^~~~~~~~~~~~~~~~~~~~~~~
      |                         TIM1_TRG_COM_TIM17_IRQn
../Core/Src/timebase.c:325:5: warning: implicit declaration of function '__HAL_RCC_TIM11_CLK_DISABLE' [-Wimplicit-function-declaration]
  325 |     __HAL_RCC_TIM11_CLK_DISABLE();
      |     ^~~~~~~~~~~~~~~~~~~~~~~~~~~
make: *** [Core/Src/subdir.mk:40: Core/Src/timebase.o] Error 1
"make -j20 all" terminated with exit code 2. Build might be incomplete.
15:46:58 **** Incremental Build of configuration Debug for project ESC_Project_Firmware ****
make -j20 all 
arm-none-eabi-gcc "../Core/Src/app.c" -mcpu=cortex-m4 -std=gnu11 -g3 -DDEBUG -DUSE_HAL_DRIVER -DSTM32G431xx -c -I../Core/Inc -I../Drivers/STM32G4xx_HAL_Driver/Inc -I../Drivers/STM32G4xx_HAL_Driver/Inc/Legacy -I../Drivers/CMSIS/Device/ST/STM32G4xx/Include -I../Drivers/CMSIS/Include -O0 -ffunction-sections -fdata-sections -Wall -fstack-usage -fcyclomatic-complexity -MMD -MP -MF"Core/Src/app.d" -MT"Core/Src/app.o" --specs=nano.specs -mfpu=fpv4-sp-d16 -mfloat-abi=hard -mthumb -o "Core/Src/app.o"
arm-none-eabi-gcc "../Core/Src/main.c" -mcpu=cortex-m4 -std=gnu11 -g3 -DDEBUG -DUSE_HAL_DRIVER -DSTM32G431xx -c -I../Core/Inc -I../Drivers/STM32G4xx_HAL_Driver/Inc -I../Drivers/STM32G4xx_HAL_Driver/Inc/Legacy -I../Drivers/CMSIS/Device/ST/STM32G4xx/Include -I../Drivers/CMSIS/Include -O0 -ffunction-sections -fdata-sections -Wall -fstack-usage -fcyclomatic-complexity -MMD -MP -MF"Core/Src/main.d" -MT"Core/Src/main.o" --specs=nano.specs -mfpu=fpv4-sp-d16 -mfloat-abi=hard -mthumb -o "Core/Src/main.o"
arm-none-eabi-gcc "../Core/Src/stm32g4xx_hal_msp.c" -mcpu=cortex-m4 -std=gnu11 -g3 -DDEBUG -DUSE_HAL_DRIVER -DSTM32G431xx -c -I../Core/Inc -I../Drivers/STM32G4xx_HAL_Driver/Inc -I../Drivers/STM32G4xx_HAL_Driver/Inc/Legacy -I../Drivers/CMSIS/Device/ST/STM32G4xx/Include -I../Drivers/CMSIS/Include -O0 -ffunction-sections -fdata-sections -Wall -fstack-usage -fcyclomatic-complexity -MMD -MP -MF"Core/Src/stm32g4xx_hal_msp.d" -MT"Core/Src/stm32g4xx_hal_msp.o" --specs=nano.specs -mfpu=fpv4-sp-d16 -mfloat-abi=hard -mthumb -o "Core/Src/stm32g4xx_hal_msp.o"
arm-none-eabi-gcc "../Core/Src/stm32g4xx_it.c" -mcpu=cortex-m4 -std=gnu11 -g3 -DDEBUG -DUSE_HAL_DRIVER -DSTM32G431xx -c -I../Core/Inc -I../Drivers/STM32G4xx_HAL_Driver/Inc -I../Drivers/STM32G4xx_HAL_Driver/Inc/Legacy -I../Drivers/CMSIS/Device/ST/STM32G4xx/Include -I../Drivers/CMSIS/Include -O0 -ffunction-sections -fdata-sections -Wall -fstack-usage -fcyclomatic-complexity -MMD -MP -MF"Core/Src/stm32g4xx_it.d" -MT"Core/Src/stm32g4xx_it.o" --specs=nano.specs -mfpu=fpv4-sp-d16 -mfloat-abi=hard -mthumb -o "Core/Src/stm32g4xx_it.o"
arm-none-eabi-gcc "../Core/Src/timebase.c" -mcpu=cortex-m4 -std=gnu11 -g3 -DDEBUG -DUSE_HAL_DRIVER -DSTM32G431xx -c -I../Core/Inc -I../Drivers/STM32G4xx_HAL_Driver/Inc -I../Drivers/STM32G4xx_HAL_Driver/Inc/Legacy -I../Drivers/CMSIS/Device/ST/STM32G4xx/Include -I../Drivers/CMSIS/Include -O0 -ffunction-sections -fdata-sections -Wall -fstack-usage -fcyclomatic-complexity -MMD -MP -MF"Core/Src/timebase.d" -MT"Core/Src/timebase.o" --specs=nano.specs -mfpu=fpv4-sp-d16 -mfloat-abi=hard -mthumb -o "Core/Src/timebase.o"
../Core/Src/app.c: In function 'App_Setup':
../Core/Src/app.c:25:5: warning: implicit declaration of function 'Timebase_DownCounter_SS_Set_Securely' [-Wimplicit-function-declaration]
   25 |     Timebase_DownCounter_SS_Set_Securely(1,500);
      |     ^~~~~~~~~~~~~~~~~~~~~~~~~~~~~~~~~~~~
../Core/Src/app.c: In function 'App_Main_Loop':
../Core/Src/app.c:30:12: warning: implicit declaration of function 'Timebase_DownCounter_SS_Continuous_Expired_Event' [-Wimplicit-function-declaration]
   30 |         if(Timebase_DownCounter_SS_Continuous_Expired_Event(1)){
      |            ^~~~~~~~~~~~~~~~~~~~~~~~~~~~~~~~~~~~~~~~~~~~~~~~
../Core/Src/timebase.c: In function 'Timebase_Timer_Enable':
../Core/Src/timebase.c:322:13: error: 'Timebase' is a pointer; did you mean to use '->'?
  322 |     Timebase.UpdateRate = UpdateRateHz;  // user-defined struct
      |             ^
      |             ->
make: *** [Core/Src/subdir.mk:40: Core/Src/timebase.o] Error 1
make: *** Waiting for unfinished jobs....
../Core/Src/app.c:42:5: warning: implicit declaration of function 'Timebase_Main_Loop_Executables' [-Wimplicit-function-declaration]
   42 |     Timebase_Main_Loop_Executables();
      |     ^~~~~~~~~~~~~~~~~~~~~~~~~~~~~~
"make -j20 all" terminated with exit code 2. Build might be incomplete.
15:47:43 **** Incremental Build of configuration Debug for project ESC_Project_Firmware ****
make -j20 all 
arm-none-eabi-gcc "../Core/Src/timebase.c" -mcpu=cortex-m4 -std=gnu11 -g3 -DDEBUG -DUSE_HAL_DRIVER -DSTM32G431xx -c -I../Core/Inc -I../Drivers/STM32G4xx_HAL_Driver/Inc -I../Drivers/STM32G4xx_HAL_Driver/Inc/Legacy -I../Drivers/CMSIS/Device/ST/STM32G4xx/Include -I../Drivers/CMSIS/Include -O0 -ffunction-sections -fdata-sections -Wall -fstack-usage -fcyclomatic-complexity -MMD -MP -MF"Core/Src/timebase.d" -MT"Core/Src/timebase.o" --specs=nano.specs -mfpu=fpv4-sp-d16 -mfloat-abi=hard -mthumb -o "Core/Src/timebase.o"
../Core/Src/timebase.c: In function 'Timebase_Timer_Enable':
../Core/Src/timebase.c:322:15: error: 'timebase_t' has no member named 'UpdateRate'; did you mean 'UpdateRequest'?
  322 |     Timebase->UpdateRate = UpdateRateHz;  // user-defined struct
      |               ^~~~~~~~~~
      |               UpdateRequest
make: *** [Core/Src/subdir.mk:40: Core/Src/timebase.o] Error 1
"make -j20 all" terminated with exit code 2. Build might be incomplete.
15:48:26 **** Incremental Build of configuration Debug for project ESC_Project_Firmware ****
make -j20 all 
arm-none-eabi-gcc "../Core/Src/timebase.c" -mcpu=cortex-m4 -std=gnu11 -g3 -DDEBUG -DUSE_HAL_DRIVER -DSTM32G431xx -c -I../Core/Inc -I../Drivers/STM32G4xx_HAL_Driver/Inc -I../Drivers/STM32G4xx_HAL_Driver/Inc/Legacy -I../Drivers/CMSIS/Device/ST/STM32G4xx/Include -I../Drivers/CMSIS/Include -O0 -ffunction-sections -fdata-sections -Wall -fstack-usage -fcyclomatic-complexity -MMD -MP -MF"Core/Src/timebase.d" -MT"Core/Src/timebase.o" --specs=nano.specs -mfpu=fpv4-sp-d16 -mfloat-abi=hard -mthumb -o "Core/Src/timebase.o"
arm-none-eabi-gcc -o "ESC_Project_Firmware.elf" @"objects.list"   -mcpu=cortex-m4 -T"E:\Personal Projects\ESC_V1.0\ESC_Project_Firmware\ESC_Project_Firmware\STM32G431CBTX_FLASH.ld" --specs=nosys.specs -Wl,-Map="ESC_Project_Firmware.map" -Wl,--gc-sections -static --specs=nano.specs -mfpu=fpv4-sp-d16 -mfloat-abi=hard -mthumb -Wl,--start-group -lc -lm -Wl,--end-group
Finished building target: ESC_Project_Firmware.elf
 
arm-none-eabi-size  ESC_Project_Firmware.elf 
arm-none-eabi-objdump -h -S ESC_Project_Firmware.elf  > "ESC_Project_Firmware.list"
   text	   data	    bss	    dec	    hex	filename
  31988	     12	   2580	  34580	   8714	ESC_Project_Firmware.elf
Finished building: default.size.stdout
 
Finished building: ESC_Project_Firmware.list
 
15:50:17 **** Incremental Build of configuration Debug for project ESC_Project_Firmware ****
make -j20 all 
arm-none-eabi-size  ESC_Project_Firmware.elf 
   text	   data	    bss	    dec	    hex	filename
  31988	     12	   2580	  34580	   8714	ESC_Project_Firmware.elf
Finished building: default.size.stdout
 
15:50:21 **** Incremental Build of configuration Debug for project ESC_Project_Firmware ****
make -j20 all 
arm-none-eabi-size  ESC_Project_Firmware.elf 
   text	   data	    bss	    dec	    hex	filename
  31988	     12	   2580	  34580	   8714	ESC_Project_Firmware.elf
Finished building: default.size.stdout
 
15:53:08 **** Incremental Build of configuration Debug for project ESC_Project_Firmware ****
make -j20 all 
arm-none-eabi-gcc "../Core/Src/app.c" -mcpu=cortex-m4 -std=gnu11 -g3 -DDEBUG -DUSE_HAL_DRIVER -DSTM32G431xx -c -I../Core/Inc -I../Drivers/STM32G4xx_HAL_Driver/Inc -I../Drivers/STM32G4xx_HAL_Driver/Inc/Legacy -I../Drivers/CMSIS/Device/ST/STM32G4xx/Include -I../Drivers/CMSIS/Include -O0 -ffunction-sections -fdata-sections -Wall -fstack-usage -fcyclomatic-complexity -MMD -MP -MF"Core/Src/app.d" -MT"Core/Src/app.o" --specs=nano.specs -mfpu=fpv4-sp-d16 -mfloat-abi=hard -mthumb -o "Core/Src/app.o"
../Core/Src/app.c: In function 'App_Setup':
../Core/Src/app.c:9:9: warning: implicit declaration of function 'Timebase_Init' [-Wimplicit-function-declaration]
    9 |         Timebase_Init(1000);
      |         ^~~~~~~~~~~~~
../Core/Src/app.c:26:5: warning: implicit declaration of function 'Timebase_DownCounter_SS_Set_Securely' [-Wimplicit-function-declaration]
   26 |     Timebase_DownCounter_SS_Set_Securely(1,500);
      |     ^~~~~~~~~~~~~~~~~~~~~~~~~~~~~~~~~~~~
../Core/Src/app.c: In function 'App_Main_Loop':
../Core/Src/app.c:31:12: warning: implicit declaration of function 'Timebase_DownCounter_SS_Continuous_Expired_Event' [-Wimplicit-function-declaration]
   31 |         if(Timebase_DownCounter_SS_Continuous_Expired_Event(1)){
      |            ^~~~~~~~~~~~~~~~~~~~~~~~~~~~~~~~~~~~~~~~~~~~~~~~
../Core/Src/app.c:43:5: warning: implicit declaration of function 'Timebase_Main_Loop_Executables' [-Wimplicit-function-declaration]
   43 |     Timebase_Main_Loop_Executables();
      |     ^~~~~~~~~~~~~~~~~~~~~~~~~~~~~~
arm-none-eabi-gcc -o "ESC_Project_Firmware.elf" @"objects.list"   -mcpu=cortex-m4 -T"E:\Personal Projects\ESC_V1.0\ESC_Project_Firmware\ESC_Project_Firmware\STM32G431CBTX_FLASH.ld" --specs=nosys.specs -Wl,-Map="ESC_Project_Firmware.map" -Wl,--gc-sections -static --specs=nano.specs -mfpu=fpv4-sp-d16 -mfloat-abi=hard -mthumb -Wl,--start-group -lc -lm -Wl,--end-group
Finished building target: ESC_Project_Firmware.elf
 
arm-none-eabi-size  ESC_Project_Firmware.elf 
arm-none-eabi-objdump -h -S ESC_Project_Firmware.elf  > "ESC_Project_Firmware.list"
   text	   data	    bss	    dec	    hex	filename
  32944	     12	   3372	  36328	   8de8	ESC_Project_Firmware.elf
Finished building: default.size.stdout
 
Finished building: ESC_Project_Firmware.list
 
15:54:15 **** Incremental Build of configuration Debug for project ESC_Project_Firmware ****
make -j20 all 
arm-none-eabi-gcc "../Core/Src/app.c" -mcpu=cortex-m4 -std=gnu11 -g3 -DDEBUG -DUSE_HAL_DRIVER -DSTM32G431xx -c -I../Core/Inc -I../Drivers/STM32G4xx_HAL_Driver/Inc -I../Drivers/STM32G4xx_HAL_Driver/Inc/Legacy -I../Drivers/CMSIS/Device/ST/STM32G4xx/Include -I../Drivers/CMSIS/Include -O0 -ffunction-sections -fdata-sections -Wall -fstack-usage -fcyclomatic-complexity -MMD -MP -MF"Core/Src/app.d" -MT"Core/Src/app.o" --specs=nano.specs -mfpu=fpv4-sp-d16 -mfloat-abi=hard -mthumb -o "Core/Src/app.o"
arm-none-eabi-gcc -o "ESC_Project_Firmware.elf" @"objects.list"   -mcpu=cortex-m4 -T"E:\Personal Projects\ESC_V1.0\ESC_Project_Firmware\ESC_Project_Firmware\STM32G431CBTX_FLASH.ld" --specs=nosys.specs -Wl,-Map="ESC_Project_Firmware.map" -Wl,--gc-sections -static --specs=nano.specs -mfpu=fpv4-sp-d16 -mfloat-abi=hard -mthumb -Wl,--start-group -lc -lm -Wl,--end-group
Finished building target: ESC_Project_Firmware.elf
 
arm-none-eabi-size  ESC_Project_Firmware.elf 
arm-none-eabi-objdump -h -S ESC_Project_Firmware.elf  > "ESC_Project_Firmware.list"
   text	   data	    bss	    dec	    hex	filename
  32944	     12	   3372	  36328	   8de8	ESC_Project_Firmware.elf
Finished building: default.size.stdout
 
Finished building: ESC_Project_Firmware.list
 
15:54:24 **** Incremental Build of configuration Debug for project ESC_Project_Firmware ****
make -j20 all 
arm-none-eabi-size  ESC_Project_Firmware.elf 
   text	   data	    bss	    dec	    hex	filename
  32944	     12	   3372	  36328	   8de8	ESC_Project_Firmware.elf
Finished building: default.size.stdout
 
